To honour the JVM settings for this build a single-use Daemon process will be forked. For more on this, please refer to https://docs.gradle.org/8.8/userguide/gradle_daemon.html#sec:disabling_the_daemon in the Gradle documentation.
Daemon will be stopped at the end of the build 
> Task :compileKotlin UP-TO-DATE
> Task :compileJava NO-SOURCE
> Task :processResources NO-SOURCE
> Task :classes UP-TO-DATE

> Task :runBench5MTurbo
WARNING: Using incubator modules: jdk.incubator.vector
=== TurboPikoGPT (turbo 백엔드) 훈련 시작 ===
설정: TrainConfig(dataPath=data/ccmc-v2-pro/stage2, modelDir=model/bench5m-turbo, evalIntervalRatio=0.2, logInterval=50, evalIters=25, evalOnly=false, alwaysSaveCheckpoint=false, initFrom=scratch, modelCheckpointDir=null, pretrainCheckpointDir=null, replayDataPath=null, replayRatio=0.0, replayDataPath2=null, replayRatio2=0.0, earlyStopPatience=0, samplePrompts=null, recordAwareSampling=false, chunkAnchoredSampling=false, dataset=default, gradientAccumulationSteps=16, batchSize=2, blockSize=32, embeddingDimension=192, numberOfLayers=12, numberOfHeads=6, bias=true, dropout=0.0, learningRate=3.0E-4, maxIters=500, weightDecay=0.01, beta1=0.9, beta2=0.95, gradClip=1.0, labelSmoothing=0.0, tieWeights=true, mlpActivation=swiglu, positionEncoding=rope, decayLr=true, warmupRatio=0.05, learningRateDecayRatio=0.95, minimumLearningRate=3.0E-5)
베이스라인 손실: 7.6009 (vocab=2000)
모델 파라미터 텐서 수: 219, 총 스칼라 원소: 5725824
데이터 병렬 학습 활성 — worker 수 11 (CPU 12, seq/iter 32)
데이터 로드 완료: 241844 토큰
데이터 로드 완료: 26831 토큰
스텝 0: 훈련 7.63 (0.0%) | 검증 7.65 (0.0%) | 평균 7.640809245109558 | grad-norm 0.000
반복 0: 손실 7.64 (0.0%), elapsed 2s.
반복 50: 손실 6.08 (20.1%), elapsed 20s.
스텝 100: 훈련 4.93 (35.2%) | 검증 5.03 (33.8%) | 평균 4.980474684238434 | grad-norm 2.202
체크포인트 저장 완료 (best): /Users/joey51/works/pikogpt/model/bench5m-turbo/stage2/turbo/5725824/v0001/checkpoint.json
# 모델 로드 완료 (iter=100, val loss=4.980474684238434)
--- 샘플 (5 prompt × 1 sample, greedy T=0) ---
# 프롬프트 '<|bos|>\n# Apple\n' → 토큰 11개
[<|bos|>\n# Apple\n] n Applen, a be s?  You A Where do What Yes, the d a do
# 프롬프트 '<|bos|>\n# Cat\n' → 토큰 10개
[<|bos|>\n# Cat\n] n Catn and big?  Which when do you you Is make a the does at?  Where have Which is a a my do a A No, see see a not the you see is 
  Does Yes, a Yes, Yes, an.  is 
  You a find a you I Is
# 프롬프트 '<|bos|>\n# Run\n' → 토큰 10개
[<|bos|>\n# Run\n] n Runn? a 
  Yes, in the Can make is What do A people be the a d or a m have a do a you find the No, a not  you How cans a I is the a the big you   can Can a Why 
  is?  We can the you can go a What a be? 
 .  What, does in a
# 프롬프트 '<|bos|>\n# Big\n' → 토큰 10개
[<|bos|>\n# Big\n] n Bign is the Yes, a dogy?  Which can you can a d with you does and in a Yes, the a d  Can is the do is a Can a d is go to the Who?
# 프롬프트 '<|bos|>\n# Tree\n' → 토큰 10개
[<|bos|>\n# Tree\n] n Treen a my an to a star  What on Yes,? do you find a Whiching in the I you a does.  is the What is a 
  and is your Yes, a I 
  Can  Whats with How 
  is Yes, an be  A Where?
--- 샘플 끝 ---
반복 100: 손실 5.08 (33.2%), elapsed 54s.
반복 150: 손실 4.65 (38.8%), elapsed 72s.
스텝 200: 훈련 4.33 (43.1%) | 검증 4.43 (41.7%) | 평균 4.378784868717194 | grad-norm 1.197
체크포인트 저장 완료 (best): /Users/joey51/works/pikogpt/model/bench5m-turbo/stage2/turbo/5725824/v0002/checkpoint.json
# 모델 로드 완료 (iter=200, val loss=4.378784868717194)
--- 샘플 (5 prompt × 1 sample, greedy T=0) ---
# 프롬프트 '<|bos|>\n# Apple\n' → 토큰 11개
[<|bos|>\n# Apple\n] n Applen.  Can a very get a longic?  You you do you in a small the ball and a s or to a h.  What do we can an the cat a doctorynes with a not to your the M on the tal of not mer.  How is the prating itm at 
  Whoiyerr the ring
# 프롬프트 '<|bos|>\n# Cat\n' → 토큰 10개
[<|bos|>\n# Cat\n] n Catn to beao?  Yes, the r like your Me in my st than it?  A ty can you?  No, we not it is a dog in my ling.
# 프롬프트 '<|bos|>\n# Run\n' → 토큰 10개
[<|bos|>\n# Run\n] n Runn?  I I see the 
  Why do you does a car at the the ping.
# 프롬프트 '<|bos|>\n# Big\n' → 토큰 10개
[<|bos|>\n# Big\n] n Bign is the small?  A your small or in a Mans.  Where a my f can you a l.  Is a Mn of a d in at f in  What can a big your babyc in the f sy?
# 프롬프트 '<|bos|>\n# Tree\n' → 토큰 10개
[<|bos|>\n# Tree\n] n Treenniy.  Which the big on the ball?  People you use the toying the big the long.  What is the 
  Where can you eat an a p of?
--- 샘플 끝 ---
반복 200: 손실 4.43 (41.7%), elapsed 106s.
반복 250: 손실 4.26 (43.9%), elapsed 125s.
스텝 300: 훈련 4.27 (43.8%) | 검증 4.07 (46.4%) | 평균 4.172866313457489 | grad-norm 1.199
체크포인트 저장 완료 (best): /Users/joey51/works/pikogpt/model/bench5m-turbo/stage2/turbo/5725824/v0003/checkpoint.json
# 모델 로드 완료 (iter=300, val loss=4.172866313457489)
--- 샘플 (5 prompt × 1 sample, greedy T=0) ---
# 프롬프트 '<|bos|>\n# Apple\n' → 토큰 11개
[<|bos|>\n# Apple\n] n Applen?  My pon feels the dog of a big pric.
# 프롬프트 '<|bos|>\n# Cat\n' → 토큰 10개
[<|bos|>\n# Cat\n] n Catnes my the st?  Yes, The big pred is a very dad.  Why is biggs and a laln?  No, an in the small with Sit of the morning.
# 프롬프트 '<|bos|>\n# Run\n' → 토큰 10개
[<|bos|>\n# Run\n] n Runna has the a men on the longy?  Yes, I see an in a pumubes.
# 프롬프트 '<|bos|>\n# Big\n' → 토큰 10개
[<|bos|>\n# Big\n] n Bignin is on a long and bile.  Is the the falin of d?  Yes, in a da or the small on the malecer from the Ma or a toy.  Why do you see a posa?  I wear a small to the doctor of big in the chay of gicer.  Why is
# 프롬프트 '<|bos|>\n# Tree\n' → 토큰 10개
[<|bos|>\n# Tree\n] n Treennm with in a baby.  When does a person have many bes?  Yes, a carer are so with a smallale.  How do we use a dut?  A wesy with bigg of not get or small?  Why is the m to make a big subay is and a toy.  Is in a st
--- 샘플 끝 ---
반복 300: 손실 4.15 (45.4%), elapsed 158s.
반복 350: 손실 4.02 (47.1%), elapsed 177s.
