To honour the JVM settings for this build a single-use Daemon process will be forked. For more on this, please refer to https://docs.gradle.org/8.8/userguide/gradle_daemon.html#sec:disabling_the_daemon in the Gradle documentation.
Daemon will be stopped at the end of the build 
> Task :compileKotlin UP-TO-DATE
> Task :compileJava NO-SOURCE
> Task :processResources NO-SOURCE
> Task :classes UP-TO-DATE

> Task :runBench5MTurbo
WARNING: Using incubator modules: jdk.incubator.vector
=== TurboPikoGPT (turbo 백엔드) 훈련 시작 ===
설정: TrainConfig(dataPath=data/ccmc-v2-pro/stage2, modelDir=model/bench5m-turbo, evalIntervalRatio=0.2, logInterval=50, evalIters=25, evalOnly=false, alwaysSaveCheckpoint=false, initFrom=scratch, modelCheckpointDir=null, pretrainCheckpointDir=null, replayDataPath=null, replayRatio=0.0, replayDataPath2=null, replayRatio2=0.0, earlyStopPatience=0, samplePrompts=null, recordAwareSampling=false, chunkAnchoredSampling=false, dataset=default, gradientAccumulationSteps=16, batchSize=2, blockSize=32, embeddingDimension=192, numberOfLayers=12, numberOfHeads=6, bias=true, dropout=0.0, learningRate=3.0E-4, maxIters=500, weightDecay=0.01, beta1=0.9, beta2=0.95, gradClip=1.0, labelSmoothing=0.0, tieWeights=true, mlpActivation=swiglu, positionEncoding=rope, decayLr=true, warmupRatio=0.05, learningRateDecayRatio=0.95, minimumLearningRate=3.0E-5)
베이스라인 손실: 7.6009 (vocab=2000)
모델 파라미터 텐서 수: 219, 총 스칼라 원소: 5725824
데이터 병렬 학습 활성 — worker 수 11 (CPU 12, seq/iter 32)
데이터 로드 완료: 241844 토큰
데이터 로드 완료: 26831 토큰
스텝 0: 훈련 7.64 (0.0%) | 검증 7.64 (0.0%) | 평균 7.640994062423706 | grad-norm 0.000
반복 0: 손실 7.62 (0.0%), elapsed 2s.
반복 50: 손실 6.08 (20.0%), elapsed 21s.
스텝 100: 훈련 4.90 (35.6%) | 검증 4.97 (34.6%) | 평균 4.935546090602875 | grad-norm 1.454
체크포인트 저장 완료 (best): /Users/joey51/works/pikogpt/model/bench5m-turbo/stage2/turbo/5725824/v0001/checkpoint.json
# 모델 로드 완료 (iter=100, val loss=4.935546090602875)
--- 샘플 (5 prompt × 1 sample, greedy T=0) ---
# 프롬프트 '<|bos|>\n# Apple\n' → 토큰 11개
[<|bos|>\n# Apple\n] n Applen, a o a a be or a at of a o have is a a the a a on a an m. Who with a theym have?  is a can the 
 . does you the in an a on the see a is you you?  When a see does see you?  can you can an a see an my be, a the a the p you
# 프롬프트 '<|bos|>\n# Cat\n' → 토큰 10개
[<|bos|>\n# Cat\n] n Catn to to a the ay? 
   What or your and a you an?  When see. Where the ay a big a.  Why see see m to d the big and be a does your the.  Yes, have?  A it has a see the the o A am? Can is on a big or the a a the p a have a f
# 프롬프트 '<|bos|>\n# Run\n' → 토큰 10개
[<|bos|>\n# Run\n] n Runn? to the?  Yes, the do You you like can to my like the a a your the a plays the f the mom the? What the in  A m does can a s a d toy a in 
  Can have have a or bes.  Where is not a the to an the in the d? What on a do you to a your of a
# 프롬프트 '<|bos|>\n# Big\n' → 토큰 10개
[<|bos|>\n# Big\n] n Bign is the to a it m?  Which are is p?  Yes, see you you a can on a a? or to A f d a not a a in see you tom or a be a my 
  Is and in m a a yours? Yes, do  Where.  I your you can a to a the the can on to big a use when
# 프롬프트 '<|bos|>\n# Tree\n' → 토큰 10개
[<|bos|>\n# Tree\n] n Treen a a have in a does.  Yes, see a your do Can the play you can you a to a can a a be a l and d a d with is see any a 
  What?  What a big live can can or it at, a a likeis?  
  A a do I fy you a the see d you a m
--- 샘플 끝 ---
반복 100: 손실 5.09 (33.1%), elapsed 57s.
반복 150: 손실 4.61 (39.3%), elapsed 76s.
스텝 200: 훈련 4.29 (43.6%) | 검증 4.53 (40.4%) | 평균 4.40850712299347 | grad-norm 1.583
체크포인트 저장 완료 (best): /Users/joey51/works/pikogpt/model/bench5m-turbo/stage2/turbo/5725824/v0002/checkpoint.json
# 모델 로드 완료 (iter=200, val loss=4.40850712299347)
--- 샘플 (5 prompt × 1 sample, greedy T=0) ---
# 프롬프트 '<|bos|>\n# Apple\n' → 토큰 11개
[<|bos|>\n# Apple\n] n Applen, a be a pen or a friend and a it or a f?  A an s of the s?  A can?  A not go is in a long in does the r to make?  Why is the play in a eat in 
  Who color at the the see or the sun of a coldales you
# 프롬프트 '<|bos|>\n# Cat\n' → 토큰 10개
[<|bos|>\n# Cat\n] n Catn to it is a ss?  Yes, to eat people can I see an?  Who is many he
# 프롬프트 '<|bos|>\n# Run\n' → 토큰 10개
[<|bos|>\n# Run\n] n Runn?  I do you we can see play in I does a book like and a ling.
# 프롬프트 '<|bos|>\n# Big\n' → 토큰 10개
[<|bos|>\n# Big\n] n Bign is the smalls can be?  Which can be to a c of in not big,es a friendy.
# 프롬프트 '<|bos|>\n# Tree\n' → 토큰 10개
[<|bos|>\n# Tree\n] n Treens the ball to the same, on the very cold.  Which is your caty in a an?  A go a bigat in a bigal to make ancos.  What do you can the schools?  No, you does a ns anit?  A it
--- 샘플 끝 ---
반복 200: 손실 4.40 (42.1%), elapsed 112s.
반복 250: 손실 4.23 (44.4%), elapsed 131s.
스텝 300: 훈련 4.09 (46.2%) | 검증 4.17 (45.1%) | 평균 4.131145350933075 | grad-norm 1.252
체크포인트 저장 완료 (best): /Users/joey51/works/pikogpt/model/bench5m-turbo/stage2/turbo/5725824/v0003/checkpoint.json
# 모델 로드 완료 (iter=300, val loss=4.131145350933075)
--- 샘플 (5 prompt × 1 sample, greedy T=0) ---
# 프롬프트 '<|bos|>\n# Apple\n' → 토큰 11개
[<|bos|>\n# Apple\n] n Applen?  You can make very fal in a big person and mry.  Yes, you can you a new an mye the same.  Can you see my we need fy in Soity have?  Yes, a toy can eat a dog make it can you be longal of your my.  Who is symt a book
# 프롬프트 '<|bos|>\n# Cat\n' → 토큰 10개
[<|bos|>\n# Cat\n] n Catn is on a hes?  Yes, I use people has a book for?  No, a person can be a lal a a py?  We see a st of folration or a tow or small.
# 프롬프트 '<|bos|>\n# Run\n' → 토큰 10개
[<|bos|>\n# Run\n] n Runna do you?  Yes, the cat makes my dog are you when we see?  My the sames in a ration in a pranar,?  Which is a ds on the the lar of a cat or your ck.  What do like on on the 
  Who can it in the my?  Yes, the Siamar is
# 프롬프트 '<|bos|>\n# Big\n' → 토큰 10개
[<|bos|>\n# Big\n] n Bignin is on the colds?  People make to see a fe.  When is the denes?
# 프롬프트 '<|bos|>\n# Tree\n' → 토큰 10개
[<|bos|>\n# Tree\n] n Treens and eats.  What do you go ancentats?  Yes, I see a not fen.  Can the book can be in I have your story?  I eat a diino at more for like or an things, and cent.
--- 샘플 끝 ---
반복 300: 손실 4.13 (45.7%), elapsed 167s.
반복 350: 손실 4.02 (47.1%), elapsed 186s.
스텝 400: 훈련 3.93 (48.2%) | 검증 4.08 (46.3%) | 평균 4.007885301113129 | grad-norm 1.402
체크포인트 저장 완료 (best): /Users/joey51/works/pikogpt/model/bench5m-turbo/stage2/turbo/5725824/v0004/checkpoint.json
# 모델 로드 완료 (iter=400, val loss=4.007885301113129)
--- 샘플 (5 prompt × 1 sample, greedy T=0) ---
# 프롬프트 '<|bos|>\n# Apple\n' → 토큰 11개
[<|bos|>\n# Apple\n] n Applen?  Hoaries is not not a big ball and the hutbbe.  Where you do people when A reoy?  It do at the Bitation with a small long?  No, a big an becen to eat and make many person on a big timeals.
# 프롬프트 '<|bos|>\n# Cat\n' → 토큰 10개
[<|bos|>\n# Cat\n] n Catn is you?  They learn in the toy or cold and a friendy.
# 프롬프트 '<|bos|>\n# Run\n' → 토큰 10개
[<|bos|>\n# Run\n] n Runnb of caging in the coldy?  Yes, nenicer is a prite or a bees and hot?  A we is a dits?  The par is a lat of a cat or your fation can have a big longs.
# 프롬프트 '<|bos|>\n# Big\n' → 토큰 10개
[<|bos|>\n# Big\n] n Bigner and not you have a cids.  Is the the galer eat?  A book is a da because it to an you do we are to put your cat?  A friend is my cat or a very it is the morning.
# 프롬프트 '<|bos|>\n# Tree\n' → 토큰 10개
[<|bos|>\n# Tree\n] n Treens and long for a snas.  Why is your cats?  Yes, you can be my com?  A big are my liting on you find a dad, at a dion.  How does an have not?  No, a hler feel a big?  Yes, a big cow is the ground.  What do
--- 샘플 끝 ---
반복 400: 손실 4.03 (46.9%), elapsed 221s.
반복 450: 손실 3.95 (48.0%), elapsed 241s.
스텝 500: 훈련 3.97 (47.8%) | 검증 4.06 (46.6%) | 평균 4.0157622361183165 | grad-norm 1.571
반복 500: 손실 3.91 (48.5%), elapsed 261s.

훈련 완료!

Deprecated Gradle features were used in this build, making it incompatible with Gradle 9.0.

You can use '--warning-mode all' to show the individual deprecation warnings and determine if they come from your own scripts or plugins.

For more on this, please refer to https://docs.gradle.org/8.8/userguide/command_line_interface.html#sec:command_line_warnings in the Gradle documentation.

BUILD SUCCESSFUL in 4m 26s
2 actionable tasks: 1 executed, 1 up-to-date
