To honour the JVM settings for this build a single-use Daemon process will be forked. For more on this, please refer to https://docs.gradle.org/8.8/userguide/gradle_daemon.html#sec:disabling_the_daemon in the Gradle documentation.
Daemon will be stopped at the end of the build 
> Task :compileKotlin UP-TO-DATE
> Task :compileJava NO-SOURCE
> Task :processResources NO-SOURCE
> Task :classes UP-TO-DATE

> Task :runBench5MTurbo
WARNING: Using incubator modules: jdk.incubator.vector
=== TurboPikoGPT (turbo 백엔드) 훈련 시작 ===
설정: TrainConfig(dataPath=data/ccmc-v2-pro/stage2, modelDir=model/bench5m-turbo, evalIntervalRatio=0.2, logInterval=50, evalIters=25, evalOnly=false, alwaysSaveCheckpoint=false, initFrom=scratch, modelCheckpointDir=null, pretrainCheckpointDir=null, replayDataPath=null, replayRatio=0.0, replayDataPath2=null, replayRatio2=0.0, earlyStopPatience=0, samplePrompts=null, recordAwareSampling=false, chunkAnchoredSampling=false, dataset=default, gradientAccumulationSteps=16, batchSize=2, blockSize=32, embeddingDimension=192, numberOfLayers=12, numberOfHeads=6, bias=true, dropout=0.0, learningRate=3.0E-4, maxIters=500, weightDecay=0.01, beta1=0.9, beta2=0.95, gradClip=1.0, labelSmoothing=0.0, tieWeights=true, mlpActivation=swiglu, positionEncoding=rope, decayLr=true, warmupRatio=0.05, learningRateDecayRatio=0.95, minimumLearningRate=3.0E-5)
베이스라인 손실: 7.6009 (vocab=2000)
모델 파라미터 텐서 수: 219, 총 스칼라 원소: 5725824
데이터 병렬 학습 활성 — worker 수 11 (CPU 12, seq/iter 32)
데이터 로드 완료: 241844 토큰
데이터 로드 완료: 26831 토큰
스텝 0: 훈련 7.65 (0.0%) | 검증 7.63 (0.0%) | 평균 7.639747047424317 | grad-norm 0.000
반복 0: 손실 7.61 (0.0%), elapsed 2s.
반복 50: 손실 6.13 (19.3%), elapsed 20s.
스텝 100: 훈련 4.89 (35.7%) | 검증 4.94 (35.0%) | 평균 4.914311361312866 | grad-norm 1.012
체크포인트 저장 완료 (best): /Users/joey51/works/pikogpt/model/bench5m-turbo/stage2/turbo/5725824/v0001/checkpoint.json
# 모델 로드 완료 (iter=100, val loss=4.914311361312866)
--- 샘플 (5 prompt × 1 sample, greedy T=0) ---
# 프롬프트 '<|bos|>\n# Apple\n' → 토큰 11개
[<|bos|>\n# Apple\n] n Applen  What is a can does a big to a the does I a a s?  A an m.  do you a the a a pr?  the the be a not and than my a and have a you to your a d in you  Can see a very does have ins the your to with big? to see in see  What a the m in
# 프롬프트 '<|bos|>\n# Cat\n' → 토큰 10개
[<|bos|>\n# Cat\n] n Catn and and?  Which or is the a very your m? ?  No, see, people the am?s a?  How does or the in to the not is not a than make thes on or sees and the a see see a your the the the.  A?  does a not have the a a the ms see a m
# 프롬프트 '<|bos|>\n# Run\n' → 토큰 10개
[<|bos|>\n# Run\n] n Runn. to is.  Yes, a do your in see can you can or the a a make a a does a the the the than thet your the in I a ms?erty a per?  Iss it see your a toy you not?  You You and the in see the in the is a say to a you you you a pr in a
# 프롬프트 '<|bos|>\n# Big\n' → 토큰 10개
[<|bos|>\n# Big\n] n Bign is the and a can in a with on people doers A be and an to  The in in?
# 프롬프트 '<|bos|>\n# Tree\n' → 토큰 10개
[<|bos|>\n# Tree\n] n Treen?  Yes, a people  You do ans What do people a make you can you a is a with?  A m to to a is can you Can You?  Can a a a d a not does we you Can see not, a a see a s?  You A a can the the a can?  and p my a m
--- 샘플 끝 ---
반복 100: 손실 5.09 (33.0%), elapsed 54s.
반복 150: 손실 4.61 (39.3%), elapsed 72s.
스텝 200: 훈련 4.33 (43.0%) | 검증 4.33 (43.0%) | 평균 4.33275089263916 | grad-norm 1.292
체크포인트 저장 완료 (best): /Users/joey51/works/pikogpt/model/bench5m-turbo/stage2/turbo/5725824/v0002/checkpoint.json
# 모델 로드 완료 (iter=200, val loss=4.33275089263916)
--- 샘플 (5 prompt × 1 sample, greedy T=0) ---
# 프롬프트 '<|bos|>\n# Apple\n' → 토큰 11개
[<|bos|>\n# Apple\n] n Applen, a you can can have your ps.
# 프롬프트 '<|bos|>\n# Cat\n' → 토큰 10개
[<|bos|>\n# Cat\n] n Catn to its and a sameing.  Can an dog in a small of a dy?
# 프롬프트 '<|bos|>\n# Run\n' → 토큰 10개
[<|bos|>\n# Run\n] n Runn?  I you see the ring or and go of the small at the sning.
# 프롬프트 '<|bos|>\n# Big\n' → 토큰 10개
[<|bos|>\n# Big\n] n Bign is the an p of the the very smalls?  You do you go to play in?  Yes, a so, does the big res.
# 프롬프트 '<|bos|>\n# Tree\n' → 토큰 10개
[<|bos|>\n# Tree\n] n Treennny.
--- 샘플 끝 ---
반복 200: 손실 4.35 (42.7%), elapsed 105s.
반복 250: 손실 4.22 (44.5%), elapsed 123s.
스텝 300: 훈련 4.06 (46.6%) | 검증 4.22 (44.5%) | 평균 4.140195617675781 | grad-norm 1.985
체크포인트 저장 완료 (best): /Users/joey51/works/pikogpt/model/bench5m-turbo/stage2/turbo/5725824/v0003/checkpoint.json
# 모델 로드 완료 (iter=300, val loss=4.140195617675781)
--- 샘플 (5 prompt × 1 sample, greedy T=0) ---
# 프롬프트 '<|bos|>\n# Apple\n' → 토큰 11개
[<|bos|>\n# Apple\n] n Applen?  Muow uses a dogs.
# 프롬프트 '<|bos|>\n# Cat\n' → 토큰 10개
[<|bos|>\n# Cat\n] n Catnites?  Beation is my big cold because you do do like a gy?
# 프롬프트 '<|bos|>\n# Run\n' → 토큰 10개
[<|bos|>\n# Run\n] n Runna do the ti to look?  You make I see my park in a pies and the doctor.
# 프롬프트 '<|bos|>\n# Big\n' → 토큰 10개
[<|bos|>\n# Big\n] n Bigner to see the snst.  Which in a big mridy has ca?  The bu, people have saninbils and my mom of the tation.
# 프롬프트 '<|bos|>\n# Tree\n' → 토큰 10개
[<|bos|>\n# Tree\n] n Treens and sun in a same.  How does a baby does cold?  Yes, per can be when the ly.  Where do you see you be your person?  I eat a ln in a cats?  No, it can you see a mom.
--- 샘플 끝 ---
반복 300: 손실 4.05 (46.8%), elapsed 156s.
반복 350: 손실 4.00 (47.3%), elapsed 174s.
스텝 400: 훈련 4.01 (47.3%) | 검증 4.18 (45.0%) | 평균 4.093351566791535 | grad-norm 1.655
체크포인트 저장 완료 (best): /Users/joey51/works/pikogpt/model/bench5m-turbo/stage2/turbo/5725824/v0004/checkpoint.json
# 모델 로드 완료 (iter=400, val loss=4.093351566791535)
--- 샘플 (5 prompt × 1 sample, greedy T=0) ---
# 프롬프트 '<|bos|>\n# Apple\n' → 토큰 11개
[<|bos|>\n# Apple\n] n Applen?  Ms it after the prid.  Where do you see a cay?  I can use the fon?  A book has a toy to make you use my big biga.
# 프롬프트 '<|bos|>\n# Cat\n' → 토큰 10개
[<|bos|>\n# Cat\n] n Catnes in a reer?  You can use your carcay at a gy?
# 프롬프트 '<|bos|>\n# Run\n' → 토큰 10개
[<|bos|>\n# Run\n] n Runna with the sie.  How does a dog make you with small?  No, a pels can be in Yes, the sa.
# 프롬프트 '<|bos|>\n# Big\n' → 토큰 10개
[<|bos|>\n# Big\n] n Bigner in the big longa?  They eat in the mwalarilic, and the dog and a pa or in the big big the park.
# 프롬프트 '<|bos|>\n# Tree\n' → 토큰 10개
[<|bos|>\n# Tree\n] n Treenoe from the fert.  When does a child or more?  Calo is a long?  A big small big picing of your rocks to make a triy.
--- 샘플 끝 ---
반복 400: 손실 3.96 (47.9%), elapsed 207s.
반복 450: 손실 3.94 (48.2%), elapsed 225s.
스텝 500: 훈련 3.83 (49.6%) | 검증 4.02 (47.1%) | 평균 3.92868803024292 | grad-norm 1.729
체크포인트 저장 완료 (best): /Users/joey51/works/pikogpt/model/bench5m-turbo/stage2/turbo/5725824/v0005/checkpoint.json
# 모델 로드 완료 (iter=500, val loss=3.92868803024292)
--- 샘플 (5 prompt × 1 sample, greedy T=0) ---
# 프롬프트 '<|bos|>\n# Apple\n' → 토큰 11개
[<|bos|>\n# Apple\n] n Applen?  We can show many paming a big prenbos and a very fightes.  How do you do a prh to make a friend?  No, the g is or a toy to find a small or in a suns.
# 프롬프트 '<|bos|>\n# Cat\n' → 토큰 10개
[<|bos|>\n# Cat\n] n Catnit is a gas?  Yes, the baby uses a wols.
# 프롬프트 '<|bos|>\n# Run\n' → 토큰 10개
[<|bos|>\n# Run\n] n Runna in the tianer and Sation?  You can find a my or fwation is to see to keep in a childric,s and pies of a grar to you with a trby.  What color do we do to make a dog?  Yes, I see a big mine on a toy.
# 프롬프트 '<|bos|>\n# Big\n' → 토큰 10개
[<|bos|>\n# Big\n] n Bigner do?  My calitone can see to the pam of your long, and silst.
# 프롬프트 '<|bos|>\n# Tree\n' → 토큰 10개
[<|bos|>\n# Tree\n] n Treenoe have a cy?  Yes, nose comes has more to keep Sens.
--- 샘플 끝 ---
반복 500: 손실 3.93 (48.3%), elapsed 258s.

훈련 완료!

Deprecated Gradle features were used in this build, making it incompatible with Gradle 9.0.

You can use '--warning-mode all' to show the individual deprecation warnings and determine if they come from your own scripts or plugins.

For more on this, please refer to https://docs.gradle.org/8.8/userguide/command_line_interface.html#sec:command_line_warnings in the Gradle documentation.

BUILD SUCCESSFUL in 4m 23s
2 actionable tasks: 1 executed, 1 up-to-date
