To honour the JVM settings for this build a single-use Daemon process will be forked. For more on this, please refer to https://docs.gradle.org/8.8/userguide/gradle_daemon.html#sec:disabling_the_daemon in the Gradle documentation.
Daemon will be stopped at the end of the build 
> Task :compileKotlin UP-TO-DATE
> Task :compileJava NO-SOURCE
> Task :processResources NO-SOURCE
> Task :classes UP-TO-DATE

> Task :runBench10MTurbo
WARNING: Using incubator modules: jdk.incubator.vector
=== TurboPikoGPT (turbo 백엔드) 훈련 시작 ===
설정: TrainConfig(dataPath=data/ccmc-v2-pro/stage2, modelDir=model/bench10m-turbo, evalIntervalRatio=0.4, logInterval=50, evalIters=25, evalOnly=false, alwaysSaveCheckpoint=false, initFrom=scratch, modelCheckpointDir=null, pretrainCheckpointDir=null, replayDataPath=null, replayRatio=0.0, replayDataPath2=null, replayRatio2=0.0, earlyStopPatience=0, samplePrompts=null, recordAwareSampling=false, chunkAnchoredSampling=false, dataset=default, gradientAccumulationSteps=16, batchSize=2, blockSize=32, embeddingDimension=256, numberOfLayers=16, numberOfHeads=8, bias=true, dropout=0.0, learningRate=3.0E-4, maxIters=250, weightDecay=0.01, beta1=0.9, beta2=0.95, gradClip=1.0, labelSmoothing=0.0, tieWeights=true, mlpActivation=swiglu, positionEncoding=rope, decayLr=true, warmupRatio=0.05, learningRateDecayRatio=0.95, minimumLearningRate=3.0E-5)
베이스라인 손실: 7.6009 (vocab=2000)
모델 파라미터 텐서 수: 291, 총 스칼라 원소: 13158240
데이터 병렬 학습 활성 — worker 수 11 (CPU 12, seq/iter 32)
데이터 로드 완료: 241844 토큰
데이터 로드 완료: 26831 토큰
스텝 0: 훈련 7.63 (0.0%) | 검증 7.65 (0.0%) | 평균 7.638523716926574 | grad-norm 0.000
반복 0: 손실 7.64 (0.0%), elapsed 3s.
반복 50: 손실 5.70 (25.0%), elapsed 41s.
스텝 100: 훈련 4.91 (35.4%) | 검증 4.91 (35.4%) | 평균 4.909651329517365 | grad-norm 1.557
체크포인트 저장 완료 (best): /Users/joey51/works/pikogpt/model/bench10m-turbo/stage2/turbo/13158240/v0001/checkpoint.json
# 모델 로드 완료 (iter=100, val loss=4.909651329517365)
--- 샘플 (5 prompt × 1 sample, greedy T=0) ---
# 프롬프트 '<|bos|>\n# Apple\n' → 토큰 11개
[<|bos|>\n# Apple\n] n Applen, a is the the be your the bigat?  Yes, a a is a a with a an is at like be a c?  A a can or the be the big in long to the and small?  Who ait do you a bigic with a have make very to a f have you be at a see an to an.  The is is can
# 프롬프트 '<|bos|>\n# Cat\n' → 토큰 10개
[<|bos|>\n# Cat\n] n Catn my myt?  No, you on the your play is a can small.  What does a mom is a a the like the?  Is does does is you you c it to see a long or the?  Who a my d a an like a oreres  A a a a be to do a like or the ass a a or a c
# 프롬프트 '<|bos|>\n# Run\n' → 토큰 10개
[<|bos|>\n# Run\n] n Runn?  Aic in the do people to it with f in aner.  is a a play a is the the longer, or the ini?  Which it a the a to you a a you notg can friend have a does an can a c it is smalls a on smalls and c is a make do a do you to a play on a
# 프롬프트 '<|bos|>\n# Big\n' → 토큰 10개
[<|bos|>\n# Big\n] n Bign d to you a big is a beicy?  You a a not you very my?  Can you a the a play to on f d?  
  How can in a make a big?  No, you can in a a play?  What can a play a you the a people you not a you a c a it in you see a make make a
# 프롬프트 '<|bos|>\n# Tree\n' → 토큰 10개
[<|bos|>\n# Tree\n] n Treen the a veryic? to a you you be have a play in find the get of it in a in a be?  The my do you a my be d when does a a it, with a a a d?  Why it be very like or a the a seei?  Is a dm the a be the is a be?  Yes, can a is
--- 샘플 끝 ---
반복 100: 손실 4.89 (35.7%), elapsed 110s.
반복 150: 손실 4.61 (39.4%), elapsed 147s.
스텝 200: 훈련 4.50 (40.8%) | 검증 4.48 (41.1%) | 평균 4.4856203341484076 | grad-norm 1.163
체크포인트 저장 완료 (best): /Users/joey51/works/pikogpt/model/bench10m-turbo/stage2/turbo/13158240/v0002/checkpoint.json
# 모델 로드 완료 (iter=200, val loss=4.4856203341484076)
--- 샘플 (5 prompt × 1 sample, greedy T=0) ---
# 프롬프트 '<|bos|>\n# Apple\n' → 토큰 11개
[<|bos|>\n# Apple\n] n Applen.  Yes, a your colds with my a not play?  We the c of a long and a s rains.
# 프롬프트 '<|bos|>\n# Cat\n' → 토큰 10개
[<|bos|>\n# Cat\n] n Catn in the s a the museum or is on the coldy?  Yes, ite is people when?  A s is not the a h than an hot.  Can you be like a babyy?
# 프롬프트 '<|bos|>\n# Run\n' → 토큰 10개
[<|bos|>\n# Run\n] n Runn?  I f on the be not peopleom can see a very toy?  No, the f coldy is the it because is a baby?
# 프롬프트 '<|bos|>\n# Big\n' → 토큰 10개
[<|bos|>\n# Big\n] n Bign is the car?  A very e than on a not a p very not your man, the h with f san, your careser and a make a can it make you it.
# 프롬프트 '<|bos|>\n# Tree\n' → 토큰 10개
[<|bos|>\n# Tree\n] n Treen a my wateres?
--- 샘플 끝 ---
반복 200: 손실 4.49 (40.9%), elapsed 214s.
반복 250: 손실 4.44 (41.6%), elapsed 252s.

훈련 완료!

Deprecated Gradle features were used in this build, making it incompatible with Gradle 9.0.

You can use '--warning-mode all' to show the individual deprecation warnings and determine if they come from your own scripts or plugins.

For more on this, please refer to https://docs.gradle.org/8.8/userguide/command_line_interface.html#sec:command_line_warnings in the Gradle documentation.

BUILD SUCCESSFUL in 4m 19s
2 actionable tasks: 1 executed, 1 up-to-date
