To honour the JVM settings for this build a single-use Daemon process will be forked. For more on this, please refer to https://docs.gradle.org/8.8/userguide/gradle_daemon.html#sec:disabling_the_daemon in the Gradle documentation.
Daemon will be stopped at the end of the build 
> Task :compileKotlin UP-TO-DATE
> Task :compileJava NO-SOURCE
> Task :processResources NO-SOURCE
> Task :classes UP-TO-DATE

> Task :runBench10MVec
=== VecPikoGPT (vec 백엔드) 훈련 시작 ===
설정: TrainConfig(dataPath=data/ccmc-v2-pro/stage2, modelDir=model/bench10m-vec, evalIntervalRatio=0.4, logInterval=50, evalIters=25, evalOnly=false, alwaysSaveCheckpoint=false, initFrom=scratch, modelCheckpointDir=null, pretrainCheckpointDir=null, replayDataPath=null, replayRatio=0.0, replayDataPath2=null, replayRatio2=0.0, earlyStopPatience=0, samplePrompts=null, recordAwareSampling=false, chunkAnchoredSampling=false, dataset=default, gradientAccumulationSteps=16, batchSize=2, blockSize=32, embeddingDimension=256, numberOfLayers=16, numberOfHeads=8, bias=true, dropout=0.0, learningRate=3.0E-4, maxIters=250, weightDecay=0.01, beta1=0.9, beta2=0.95, gradClip=1.0, labelSmoothing=0.0, tieWeights=true, mlpActivation=swiglu, positionEncoding=rope, decayLr=true, warmupRatio=0.05, learningRateDecayRatio=0.95, minimumLearningRate=3.0E-5)
베이스라인 손실: 7.6009 (vocab=2000)
모델 파라미터 텐서 수: 291, 총 스칼라 원소: 13158240
데이터 병렬 학습 활성 — worker 수 10 (CPU 12, seq/iter 32)
데이터 로드 완료: 241844 토큰
데이터 로드 완료: 26831 토큰
스텝 0: 훈련 7.67 (0.0%) | 검증 7.66 (0.0%) | 평균 7.6652330827713016 | grad-norm 0.000
반복 0: 손실 7.66 (0.0%), elapsed 6s.
반복 50: 손실 5.78 (24.0%), elapsed 177s.
스텝 100: 훈련 4.80 (36.9%) | 검증 4.93 (35.1%) | 평균 4.864733850955963 | grad-norm 1.589
체크포인트 저장 완료 (best): /Users/joey51/works/pikogpt/model/bench10m-vec/stage2/vec/13158240/v0001/checkpoint.json
--- 샘플 (5 prompt × 1 sample, greedy T=0, 5 workers) ---
# 모델 로드 완료 (iter=100, val loss=4.864733850955963)
# 프롬프트 '<|bos|>\n# Cat\n' → 토큰 10개
# 모델 로드 완료 (iter=100, val loss=4.864733850955963)
# 프롬프트 '<|bos|>\n# Big\n' → 토큰 10개
# 모델 로드 완료 (iter=100, val loss=4.864733850955963)
# 프롬프트 '<|bos|>\n# Run\n' → 토큰 10개
# 모델 로드 완료 (iter=100, val loss=4.864733850955963)
# 모델 로드 완료 (iter=100, val loss=4.864733850955963)
# 프롬프트 '<|bos|>\n# Apple\n' → 토큰 11개
# 프롬프트 '<|bos|>\n# Tree\n' → 토큰 10개
[<|bos|>\n# Apple\n] n Applen.  What is you does a at ofs? is the a a the a a my a aner.  Is a mys ors to like aals you and people in a is at a on a see?  Yes,  Can an a see make not in a the when you you be?  Yes, be  What is the the you
[<|bos|>\n# Cat\n] n Catn?  What is of your a atal?  A in is a the a a on a not the?  Is a miy ory to like a of a be and people in a d ita and a see?  Yes,?  How you an does an ins a have to in can a see it and be, a the a the the you
[<|bos|>\n# Run\n] n Runn, aer a a be does a biging?  You the a my?
[<|bos|>\n# Big\n] n Bign.  What is you does a at ofs? is the a a the a a of a noter.  Is a msy ors to likey in a be and peopleing a is big?  Who a p on A?  How The an does see in?  Yes, do see a see it to can  What I I is on
[<|bos|>\n# Tree\n] n Treen?  What is you does a has do a c or m?  A aal a an is as when do a the?
--- 샘플 끝 ---
반복 100: 손실 4.91 (35.4%), elapsed 402s.
반복 150: 손실 4.58 (39.7%), elapsed 573s.
스텝 200: 훈련 4.48 (41.0%) | 검증 4.61 (39.4%) | 평균 4.544859478473663 | grad-norm 1.241
체크포인트 저장 완료 (best): /Users/joey51/works/pikogpt/model/bench10m-vec/stage2/vec/13158240/v0002/checkpoint.json
--- 샘플 (5 prompt × 1 sample, greedy T=0, 5 workers) ---
# 모델 로드 완료 (iter=200, val loss=4.544859478473663)
# 프롬프트 '<|bos|>\n# Apple\n' → 토큰 11개
# 모델 로드 완료 (iter=200, val loss=4.544859478473663)
# 프롬프트 '<|bos|>\n# Big\n' → 토큰 10개
# 모델 로드 완료 (iter=200, val loss=4.544859478473663)
# 프롬프트 '<|bos|>\n# Cat\n' → 토큰 10개
# 모델 로드 완료 (iter=200, val loss=4.544859478473663)
# 프롬프트 '<|bos|>\n# Tree\n' → 토큰 10개
# 모델 로드 완료 (iter=200, val loss=4.544859478473663)
# 프롬프트 '<|bos|>\n# Run\n' → 토큰 10개
[<|bos|>\n# Apple\n] n Applen.  Can a very moms with my s d than the cly?  The peopleesss like you do you a w or a smally.  Yes, you can find in a bigy.  Can we I at I an?  How do an make an on a it from in in it.  Where see a her?  Yes,
[<|bos|>\n# Cat\n] n Catn.  Yes, a friend have a watery?  You can you can is a an c at the b.  What and a c or a book 
  When do you it or in a bigy.  Can an a Mat and a your car on a dogs?  A my person to be bigb with at the water, a dcto in
[<|bos|>\n# Run\n] n Runn.  Yes, a people have a water is a e than the cg?
[<|bos|>\n# Big\n] n Bign.  Yes, a friend have a water the ber or the foe?  A cat is a t at on a ra.
[<|bos|>\n# Tree\n] n Treen.  Yes, a friend have a waters?  You can you can A the an c has the s t when you do on a cation.  Yes, you can see I find in a big for a smallier.  Where do  When does a momy?  A r me in pal?  Yes, do
--- 샘플 끝 ---
반복 200: 손실 4.45 (41.4%), elapsed 801s.
반복 250: 손실 4.40 (42.1%), elapsed 971s.

훈련 완료!

Deprecated Gradle features were used in this build, making it incompatible with Gradle 9.0.

You can use '--warning-mode all' to show the individual deprecation warnings and determine if they come from your own scripts or plugins.

For more on this, please refer to https://docs.gradle.org/8.8/userguide/command_line_interface.html#sec:command_line_warnings in the Gradle documentation.

BUILD SUCCESSFUL in 16m 18s
2 actionable tasks: 1 executed, 1 up-to-date
