To honour the JVM settings for this build a single-use Daemon process will be forked. For more on this, please refer to https://docs.gradle.org/8.8/userguide/gradle_daemon.html#sec:disabling_the_daemon in the Gradle documentation.
Daemon will be stopped at the end of the build 
> Task :compileKotlin UP-TO-DATE
> Task :compileJava NO-SOURCE
> Task :processResources NO-SOURCE
> Task :classes UP-TO-DATE

> Task :runBench5MTurbo
WARNING: Using incubator modules: jdk.incubator.vector
=== TurboPikoGPT (turbo 백엔드) 훈련 시작 ===
설정: TrainConfig(dataPath=data/ccmc-v2-pro/stage2, modelDir=model/bench5m-turbo, evalIntervalRatio=0.2, logInterval=50, evalIters=25, evalOnly=false, alwaysSaveCheckpoint=false, initFrom=scratch, modelCheckpointDir=null, pretrainCheckpointDir=null, replayDataPath=null, replayRatio=0.0, replayDataPath2=null, replayRatio2=0.0, earlyStopPatience=0, samplePrompts=null, recordAwareSampling=false, chunkAnchoredSampling=false, dataset=default, gradientAccumulationSteps=16, batchSize=2, blockSize=32, embeddingDimension=192, numberOfLayers=12, numberOfHeads=6, bias=true, dropout=0.0, learningRate=3.0E-4, maxIters=100, weightDecay=0.01, beta1=0.9, beta2=0.95, gradClip=1.0, labelSmoothing=0.0, tieWeights=true, mlpActivation=swiglu, positionEncoding=rope, decayLr=true, warmupRatio=0.05, learningRateDecayRatio=0.95, minimumLearningRate=3.0E-5)
베이스라인 손실: 7.6009 (vocab=2000)
모델 파라미터 텐서 수: 219, 총 스칼라 원소: 5725824
데이터 병렬 학습 활성 — worker 수 11 (CPU 12, seq/iter 32)
데이터 로드 완료: 241844 토큰
데이터 로드 완료: 26831 토큰
스텝 0: 훈련 7.62 (0.0%) | 검증 7.64 (0.0%) | 평균 7.631077184677125 | grad-norm 0.000
반복 0: 손실 7.62 (0.0%), elapsed 2s.
스텝 20: 훈련 6.55 (13.8%) | 검증 6.55 (13.8%) | 평균 6.552405071258545 | grad-norm 1.682
체크포인트 저장 완료 (best): /Users/joey51/works/pikogpt/model/bench5m-turbo/stage2/turbo/5725824/v0001/checkpoint.json
# 모델 로드 완료 (iter=20, val loss=6.552405071258545)
--- 샘플 (5 prompt × 1 sample, greedy T=0) ---
# 프롬프트 '<|bos|>\n# Apple\n' → 토큰 11개
[<|bos|>\n# Apple\n] n Applen  A is a when Whens You like  A When do.. is   big. Yes, on Can from. and. When has people the for the when 
  Who has the can Yes,? big and many  you big it when has Yous peoples? people big A Can it for You  people Yes, 
  What is is. is A has
# 프롬프트 '<|bos|>\n# Cat\n' → 토큰 10개
[<|bos|>\n# Cat\n] n Catn big big  iss? Where it 
  A Can Who you  big You the When peoples? and  a or a
# 프롬프트 '<|bos|>\n# Run\n' → 토큰 10개
[<|bos|>\n# Run\n] n Runn people can
# 프롬프트 '<|bos|>\n# Big\n' → 토큰 10개
[<|bos|>\n# Big\n] n Bign do are big is or A  from hass? What A on  What it many it
# 프롬프트 '<|bos|>\n# Tree\n' → 토큰 10개
[<|bos|>\n# Tree\n] n Treen a a Can big  Who
--- 샘플 끝 ---
스텝 40: 훈련 5.95 (21.7%) | 검증 5.98 (21.3%) | 평균 5.967875757217407 | grad-norm 1.418
체크포인트 저장 완료 (best): /Users/joey51/works/pikogpt/model/bench5m-turbo/stage2/turbo/5725824/v0002/checkpoint.json
# 모델 로드 완료 (iter=40, val loss=5.967875757217407)
--- 샘플 (5 prompt × 1 sample, greedy T=0) ---
# 프롬프트 '<|bos|>\n# Apple\n' → 토큰 11개
[<|bos|>\n# Apple\n] n Applen  is a from How a What big  a When you?? the  bes You on Can it. is? Can  can Yes, a 
  a for of Where can the in You? do is Yes,  the 
  can when 
  yours You Who people can to Yes, with 
  or  Yes, You do or is is? the to it
# 프롬프트 '<|bos|>\n# Cat\n' → 토큰 10개
[<|bos|>\n# Cat\n] n Catn can 
  is  Why Where do 
  to Can How in  of You the When Yes, Who is? a when a
# 프롬프트 '<|bos|>\n# Run\n' → 토큰 10개
[<|bos|>\n# Run\n] n Runn  You you
# 프롬프트 '<|bos|>\n# Big\n' → 토큰 10개
[<|bos|>\n# Big\n] n Bign in of 
  is or A  of be Why or to A  What can Yes,
# 프롬프트 '<|bos|>\n# Tree\n' → 토큰 10개
[<|bos|>\n# Tree\n] n Treen a a Can 
   How
--- 샘플 끝 ---
반복 50: 손실 5.93 (21.9%), elapsed 49s.
스텝 60: 훈련 5.61 (26.2%) | 검증 5.65 (25.7%) | 평균 5.628468613624573 | grad-norm 1.192
체크포인트 저장 완료 (best): /Users/joey51/works/pikogpt/model/bench5m-turbo/stage2/turbo/5725824/v0003/checkpoint.json
# 모델 로드 완료 (iter=60, val loss=5.628468613624573)
--- 샘플 (5 prompt × 1 sample, greedy T=0) ---
# 프롬프트 '<|bos|>\n# Apple\n' → 토큰 11개
[<|bos|>\n# Apple\n] n Applen?, the a be Can a have can  How in a a is?  to a You A
# 프롬프트 '<|bos|>\n# Cat\n' → 토큰 10개
[<|bos|>\n# Cat\n] n Catn on do  Why many in you is people Where is? and or  Who your Why thes  You a
# 프롬프트 '<|bos|>\n# Run\n' → 토큰 10개
[<|bos|>\n# Run\n] n Runn  big A 
  can and do Where A have be is do Yes, is  How thes peoples a is is Where and Who the in?  Why can?  you you  do like  we Yes, manys does an 
   your A or is is you or is you is A, Can of a do in and. Yes, cans
# 프롬프트 '<|bos|>\n# Big\n' → 토큰 10개
[<|bos|>\n# Big\n] n Bign is on do I 
  to. of you Where be the is  You you your you is a with and
# 프롬프트 '<|bos|>\n# Tree\n' → 토큰 10개
[<|bos|>\n# Tree\n] n Treens a many you? Can of A do does  Where can Why a How 
  
  you a A. on  What a to A to?? do is Yes, You,? you 
  a   You Who for 
  people like have  the You?  of big
--- 샘플 끝 ---
스텝 80: 훈련 5.46 (28.2%) | 검증 5.53 (27.3%) | 평균 5.49376748085022 | grad-norm 1.267
체크포인트 저장 완료 (best): /Users/joey51/works/pikogpt/model/bench5m-turbo/stage2/turbo/5725824/v0004/checkpoint.json
# 모델 로드 완료 (iter=80, val loss=5.49376748085022)
--- 샘플 (5 prompt × 1 sample, greedy T=0) ---
# 프롬프트 '<|bos|>\n# Apple\n' → 토큰 11개
[<|bos|>\n# Apple\n] n Applen?  I can Where a see with?  Where in a a isss of a or to
# 프롬프트 '<|bos|>\n# Cat\n' → 토큰 10개
[<|bos|>\n# Cat\n] n Catn in do is. Where does in on is Yes, Can and? is have  Why or Why the a  Yes, the
# 프롬프트 '<|bos|>\n# Run\n' → 토큰 10개
[<|bos|>\n# Run\n] n Runn  
  The or you is can Where A an can and you or is.? Yes, the a people a the is is Can to Who the in?  Why cans a a A you  
  be  
  Yes, does a does it can?  of to What I the you have is you is A, Can of a do on and? Can with?
# 프롬프트 '<|bos|>\n# Big\n' → 토큰 10개
[<|bos|>\n# Big\n] n Bign is A you the be is? A you Where 
  a and  Yes, you You of is a do in  How you you and A? can a a in Yes, do to When. with, in an does in you ands a Can?  How can How  is a many do 
    The the 
  in you see a Where Yes,
# 프롬프트 '<|bos|>\n# Tree\n' → 토큰 10개
[<|bos|>\n# Tree\n] n Treen?  You 
  Why 
  A you your. does do How a Where with do you a A? to, a be a to in to a and can and or or?  in have.  do a like Where big can does see or  I or?  can have
--- 샘플 끝 ---
스텝 100: 훈련 5.45 (28.2%) | 검증 5.45 (28.4%) | 평균 5.449892063140869 | grad-norm 1.296
체크포인트 저장 완료 (best): /Users/joey51/works/pikogpt/model/bench5m-turbo/stage2/turbo/5725824/v0005/checkpoint.json
# 모델 로드 완료 (iter=100, val loss=5.449892063140869)
--- 샘플 (5 prompt × 1 sample, greedy T=0) ---
# 프롬프트 '<|bos|>\n# Apple\n' → 토큰 11개
[<|bos|>\n# Apple\n] n Applen?  I can Where a big do.? Yes, A a a the?  the a see and
# 프롬프트 '<|bos|>\n# Cat\n' → 토큰 10개
[<|bos|>\n# Cat\n] n Catn A on.  No, does in you is Yes, Where is? the an  Why or Why the a  Yes, the
# 프롬프트 '<|bos|>\n# Run\n' → 토큰 10개
[<|bos|>\n# Run\n] n Runn  do and have you is can Can in What 
  the you or is  Who the a peoples the the the Can to Who the in?  Does with?  do you  
  can  
  Yes, Can a people big can. the an and see the the on or is you is A, Can of a do on and? people ofy
# 프롬프트 '<|bos|>\n# Big\n' → 토큰 10개
[<|bos|>\n# Big\n] n Bign is A on the can and? to you Where 
 .  a an you You you is a do in
# 프롬프트 '<|bos|>\n# Tree\n' → 토큰 10개
[<|bos|>\n# Tree\n] n Treen?  What yous Where can A you You  Can do Why a Can can can you a A? to  Yes, a and in A a and can to your or?  to see, as and a be Can it can does for has  I have?  you be
--- 샘플 끝 ---
반복 100: 손실 5.44 (28.5%), elapsed 112s.

훈련 완료!

Deprecated Gradle features were used in this build, making it incompatible with Gradle 9.0.

You can use '--warning-mode all' to show the individual deprecation warnings and determine if they come from your own scripts or plugins.

For more on this, please refer to https://docs.gradle.org/8.8/userguide/command_line_interface.html#sec:command_line_warnings in the Gradle documentation.

BUILD SUCCESSFUL in 1m 57s
2 actionable tasks: 1 executed, 1 up-to-date
