To honour the JVM settings for this build a single-use Daemon process will be forked. For more on this, please refer to https://docs.gradle.org/8.8/userguide/gradle_daemon.html#sec:disabling_the_daemon in the Gradle documentation.
Daemon will be stopped at the end of the build 
> Task :compileKotlin UP-TO-DATE
> Task :compileJava NO-SOURCE
> Task :processResources NO-SOURCE
> Task :classes UP-TO-DATE

> Task :runBench5MTurbo
WARNING: Using incubator modules: jdk.incubator.vector
=== TurboPikoGPT (turbo 백엔드) 훈련 시작 ===
설정: TrainConfig(dataPath=data/ccmc-v2-pro/stage2, modelDir=model/bench5m-turbo, evalIntervalRatio=0.2, logInterval=50, evalIters=25, evalOnly=false, alwaysSaveCheckpoint=false, initFrom=scratch, modelCheckpointDir=null, pretrainCheckpointDir=null, replayDataPath=null, replayRatio=0.0, replayDataPath2=null, replayRatio2=0.0, earlyStopPatience=0, samplePrompts=null, recordAwareSampling=false, chunkAnchoredSampling=false, dataset=default, gradientAccumulationSteps=16, batchSize=2, blockSize=32, embeddingDimension=192, numberOfLayers=12, numberOfHeads=6, bias=true, dropout=0.0, learningRate=3.0E-4, maxIters=500, weightDecay=0.01, beta1=0.9, beta2=0.95, gradClip=1.0, labelSmoothing=0.0, tieWeights=true, mlpActivation=swiglu, positionEncoding=rope, decayLr=true, warmupRatio=0.05, learningRateDecayRatio=0.95, minimumLearningRate=3.0E-5)
베이스라인 손실: 7.6009 (vocab=2000)
모델 파라미터 텐서 수: 219, 총 스칼라 원소: 5725824
데이터 병렬 학습 활성 — worker 수 11 (CPU 12, seq/iter 32)
데이터 로드 완료: 241844 토큰
데이터 로드 완료: 26831 토큰
스텝 0: 훈련 7.63 (0.0%) | 검증 7.64 (0.0%) | 평균 7.635369071960449 | grad-norm 0.000
반복 0: 손실 7.65 (0.0%), elapsed 2s.
반복 50: 손실 6.13 (19.3%), elapsed 20s.
스텝 100: 훈련 5.11 (32.8%) | 검증 5.08 (33.2%) | 평균 5.094498569965363 | grad-norm 1.163
체크포인트 저장 완료 (best): /Users/joey51/works/pikogpt/model/bench5m-turbo/stage2/turbo/5725824/v0001/checkpoint.json
# 모델 로드 완료 (iter=100, val loss=5.094498569965363)
--- 샘플 (5 prompt × 1 sample, greedy T=0) ---
# 프롬프트 '<|bos|>\n# Apple\n' → 토큰 11개
[<|bos|>\n# Apple\n] n Applen  can is a be youre on you.  What to is al?  Where in
# 프롬프트 '<|bos|>\n# Cat\n' → 토큰 10개
[<|bos|>\n# Cat\n] n Catn and tos?  Yes, Where you in a people or the?  A people at Does as  Can a the people from be a in the the are is do as? or a What have it  can a have be? on a the the ae  You the of a small or ao,sy? you?
# 프롬프트 '<|bos|>\n# Run\n' → 토큰 10개
[<|bos|>\n# Run\n] n Runn. to the  You is and or the big you the on 
  A people as or a fsiy?
# 프롬프트 '<|bos|>\n# Big\n' → 토큰 10개
[<|bos|>\n# Big\n] n Bign the and and a 
   You Who can my is?  What see A  and in the?
# 프롬프트 '<|bos|>\n# Tree\n' → 토큰 10개
[<|bos|>\n# Tree\n] n Treeno? of and? Yes,  What you What? at ands?  How with to the a my?
--- 샘플 끝 ---
반복 100: 손실 5.17 (32.0%), elapsed 54s.
반복 150: 손실 4.68 (38.4%), elapsed 72s.
스텝 200: 훈련 4.45 (41.5%) | 검증 4.40 (42.1%) | 평균 4.426792936325073 | grad-norm 1.211
체크포인트 저장 완료 (best): /Users/joey51/works/pikogpt/model/bench5m-turbo/stage2/turbo/5725824/v0002/checkpoint.json
# 모델 로드 완료 (iter=200, val loss=4.426792936325073)
--- 샘플 (5 prompt × 1 sample, greedy T=0) ---
# 프롬프트 '<|bos|>\n# Apple\n' → 토큰 11개
[<|bos|>\n# Apple\n] n Applen.  Yes, a long or a sun and a big mom
# 프롬프트 '<|bos|>\n# Cat\n' → 토큰 10개
[<|bos|>\n# Cat\n] n Catn to can is the ss?  Can you find your book?  I can find you  Yes, a tr 
  What color like an p to you can make the dog?  The a toy or an a book?  Who is very bigs to a pc.
# 프롬프트 '<|bos|>\n# Run\n' → 토큰 10개
[<|bos|>\n# Run\n] n Runn?
# 프롬프트 '<|bos|>\n# Big\n' → 토큰 10개
[<|bos|>\n# Big\n] n Bign is the very my sun?  Yes, No, you can we the f booky with the Can a toy and a paation?  You is Sor to eat my car, or a dad.  No, the What is a fix?  Yes, a river?
# 프롬프트 '<|bos|>\n# Tree\n' → 토큰 10개
[<|bos|>\n# Tree\n] n Treens is or the ma.  Is the mom.  Which is old in to you do you in to a l of the anicg?  You does gomoic, you the laes?  Can be your sun for a eo with a my fors.  I can you see the bigmat?  You can in the
--- 샘플 끝 ---
반복 200: 손실 4.41 (42.0%), elapsed 105s.
반복 250: 손실 4.24 (44.3%), elapsed 124s.
스텝 300: 훈련 4.15 (45.4%) | 검증 4.18 (44.9%) | 평균 4.165872228145599 | grad-norm 1.385
체크포인트 저장 완료 (best): /Users/joey51/works/pikogpt/model/bench5m-turbo/stage2/turbo/5725824/v0003/checkpoint.json
# 모델 로드 완료 (iter=300, val loss=4.165872228145599)
--- 샘플 (5 prompt × 1 sample, greedy T=0) ---
# 프롬프트 '<|bos|>\n# Apple\n' → 토큰 11개
[<|bos|>\n# Apple\n] n Applen?  We can make your gy.
# 프롬프트 '<|bos|>\n# Cat\n' → 토큰 10개
[<|bos|>\n# Cat\n] n Catn and yous to a body or on the caring.  What do we in the morning the ts?  I can eat a a dy?  You be in the mom in my big than water?  No, see a very big is an sun?  The big, and sbi.
# 프롬프트 '<|bos|>\n# Run\n' → 토큰 10개
[<|bos|>\n# Run\n] n Runn?  I do you have seny?  Where can you find a mpation is sing.
# 프롬프트 '<|bos|>\n# Big\n' → 토큰 10개
[<|bos|>\n# Big\n] n Bign a book?  What is my longy?  You can be for in you on a biger of the the A ta.  Where do you find a har when can see a story?  Yes, it makes the long and the ling.
# 프롬프트 '<|bos|>\n# Tree\n' → 토큰 10개
[<|bos|>\n# Tree\n] n Treenmmus to a child, you can have your mangs.  Which is my toy?  Yes, a licmin is in the smally.  Why do you get a dad?  What is it than in the biggight when the big is very the Meers.  A hoits on a cat?  You can be in
--- 샘플 끝 ---
반복 300: 손실 4.09 (46.2%), elapsed 157s.
반복 350: 손실 4.04 (46.9%), elapsed 175s.
스텝 400: 훈련 4.16 (45.3%) | 검증 4.11 (46.0%) | 평균 4.133174698352814 | grad-norm 1.647
체크포인트 저장 완료 (best): /Users/joey51/works/pikogpt/model/bench5m-turbo/stage2/turbo/5725824/v0004/checkpoint.json
# 모델 로드 완료 (iter=400, val loss=4.133174698352814)
--- 샘플 (5 prompt × 1 sample, greedy T=0) ---
# 프롬프트 '<|bos|>\n# Apple\n' → 토큰 11개
[<|bos|>\n# Apple\n] n Applen?  My pigs, den to the big cold in a pic.  What does the scisito is?  A toy have cutror and food do in the moms with cos?  Yes, a cat can play and people use an on a big disows.
# 프롬프트 '<|bos|>\n# Cat\n' → 토큰 10개
[<|bos|>\n# Cat\n] n Catn is my ces.  Where can you use your toy?  I see your house, they in a site.
# 프롬프트 '<|bos|>\n# Run\n' → 토큰 10개
[<|bos|>\n# Run\n] n Runn?  I can make you see on your school at my suns.
# 프롬프트 '<|bos|>\n# Big\n' → 토큰 10개
[<|bos|>\n# Big\n] n Bigny to not my mom?  Yes, People like the very bmen and water of a big dalt.
# 프롬프트 '<|bos|>\n# Tree\n' → 토큰 10개
[<|bos|>\n# Tree\n] n Treenoo like the fa.  Where can you can find a baby?  Yes, you can put a long.  What is the carier bey when an a day a longcrhes?  Yes, you does anosas in anooaess.
--- 샘플 끝 ---
반복 400: 손실 4.04 (46.9%), elapsed 209s.
반복 450: 손실 3.97 (47.8%), elapsed 227s.
스텝 500: 훈련 4.06 (46.6%) | 검증 4.11 (46.0%) | 평균 4.083683354854584 | grad-norm 1.562
체크포인트 저장 완료 (best): /Users/joey51/works/pikogpt/model/bench5m-turbo/stage2/turbo/5725824/v0005/checkpoint.json
# 모델 로드 완료 (iter=500, val loss=4.083683354854584)
--- 샘플 (5 prompt × 1 sample, greedy T=0) ---
# 프롬프트 '<|bos|>\n# Apple\n' → 토큰 11개
[<|bos|>\n# Apple\n] n Applen?  Moes after salar.  Where do you see a fow?  I do people make a becm or a toy or a longi of gs?  Yes, we can play the snby in the mal of your righty?  A beis is it for a new or the dog, and fps of S
# 프롬프트 '<|bos|>\n# Cat\n' → 토큰 10개
[<|bos|>\n# Cat\n] n Catn is in a big by?  Yes, muria can are big or a ra.
# 프롬프트 '<|bos|>\n# Run\n' → 토큰 10개
[<|bos|>\n# Run\n] n Runna are in a cal of the suning.  How does my body feel?  The posm is in the morning in a child the very a fes?  A ry is in a lics.  Why does a snal have?  My mom can be on Suany and a child can be at the smallcation to can
# 프롬프트 '<|bos|>\n# Big\n' → 토큰 10개
[<|bos|>\n# Big\n] n Bigny to an the teacher?  Yes, People can see the coenit of my ses.
# 프롬프트 '<|bos|>\n# Tree\n' → 토큰 10개
[<|bos|>\n# Tree\n] n Treennmy.
--- 샘플 끝 ---
반복 500: 손실 3.96 (48.0%), elapsed 260s.

훈련 완료!

Deprecated Gradle features were used in this build, making it incompatible with Gradle 9.0.

You can use '--warning-mode all' to show the individual deprecation warnings and determine if they come from your own scripts or plugins.

For more on this, please refer to https://docs.gradle.org/8.8/userguide/command_line_interface.html#sec:command_line_warnings in the Gradle documentation.

BUILD SUCCESSFUL in 4m 25s
2 actionable tasks: 1 executed, 1 up-to-date
