To honour the JVM settings for this build a single-use Daemon process will be forked. For more on this, please refer to https://docs.gradle.org/8.8/userguide/gradle_daemon.html#sec:disabling_the_daemon in the Gradle documentation.
Daemon will be stopped at the end of the build 
> Task :processResources NO-SOURCE
> Task :compileKotlin
> Task :compileJava NO-SOURCE
> Task :classes UP-TO-DATE

> Task :runCcmcV4MergedSpaceSepQuickTrainVec
=== VecPikoGPT (vec 백엔드) 훈련 시작 ===
설정: TrainConfig(dataPath=data/ccmc-v4-merged-spacesep, modelDir=model, evalIntervalRatio=0.05, logInterval=50, evalIters=30, evalOnly=false, alwaysSaveCheckpoint=true, initFrom=scratch, modelCheckpointDir=null, pretrainCheckpointDir=null, replayDataPath=null, replayRatio=0.0, replayDataPath2=null, replayRatio2=0.0, earlyStopPatience=0, samplePrompts=[the cat , the water , the tree , to run , to eat , a happy , a big , above , quickly , and ], recordAwareSampling=false, chunkAnchoredSampling=true, dataset=default, gradientAccumulationSteps=32, batchSize=2, blockSize=128, embeddingDimension=96, numberOfLayers=8, numberOfHeads=3, bias=true, dropout=0.05, learningRate=3.0E-4, maxIters=1500, weightDecay=0.05, beta1=0.9, beta2=0.95, gradClip=1.0, labelSmoothing=0.05, tieWeights=true, mlpActivation=swiglu, positionEncoding=rope, decayLr=true, warmupRatio=0.03, learningRateDecayRatio=0.95, minimumLearningRate=3.0E-5)
베이스라인 손실: 7.6009 (vocab=2000)
모델 파라미터 텐서 수: 147, 총 스칼라 원소: 1087936
데이터 병렬 학습 활성 — worker 수 10 (CPU 12, seq/iter 64)
Chunk-anchored train loader 활성: data=data/ccmc-v4-merged-spacesep/train.bin, bosId=2, blockSize=128
데이터 로드 완료: 6679849 토큰, 46386 records, 35431 chunk anchors (chunk-anchored, blockSize=128, bosId=2)
Chunk-anchored val loader 활성: data=data/ccmc-v4-merged-spacesep/val.bin, bosId=2, blockSize=128
데이터 로드 완료: 339221 토큰, 2441 records, 1760 chunk anchors (chunk-anchored, blockSize=128, bosId=2)
스텝 0: 훈련 7.44 (2.1%) | 검증 7.45 (1.9%) | 평균 7.448007758458456 | grad-norm 0.000
체크포인트 저장 완료 (best): /Users/joey51/works/pikogpt/model/ccmc-v4-merged-spacesep/vec/1087936/v0011/checkpoint.json
--- 샘플 (10 prompt × 1 sample, greedy T=0, 10 workers) ---
# 모델 로드 완료 (iter=0, val loss=7.448007758458456)
# 프롬프트 'the tree ' → 토큰 4개
# 모델 로드 완료 (iter=0, val loss=7.448007758458456)
# 프롬프트 'a big ' → 토큰 4개
# 모델 로드 완료 (iter=0, val loss=7.448007758458456)
# 프롬프트 'to run ' → 토큰 4개
# 모델 로드 완료 (iter=0, val loss=7.448007758458456)
# 프롬프트 'and ' → 토큰 2개
# 모델 로드 완료 (iter=0, val loss=7.448007758458456)
# 프롬프트 'a happy ' → 토큰 4개
# 모델 로드 완료 (iter=0, val loss=7.448007758458456)
# 프롬프트 'to eat ' → 토큰 4개
# 모델 로드 완료 (iter=0, val loss=7.448007758458456)
# 프롬프트 'the water ' → 토큰 4개
# 모델 로드 완료 (iter=0, val loss=7.448007758458456)
# 프롬프트 'quickly ' → 토큰 3개
# 모델 로드 완료 (iter=0, val loss=7.448007758458456)
# 프롬프트 'above ' → 토큰 4개
# 모델 로드 완료 (iter=0, val loss=7.448007758458456)
# 프롬프트 'the cat ' → 토큰 4개
[the cat ] the cat 4rogood.good.sunArbasecomdifficult.toys.olswguitstorcominkeasindoolPehotflightwhatmaNflightlosepictureicalabouteassoapaboutold.AspretpopulNexdamtableFriicleancesoundsgrass.destableanceflightme.icaltabletablemasonpopulrossNexwalkedFriflightignmagivesAstablepopulcity.nekids.kids.countryrossNancestoriesoudhygameglass
[the water ] the water :exf.safecarcity.livingcarsweesweeoolanceflighticalshowshowancegrgrtablecomkids.storiesWWss.glasscaricalmashowBragepucity.atheroffhyglasslanguhome,tabletakein.park,partmore.icalold.friendin.glasstinmdrawingoffTVcomwalkedCharwalkedmore.friendmovAsmore.Chinold.me.ies.game.soundsold.NmornancepartNexin.sounds
[the tree ] the tree :artsafepartcartablemedicinepartsnowdinner.oldesflighticalcarcardesoolfriendtablecomdifficult.ate.maNwalkedsad.comicalthatcomsoapfriendglassticatherdrawingicalglasslanguBraztablefunnytedaddeasate.icalgame.schoolgamesallangumaglasstableold.hynitbaseAstablemawhatsoapglassglassgame.withkids.kids.more.bath:athericalputNexstoriestable
[to run ] to run allbecausemedtowsongaddbaset,streetshouldandtableculpturesalfriendt,ound.mamorewalsonggrass.mapVVallosupcomgamemslsoapmclean.tastesingsupbrartrieshandspturebathwhattedgreen.t,glassicalkids.llowglasssoundsbooks.Ccraybooks.kids.ughkids.Brazallobooks.thatgertasteold.old.bitandAsAssoundsAs;goesthat,sldog.doctorcity.
[to eat ] to eat Odergamedifferentt,matculptureismmatroundy.hesallofirewonderfulsingound.hismorebooks.theysupmapandertastecalledmusicfullextheyMoigbooks.kids.chooseroundchooseosaurSometimespturewalThismapenerfullclean.anckids.llowchildclean.clean.anding,walsuptheycraypturekids.walutfulltastebooks.ing,ethepcrayenerclean.mate;ughlunslfullflowershands
[a happy ] a happy Hschoolslbypartmountainbiteasind.ind.k.papnitate.comoredescacaglasstalkboattedicpgreen.sad.morewhatpbecausesoapHearoundallosongold.atherold.soundsCharstemsltedbathgethertedatherkids.schoolgameiestablemaddofftriescooktriesSaturday.difficult.owlmaaturalmonthignglasstriescargame.kids.her.times.Nslicaleasmonicalbab
[a big ] a big HindFinwhatpartsoundscontrbiootind.y.pooftenicalk.coalwaysy.y.more.alkadduchy.pbody.asercaaturalpgetherculpturey.uchnitpapclean.hairbathtableCharmapicalate.Asownstemt,mathoutgameclean.soundsy.astesoundsAsownalloneveralloclean.y.gamealloclean.owlbity.monthmonthtedwal?t,mornt,songNexclean.
[above ] above rspgrandmaweeksingcommunGermanwallmetalce.looksmorning.sister.grandmayeAngardenprprsycouninesar.sasachemisquiet.ttergardentterprclothesloveridechemisbusycoattalLattooktraditcommunwallar.store.nice.sygardenasteepuchcommunsysaing,iclerossprwouldstormcastOneseepieastecitysyroundinterestinginescastsoundsing,andpedbusyyeyebook.sounds
[quickly ] quickly estellriverlealeaexcitedscrcolornitbooks.friendtablechickentablemoreownubfriendfriendmountaingetherfactate.mabutouthdinner.ownthansogetherbasethatind.nitstorilesssingclean.tablepotatoind.alwaysFinAsgetherpuNexthroughhisate.ind.tedouticsmore.nithadAssiteplants.more.y.Nexplants.tablemore.windowportbitnittedshel;hystorigethertheytownclean.
[and ] and 7oolleepleepdescity.healthy.oudgengennewritizlangucomourgrowigiglunchfulss.growow‑cousintruckshowtheyacinereturnourkind.wellgrowPeoplecakeglassdown.haircuticsgrowpareslipreil.growtopicppmerdrawingignsttriessweess.menpperhaircutcousinChinbelanguss.puwoodplaces.oolss.ss.langump‑classswexmerin.band
--- 샘플 끝 ---
반복 0: 손실 7.46 (1.9%), elapsed 18s.
반복 50: 손실 6.28 (17.4%), elapsed 144s.
스텝 75: 훈련 5.23 (31.2%) | 검증 5.24 (31.1%) | 평균 5.2323499639829 | grad-norm 3.960
체크포인트 저장 완료 (best): /Users/joey51/works/pikogpt/model/ccmc-v4-merged-spacesep/vec/1087936/v0012/checkpoint.json
--- 샘플 (10 prompt × 1 sample, greedy T=0, 10 workers) ---
# 모델 로드 완료 (iter=75, val loss=5.2323499639829)
# 프롬프트 'the tree ' → 토큰 4개
# 모델 로드 완료 (iter=75, val loss=5.2323499639829)
# 프롬프트 'and ' → 토큰 2개
# 모델 로드 완료 (iter=75, val loss=5.2323499639829)
# 프롬프트 'a big ' → 토큰 4개
# 모델 로드 완료 (iter=75, val loss=5.2323499639829)
# 프롬프트 'the cat ' → 토큰 4개
# 모델 로드 완료 (iter=75, val loss=5.2323499639829)
# 프롬프트 'quickly ' → 토큰 3개
# 모델 로드 완료 (iter=75, val loss=5.2323499639829)
# 프롬프트 'the water ' → 토큰 4개
# 모델 로드 완료 (iter=75, val loss=5.2323499639829)
# 프롬프트 'to eat ' → 토큰 4개
# 모델 로드 완료 (iter=75, val loss=5.2323499639829)
# 프롬프트 'above ' → 토큰 4개
# 모델 로드 완료 (iter=75, val loss=5.2323499639829)
# 프롬프트 'to run ' → 토큰 4개
# 모델 로드 완료 (iter=75, val loss=5.2323499639829)
# 프롬프트 'a happy ' → 토큰 4개
[the cat ] the cat  toinIweseeAofmy tothatis,.y  me.withisares.,the .can TheforamysMyandnotThesitfor.methebig ismeandMyThewith?forbutbigon tolikeonmyof forwithandWesin,intoThe
[the water ] the water  toinIweseeAofmy tothatit,.y  me.withisares.,the ,can TheforamysMyandnotThesitfor.methebig ismeandMyThewith?forbutbigon tolikeonmyof forwithandWesin,intoThe
[the tree ] the tree  toinIweseeAofmy tothatit,.y  me.withtoares.,the .can TheforamysMyandnotThesitfor.onthebig ismeandMyThewith?forbutbigme tolikeonmyof forwithandWesin,intoThe
[to run ] to run  toinIweseeIWemy tothatit,.in  me.withtoares.,the .can TheforamysMyandnotmesitwith.oninfor isonandwemeof?withbutforon toareandTheWe forwithandWesin,intoThe
[to eat ] to eat  toinIweseeAofmy tothatit,.y  me.withtoares.,the .can TheforamysMyandnotThesitfor.onthebig ismeandMyThewith?forbutbigme tolikeonmyof forwithandWesin,intoThe
[a happy ] a happy  toinIweseeAofmy tothatit,.y  me.withtoares.,the ,can TheforsmysMyandnotThesitfor.onthebig ismeandMyThewith?forbutbigon tolikeonmyof forwithandWesin,intoThe
[a big ] a big  toinIweseeAofmy tothatit,.y  me.withtoares.,the ,can TheforsmysMyandnotThesitfor.oninbig ismeandMyThewith?forbutbigon tolikeonmyof forwithandWesin,intoThe
[above ] above  toinIweseeIWemy tothatis,.y  me.withtoares.,the .can TheforamysMyandnotThesitfor.meinbig ismeandMyThewith?forbutbigon tolikeonmyof forwithandWesin,intoThe
[quickly ] quickly  toinIweseeIofmy tothatis,.y  me.withtoares.,the .can TheforamysMyandnotThesitfor.oninbig ismeandMyThewith?forbutbigon tolikeonmyof forwithandWesin,intoThe
[and ] and  toinIweseeAWemy tothatis,.y  me.withtoares.,the ,can TheforamysMyandnotThesitfor.methebig ismeandMyThewith?forbutbigme tolikeonmyof forwithandWesin,intoThe
--- 샘플 끝 ---
반복 100: 손실 4.99 (34.3%), elapsed 284s.
스텝 150: 훈련 3.85 (49.4%) | 검증 3.85 (49.3%) | 평균 3.8498631596565245 | grad-norm 1.349
체크포인트 저장 완료 (best): /Users/joey51/works/pikogpt/model/ccmc-v4-merged-spacesep/vec/1087936/v0013/checkpoint.json
--- 샘플 (10 prompt × 1 sample, greedy T=0, 10 workers) ---
# 모델 로드 완료 (iter=150, val loss=3.8498631596565245)
# 프롬프트 'quickly ' → 토큰 3개
# 모델 로드 완료 (iter=150, val loss=3.8498631596565245)
# 프롬프트 'and ' → 토큰 2개
# 모델 로드 완료 (iter=150, val loss=3.8498631596565245)
# 프롬프트 'the water ' → 토큰 4개
# 모델 로드 완료 (iter=150, val loss=3.8498631596565245)
# 프롬프트 'to run ' → 토큰 4개
# 모델 로드 완료 (iter=150, val loss=3.8498631596565245)
# 프롬프트 'a big ' → 토큰 4개
# 모델 로드 완료 (iter=150, val loss=3.8498631596565245)
# 프롬프트 'the tree ' → 토큰 4개
# 모델 로드 완료 (iter=150, val loss=3.8498631596565245)
# 프롬프트 'a happy ' → 토큰 4개
# 모델 로드 완료 (iter=150, val loss=3.8498631596565245)
# 프롬프트 'to eat ' → 토큰 4개
# 모델 로드 완료 (iter=150, val loss=3.8498631596565245)
# 모델 로드 완료 (iter=150, val loss=3.8498631596565245)
# 프롬프트 'above ' → 토큰 4개
# 프롬프트 'the cat ' → 토큰 4개
[the cat ] the cat  to a,The very  toand I the A as   can I  Iand mein The My but the says on like is and My for ares.in  tois Thea bigs of the the The
[the water ] the water  to a,The very  toand I the A as   can I  Iand mein The My but the says on like is and My for ares.in  tois Thea bigs of the the The
[the tree ] the tree  to a,The very  toand I the A as   can I  Iand mein The My but the says on like is and My for ares.an  tois Thea bigs of the the The
[to run ] to run  the a,The very  toand I the A as   can I  Iand mein The My but the says on like is and My for ares.in  tois Thea bigs of the the The
[to eat ] to eat  the a,The very  toand I the A as   can I  Iand mein The My but the says on like is and My for ares.in  tois Thea bigs of the the The
[a happy ] a happy  to a,The My  toand I the A as   can I  Iand mein The My but the big on like is and My for sayss.in  tois Thea bigs of the the The
[a big ] a big  to a,The My  toand I the A as   can I  Iand mein The My but the says on like is and My for ares.in  tois Thea bigs of the the The
[above ] above  the a,The My  toes I the A as   about I  Iand mein The My but the big on like is and My for sayss.an  toto Thea bigs of the the The
[quickly ] quickly  the a,The very  toand I the A as   can I  Iand mein The My but the says on like is and My for ares.in  tois Thea bigs of the the The
[and ] and  the a,The very  toand I the A as   can I  Iand mein The My but the says on like is and My for ares.in  tois Thea bigs of the the The
--- 샘플 끝 ---
반복 150: 손실 4.18 (45.0%), elapsed 423s.
반복 200: 손실 3.87 (49.0%), elapsed 559s.
스텝 225: 훈련 3.56 (53.1%) | 검증 3.53 (53.6%) | 평균 3.5457720816135403 | grad-norm 0.537
체크포인트 저장 완료 (best): /Users/joey51/works/pikogpt/model/ccmc-v4-merged-spacesep/vec/1087936/v0014/checkpoint.json
--- 샘플 (10 prompt × 1 sample, greedy T=0, 10 workers) ---
# 모델 로드 완료 (iter=225, val loss=3.5457720816135403)
# 프롬프트 'and ' → 토큰 2개
# 모델 로드 완료 (iter=225, val loss=3.5457720816135403)
# 프롬프트 'the cat ' → 토큰 4개
# 모델 로드 완료 (iter=225, val loss=3.5457720816135403)
# 프롬프트 'the tree ' → 토큰 4개
# 모델 로드 완료 (iter=225, val loss=3.5457720816135403)
# 프롬프트 'a big ' → 토큰 4개
# 모델 로드 완료 (iter=225, val loss=3.5457720816135403)
# 프롬프트 'the water ' → 토큰 4개
# 모델 로드 완료 (iter=225, val loss=3.5457720816135403)
# 프롬프트 'a happy ' → 토큰 4개
# 모델 로드 완료 (iter=225, val loss=3.5457720816135403)
# 프롬프트 'to eat ' → 토큰 4개
# 모델 로드 완료 (iter=225, val loss=3.5457720816135403)
# 프롬프트 'quickly ' → 토큰 3개
# 모델 로드 완료 (iter=225, val loss=3.5457720816135403)
# 모델 로드 완료 (iter=225, val loss=3.5457720816135403)
# 프롬프트 'to run ' → 토큰 4개
# 프롬프트 'above ' → 토큰 4개
[the cat ] the cat  is the It for I not in is a the on A with it the I was We says you to was My new on my big about canying A that My I about are is in and
[the water ] the water  is the It for I not in is a the on A with it the I was We says you to was My new on my big about canying  and we like can my  is is We
[the tree ] the tree  is the but big I not in is a the on A with it the I was We big you to was My new on my says about wasying A that My I can like to in and
[to run ] to run  is the It for I not in is a the me A with and the I was of says has to can very was The My big about wasying  it we like can my  is is of
[to eat ] to eat  is the It for I not in is a the me A with and the I was of says has to can very was The My big about wasyals is we like can my  is is of
[a happy ] a happy  is the It for I not the is a the on A with it the I was We says you to was My new on my big about canying A that My I about are to in and
[a big ] a big  is the It for I not the is a the on A with it the I was of says has to can My was on my big about canyic? is my like can The  is is We
[above ] above  is the It for I not in to a the me A with and the I was of says has to was very was The My big about wasying  it we so can my  is is of
[quickly ] quickly  is the It for I not in is a the me A with it the I was of says has to was very was on we big can wasyals is my so can my  is it We
[and ] and  is the It for I not in to a the The A with it in. my to to wea is was very see and My says can wasyic? is we so can my  is is We
--- 샘플 끝 ---
반복 250: 손실 3.81 (49.9%), elapsed 697s.
스텝 300: 훈련 3.46 (54.4%) | 검증 3.39 (55.4%) | 평균 3.42757625579834 | grad-norm 0.742
체크포인트 저장 완료 (best): /Users/joey51/works/pikogpt/model/ccmc-v4-merged-spacesep/vec/1087936/v0015/checkpoint.json
--- 샘플 (10 prompt × 1 sample, greedy T=0, 10 workers) ---
# 모델 로드 완료 (iter=300, val loss=3.42757625579834)
# 프롬프트 'and ' → 토큰 2개
# 모델 로드 완료 (iter=300, val loss=3.42757625579834)
# 프롬프트 'to eat ' → 토큰 4개
# 모델 로드 완료 (iter=300, val loss=3.42757625579834)
# 프롬프트 'the water ' → 토큰 4개
# 모델 로드 완료 (iter=300, val loss=3.42757625579834)
# 프롬프트 'above ' → 토큰 4개
# 모델 로드 완료 (iter=300, val loss=3.42757625579834)
# 프롬프트 'a big ' → 토큰 4개
# 모델 로드 완료 (iter=300, val loss=3.42757625579834)
# 프롬프트 'the tree ' → 토큰 4개
# 모델 로드 완료 (iter=300, val loss=3.42757625579834)
# 프롬프트 'to run ' → 토큰 4개
# 모델 로드 완료 (iter=300, val loss=3.42757625579834)
# 프롬프트 'the cat ' → 토큰 4개
# 모델 로드 완료 (iter=300, val loss=3.42757625579834)
# 프롬프트 'a happy ' → 토큰 4개
# 모델 로드 완료 (iter=300, val loss=3.42757625579834)
# 프롬프트 'quickly ' → 토큰 3개
[the cat ] the cat  to the draw we a put a big the my new a feel me in. and the big new? a book and want is be so was learn? and it it My good we I very like The
[the water ] the water  to the draw we a put a big the my new a feel me in. and the big new? a book and want to says we will have? and it it My teacher all I very like The
[the tree ] the tree  on a long want I make the says a my new a small my it, and the says its the mom my happy is we not feel small? and it at with about we I be is big
[to run ] to run  the very long want I make a says a my new a small my my in big not not put the said on says is we learn for was? and it at with about we I be is all
[to eat ] to eat  a big friend. my in can the like I the see I not my it, and the says ater the have be want is my will book with. and it at We teacher very a big all about
[a happy ] a happy  a big learn, my in can the says I the see I see to the in big not not put the happy on says is we friend says says. and it and can will about A big very feel
[a big ] a big a big to happy we a put a very the it to a friend the to a have we not put the said and not all all can small friendyes  are am, of my I my says The
[above ] above  to the draw we a put a big the very do I not very my in says The small long my said and learn is we learn big have? and it and was not can I very like on
[quickly ] quickly  the big long learn a long the like a it to a small my my a mom very will put the happy on are very want The teacher friender?  are like I small learn the very do
[and ] and  a big learn, my in can the am a to we a friend the it, and the says its in big see about on it The good new? at the friend big mom my I very can want
--- 샘플 끝 ---
반복 300: 손실 3.72 (51.0%), elapsed 835s.
반복 350: 손실 3.64 (52.2%), elapsed 959s.
스텝 375: 훈련 3.27 (57.0%) | 검증 3.23 (57.5%) | 평균 3.2520330488681792 | grad-norm 0.884
체크포인트 저장 완료 (best): /Users/joey51/works/pikogpt/model/ccmc-v4-merged-spacesep/vec/1087936/v0016/checkpoint.json
--- 샘플 (10 prompt × 1 sample, greedy T=0, 10 workers) ---
# 모델 로드 완료 (iter=375, val loss=3.2520330488681792)
# 프롬프트 'a happy ' → 토큰 4개
# 모델 로드 완료 (iter=375, val loss=3.2520330488681792)
# 프롬프트 'the tree ' → 토큰 4개
# 모델 로드 완료 (iter=375, val loss=3.2520330488681792)
# 프롬프트 'quickly ' → 토큰 3개
# 모델 로드 완료 (iter=375, val loss=3.2520330488681792)
# 프롬프트 'a big ' → 토큰 4개
# 모델 로드 완료 (iter=375, val loss=3.2520330488681792)
# 프롬프트 'to eat ' → 토큰 4개
# 모델 로드 완료 (iter=375, val loss=3.2520330488681792)
# 프롬프트 'above ' → 토큰 4개
# 모델 로드 완료 (iter=375, val loss=3.2520330488681792)
# 프롬프트 'to run ' → 토큰 4개
# 모델 로드 완료 (iter=375, val loss=3.2520330488681792)
# 프롬프트 'the water ' → 토큰 4개
# 모델 로드 완료 (iter=375, val loss=3.2520330488681792)
# 프롬프트 'the cat ' → 토큰 4개
# 모델 로드 완료 (iter=375, val loss=3.2520330488681792)
# 프롬프트 'and ' → 토큰 2개
[the cat ] the cat  I says that we my long the want a like to a good to to a make The love has the happy and not like it We will good? The big learn with says is I new can not
[the water ] the water  I says that we my long the want a like to a good to to a make The love has the happy and not like it We will good? The big learn with says is I new like my
[the tree ] the tree  I says that we my long the want a like to a good to to a make The love has the happy and not like it We will good? The big learn with says is I new can not
[to run ] to run  in the love? we a long the not to it,  of a be that The new big want, I mom we happy is very love says for was a think The big find all it the learn
[to eat ] to eat I new all have we the long the not the like the very good the like I mom very look when a said and see to can learn for about, me to new play are says A see the play
[a happy ] a happy I new big think my big put the not the like to a play is the very make me very little says of The said to can want with her, on the teacher do like it  I says The
[a big ] a big a see the know we the dad the see a says to a will we very my happy and says not my said it are my small can small friends on the small not teacher my pyo. I
[above ] above  I big dad of a long to very says the day.  see the do. The can very small? I friend me about is big will book can, The not see very happy and I new like and
[quickly ] quickly  I says see be. the day.  a am the go a good to my big said me all make the put and friend it and like of can, The want and see her new a want to want
[and ] and a not it has be. I new be in is see a think the big put me the old learns to will not have it on my happy about like a think my big mom like the do to
--- 샘플 끝 ---
반복 400: 손실 3.54 (53.4%), elapsed 1098s.
스텝 450: 훈련 3.10 (59.2%) | 검증 3.13 (58.8%) | 평균 3.1150458832581838 | grad-norm 1.285
체크포인트 저장 완료 (best): /Users/joey51/works/pikogpt/model/ccmc-v4-merged-spacesep/vec/1087936/v0017/checkpoint.json
--- 샘플 (10 prompt × 1 sample, greedy T=0, 10 workers) ---
# 모델 로드 완료 (iter=450, val loss=3.1150458832581838)
# 프롬프트 'and ' → 토큰 2개
# 모델 로드 완료 (iter=450, val loss=3.1150458832581838)
# 프롬프트 'a big ' → 토큰 4개
# 모델 로드 완료 (iter=450, val loss=3.1150458832581838)
# 프롬프트 'the tree ' → 토큰 4개
# 모델 로드 완료 (iter=450, val loss=3.1150458832581838)
# 프롬프트 'quickly ' → 토큰 3개
# 모델 로드 완료 (iter=450, val loss=3.1150458832581838)
# 모델 로드 완료 (iter=450, val loss=3.1150458832581838)
# 프롬프트 'above ' → 토큰 4개
# 프롬프트 'to eat ' → 토큰 4개
# 모델 로드 완료 (iter=450, val loss=3.1150458832581838)
# 프롬프트 'to run ' → 토큰 4개
# 모델 로드 완료 (iter=450, val loss=3.1150458832581838)
# 프롬프트 'the cat ' → 토큰 4개
# 모델 로드 완료 (iter=450, val loss=3.1150458832581838)
# 프롬프트 'the water ' → 토큰 4개
# 모델 로드 완료 (iter=450, val loss=3.1150458832581838)
# 프롬프트 'a happy ' → 토큰 4개
[the cat ] the cat in the new long can the dog is the big all to a good and a big car with my little like of my long for to small teacher not important a long not the long want to it and
[the water ] the water a old very little teacher the cat is to the am.  small very snur of the do and we learn to big be for I will very sun,  She go in my happy at a friend
[the tree ] the tree a old all when The big picture is it to the day.  see the like a think very have his want can want that the play are not have says I dad with a dad about the new friend
[to run ] to run a see the dog about a know to like a can not the car and hes. The see the small?  We go that the teacher about we happy. The learn me with her do a want is new
[to eat ] to eat a want to long not the cat is and a like to the car and heer with the see iting and that it but the teacher about we said we be learn of a think are says I want
[a happy ] a happy a want to long that I long it is the can like a good and the big happy with we know to have on for the play about we remember? The old day. We said to a want is see
[a big ] a big bgy is old so a long to big in in the milon is the ples. The will happy it was be new like it for very happy? I can not small have it a new like and
[above ] above a be in not friend to make an am in the old dion?  A dons my small happy it can like about the go says we said we very long like a put with the am day
[quickly ] quickly a want to long small be have the learn to very day.  The old big and that me all said a think my toy all my happy that says we my little play, was my be and the have
[and ] and I see a toy can the little all to it is my bey.   He learn to big want, to will new car on the have her goods with the book was see to a want it of
--- 샘플 끝 ---
반복 450: 손실 3.46 (54.4%), elapsed 1260s.
To honour the JVM settings for this build a single-use Daemon process will be forked. For more on this, please refer to https://docs.gradle.org/8.8/userguide/gradle_daemon.html#sec:disabling_the_daemon in the Gradle documentation.
Daemon will be stopped at the end of the build 
> Task :processResources NO-SOURCE
> Task :compileKotlin
> Task :compileJava NO-SOURCE
> Task :classes UP-TO-DATE

> Task :runCcmcV4MergedSpaceSepQuickTrainVec
=== VecPikoGPT (vec 백엔드) 훈련 시작 ===
설정: TrainConfig(dataPath=data/ccmc-v4-merged-spacesep, modelDir=model, evalIntervalRatio=0.05, logInterval=50, evalIters=30, evalOnly=false, alwaysSaveCheckpoint=true, initFrom=resume, modelCheckpointDir=null, pretrainCheckpointDir=null, replayDataPath=null, replayRatio=0.0, replayDataPath2=null, replayRatio2=0.0, earlyStopPatience=0, samplePrompts=[the cat , the water , the tree , to run , to eat , a happy , a big , above , quickly , and ], recordAwareSampling=false, chunkAnchoredSampling=true, dataset=default, gradientAccumulationSteps=32, batchSize=2, blockSize=128, embeddingDimension=96, numberOfLayers=8, numberOfHeads=3, bias=true, dropout=0.05, learningRate=3.0E-4, maxIters=3000, weightDecay=0.05, beta1=0.9, beta2=0.95, gradClip=1.0, labelSmoothing=0.05, tieWeights=true, mlpActivation=swiglu, positionEncoding=rope, decayLr=true, warmupRatio=0.03, learningRateDecayRatio=0.95, minimumLearningRate=3.0E-5)
베이스라인 손실: 7.6009 (vocab=2000)
모델 파라미터 텐서 수: 147, 총 스칼라 원소: 1087936
데이터 병렬 학습 활성 — worker 수 10 (CPU 12, seq/iter 64)
Chunk-anchored train loader 활성: data=data/ccmc-v4-merged-spacesep/train.bin, bosId=2, blockSize=128
데이터 로드 완료: 6679849 토큰, 46386 records, 35431 chunk anchors (chunk-anchored, blockSize=128, bosId=2)
Chunk-anchored val loader 활성: data=data/ccmc-v4-merged-spacesep/val.bin, bosId=2, blockSize=128
데이터 로드 완료: 339221 토큰, 2441 records, 1760 chunk anchors (chunk-anchored, blockSize=128, bosId=2)
체크포인트 재개: iter=900, bestLoss=2.7989 from /Users/joey51/works/pikogpt/model/ccmc-v4-merged-spacesep/vec/1087936/v0010
스텝 900: 훈련 3.07 (59.7%) | 검증 3.01 (60.3%) | 평균 3.0401421864827474 | grad-norm 0.000
체크포인트 저장 완료 (always): /Users/joey51/works/pikogpt/model/ccmc-v4-merged-spacesep/vec/1087936/v0018/checkpoint.json
--- 샘플 (10 prompt × 1 sample, greedy T=0, 10 workers) ---
# 모델 로드 완료 (iter=900, val loss=2.7989495730400087)
# 프롬프트 'a happy ' → 토큰 4개
# 모델 로드 완료 (iter=900, val loss=2.7989495730400087)
# 프롬프트 'quickly ' → 토큰 3개
# 모델 로드 완료 (iter=900, val loss=2.7989495730400087)
# 프롬프트 'above ' → 토큰 4개
# 모델 로드 완료 (iter=900, val loss=2.7989495730400087)
# 모델 로드 완료 (iter=900, val loss=2.7989495730400087)
# 프롬프트 'and ' → 토큰 2개
# 프롬프트 'a big ' → 토큰 4개
# 모델 로드 완료 (iter=900, val loss=2.7989495730400087)
# 프롬프트 'the water ' → 토큰 4개
# 모델 로드 완료 (iter=900, val loss=2.7989495730400087)
# 프롬프트 'to run ' → 토큰 4개
# 모델 로드 완료 (iter=900, val loss=2.7989495730400087)
# 프롬프트 'to eat ' → 토큰 4개
# 모델 로드 완료 (iter=900, val loss=2.7989495730400087)
# 프롬프트 'the tree ' → 토큰 4개
# 모델 로드 완료 (iter=900, val loss=2.7989495730400087)
# 프롬프트 'the cat ' → 토큰 4개
[the cat ] the cat in the friend, to read the car and I love about a great old puang for the small suns.
[the water ] the water in the day. Then it is interesting to learn the new cat the little book and I know my time.
[the tree ] the tree in the day. Then and I watch a friend at the mom at my book and I draw her happy.
[to run ] to run a small old week. We like our new day. I see the big dog and the big park.
[to eat ] to eat a small old week. We like our new day. I see the big dog and the big park.
[a happy ] a happy dyes to watch my big table. I want to see the big sun and the big time.
[a big ] a big fiar is interesting. We like you see the new old day.
[above ] above in the new week. We like you see a big new book in my book and I know my cat.
[quickly ] quickly in the small place. We like you was be a new picture to make it and I eat her happy.
[and ] and I learn the friend. It is nice to learn the old picture in my book and I know
--- 샘플 끝 ---
반복 900: 손실 3.34 (56.1%), elapsed 18s.
To honour the JVM settings for this build a single-use Daemon process will be forked. For more on this, please refer to https://docs.gradle.org/8.8/userguide/gradle_daemon.html#sec:disabling_the_daemon in the Gradle documentation.
Daemon will be stopped at the end of the build 
> Task :compileKotlin UP-TO-DATE
> Task :compileJava NO-SOURCE
> Task :processResources NO-SOURCE
> Task :classes UP-TO-DATE

> Task :runCcmcV4MergedSpaceSepQuickTrainVec
=== VecPikoGPT (vec 백엔드) 훈련 시작 ===
설정: TrainConfig(dataPath=data/ccmc-v4-merged-spacesep, modelDir=model, evalIntervalRatio=0.05, logInterval=50, evalIters=30, evalOnly=false, alwaysSaveCheckpoint=true, initFrom=resume, modelCheckpointDir=null, pretrainCheckpointDir=null, replayDataPath=null, replayRatio=0.0, replayDataPath2=null, replayRatio2=0.0, earlyStopPatience=0, samplePrompts=[the cat , the water , the tree , to run , to eat , a happy , a big , above , quickly , and ], recordAwareSampling=false, chunkAnchoredSampling=true, dataset=default, gradientAccumulationSteps=32, batchSize=2, blockSize=128, embeddingDimension=96, numberOfLayers=8, numberOfHeads=3, bias=true, dropout=0.05, learningRate=3.0E-4, maxIters=3000, weightDecay=0.05, beta1=0.9, beta2=0.95, gradClip=1.0, labelSmoothing=0.05, tieWeights=true, mlpActivation=swiglu, positionEncoding=rope, decayLr=true, warmupRatio=0.03, learningRateDecayRatio=0.95, minimumLearningRate=3.0E-5)
베이스라인 손실: 7.6009 (vocab=2000)
모델 파라미터 텐서 수: 147, 총 스칼라 원소: 1087936
데이터 병렬 학습 활성 — worker 수 10 (CPU 12, seq/iter 64)
Chunk-anchored train loader 활성: data=data/ccmc-v4-merged-spacesep/train.bin, bosId=2, blockSize=128
데이터 로드 완료: 6679849 토큰, 46386 records, 35431 chunk anchors (chunk-anchored, blockSize=128, bosId=2)
Chunk-anchored val loader 활성: data=data/ccmc-v4-merged-spacesep/val.bin, bosId=2, blockSize=128
데이터 로드 완료: 339221 토큰, 2441 records, 1760 chunk anchors (chunk-anchored, blockSize=128, bosId=2)
체크포인트 재개: iter=450, bestLoss=3.1150 from /Users/joey51/works/pikogpt/model/ccmc-v4-merged-spacesep/vec/1087936/v0017
스텝 450: 훈련 3.12 (58.9%) | 검증 3.10 (59.2%) | 평균 3.111241461833318 | grad-norm 0.000
체크포인트 저장 완료 (best): /Users/joey51/works/pikogpt/model/ccmc-v4-merged-spacesep/vec/1087936/v0018/checkpoint.json
--- 샘플 (10 prompt × 1 sample, greedy T=0, 10 workers) ---
# 모델 로드 완료 (iter=450, val loss=3.111241461833318)
# 프롬프트 'to run ' → 토큰 4개
# 모델 로드 완료 (iter=450, val loss=3.111241461833318)
# 프롬프트 'the water ' → 토큰 4개
# 모델 로드 완료 (iter=450, val loss=3.111241461833318)
# 프롬프트 'above ' → 토큰 4개
# 모델 로드 완료 (iter=450, val loss=3.111241461833318)
# 프롬프트 'the cat ' → 토큰 4개
# 모델 로드 완료 (iter=450, val loss=3.111241461833318)
# 프롬프트 'the tree ' → 토큰 4개
# 모델 로드 완료 (iter=450, val loss=3.111241461833318)
# 프롬프트 'to eat ' → 토큰 4개
# 모델 로드 완료 (iter=450, val loss=3.111241461833318)
# 프롬프트 'a happy ' → 토큰 4개
# 모델 로드 완료 (iter=450, val loss=3.111241461833318)
# 프롬프트 'quickly ' → 토큰 3개
# 모델 로드 완료 (iter=450, val loss=3.111241461833318)
# 프롬프트 'a big ' → 토큰 4개
# 모델 로드 완료 (iter=450, val loss=3.111241461833318)
# 프롬프트 'and ' → 토큰 2개
[the cat ] the cat in the new long can the dog is the big all to a good and a big car with my little like of my long for to small teacher not important a long not the long want to it and
[the water ] the water a old very little teacher the cat is to the am.  small very snur of the do and we learn to big be for I will very sun,  She go in my happy at a friend
[the tree ] the tree a old all when The big picture is it to the day.  see the like a think very have his want can want that the play are not have says I dad with a dad about the new friend
[to run ] to run a see the dog about a know to like a can not the car and hes. The see the small?  We go that the teacher about we happy. The learn me with her do a want is new
[to eat ] to eat a want to long not the cat is and a like to the car and heer with the see iting and that it but the teacher about we said we be learn of a think are says I want
[a happy ] a happy a want to long that I long it is the can like a good and the big happy with we know to have on for the play about we remember? The old day. We said to a want is see
[a big ] a big bgy is old so a long to big in in the milon is the ples. The will happy it was be new like it for very happy? I can not small have it a new like and
[above ] above a be in not friend to make an am in the old dion?  A dons my small happy it can like about the go says we said we very long like a put with the am day
[quickly ] quickly a want to long small be have the learn to very day.  The old big and that me all said a think my toy all my happy that says we my little play, was my be and the have
[and ] and I see a toy can the little all to it is my bey.   He learn to big want, to will new car on the have her goods with the book was see to a want it of
--- 샘플 끝 ---
반복 450: 손실 3.43 (54.9%), elapsed 17s.
반복 500: 손실 3.37 (55.6%), elapsed 149s.
반복 550: 손실 3.31 (56.4%), elapsed 277s.
스텝 600: 훈련 2.90 (61.8%) | 검증 2.90 (61.8%) | 평균 2.9004971305529277 | grad-norm 0.672
체크포인트 저장 완료 (best): /Users/joey51/works/pikogpt/model/ccmc-v4-merged-spacesep/vec/1087936/v0019/checkpoint.json
--- 샘플 (10 prompt × 1 sample, greedy T=0, 10 workers) ---
# 모델 로드 완료 (iter=600, val loss=2.9004971305529277)
# 프롬프트 'a big ' → 토큰 4개
# 모델 로드 완료 (iter=600, val loss=2.9004971305529277)
# 프롬프트 'the tree ' → 토큰 4개
# 모델 로드 완료 (iter=600, val loss=2.9004971305529277)
# 프롬프트 'a happy ' → 토큰 4개
# 모델 로드 완료 (iter=600, val loss=2.9004971305529277)
# 프롬프트 'quickly ' → 토큰 3개
# 모델 로드 완료 (iter=600, val loss=2.9004971305529277)
# 프롬프트 'to eat ' → 토큰 4개
# 모델 로드 완료 (iter=600, val loss=2.9004971305529277)
# 프롬프트 'to run ' → 토큰 4개
# 모델 로드 완료 (iter=600, val loss=2.9004971305529277)
# 프롬프트 'above ' → 토큰 4개
# 모델 로드 완료 (iter=600, val loss=2.9004971305529277)
# 프롬프트 'the cat ' → 토큰 4개
# 모델 로드 완료 (iter=600, val loss=2.9004971305529277)
# 프롬프트 'the water ' → 토큰 4개
# 모델 로드 완료 (iter=600, val loss=2.9004971305529277)
# 프롬프트 'and ' → 토큰 2개
[the cat ] the cat in the old table. We like not very says I see the bees. I like that we use the cart. The sun and many teacher for my dog when that I eat me a nice cat and the teacher
[the water ] the water in the old table. We like that a old big big friend to good on the big park. My long brother and find my sun of the little story when we am important for a little cat and the book
[the tree ] the tree in the old family. We like not very says I see the bees. I like that we want to plays at we have you help my toy water has you like our long toond.  The friend about
[to run ] to run a new new table. We like you can see a big book in the small old pening. My dad happy and find my sun of the little park has you says you have a little little day. I go
[to eat ] to eat a new new table. We like you can see a big book in the small old picil. I look me me to see a happy fene. The best good for my little cat, but he is very
[a happy ] a happy cmy, but a teacher for the day to read us a little iny is a red book for him and remember my cat of me that you put. The friend about my dog with a old friend can
[a big ] a big ckt is happy with a sister at the day is very inse. The new ponon and you take the dog for you want it are good because her is important and hedt. She says a friend
[above ] above in the big room. We like not says the big new day. A red small isle with a friend so. I think at my book of my cat when us the sister can bes. My beho is like
[quickly ] quickly in the day. Every toy is happy to see a new mom to find it at a dog so her park. I draw my sun on the little story has our very book. We like about we want to learn
[and ] and I want to eat my big friend. I want the old car in the teacher and a cat are you always can happy for our book with all many storys. We friend for her long about a friend day of
--- 샘플 끝 ---
반복 600: 손실 3.27 (57.0%), elapsed 426s.
반복 650: 손실 3.20 (58.0%), elapsed 559s.
반복 700: 손실 3.14 (58.7%), elapsed 681s.
스텝 750: 훈련 2.72 (64.2%) | 검증 2.75 (63.8%) | 평균 2.737064071496328 | grad-norm 0.932
체크포인트 저장 완료 (best): /Users/joey51/works/pikogpt/model/ccmc-v4-merged-spacesep/vec/1087936/v0020/checkpoint.json
--- 샘플 (10 prompt × 1 sample, greedy T=0, 10 workers) ---
# 모델 로드 완료 (iter=750, val loss=2.737064071496328)
# 프롬프트 'the cat ' → 토큰 4개
# 모델 로드 완료 (iter=750, val loss=2.737064071496328)
# 프롬프트 'quickly ' → 토큰 3개
# 모델 로드 완료 (iter=750, val loss=2.737064071496328)
# 프롬프트 'the tree ' → 토큰 4개
# 모델 로드 완료 (iter=750, val loss=2.737064071496328)
# 프롬프트 'the water ' → 토큰 4개
# 모델 로드 완료 (iter=750, val loss=2.737064071496328)
# 프롬프트 'above ' → 토큰 4개
# 모델 로드 완료 (iter=750, val loss=2.737064071496328)
# 프롬프트 'to eat ' → 토큰 4개
# 모델 로드 완료 (iter=750, val loss=2.737064071496328)
# 프롬프트 'and ' → 토큰 2개
# 모델 로드 완료 (iter=750, val loss=2.737064071496328)
# 프롬프트 'to run ' → 토큰 4개
# 모델 로드 완료 (iter=750, val loss=2.737064071496328)
# 프롬프트 'a big ' → 토큰 4개
# 모델 로드 완료 (iter=750, val loss=2.737064071496328)
# 프롬프트 'a happy ' → 토큰 4개
[the cat ] the cat in the book. I remember the dad and the little kitchen to buy a big family. We want to have my long book on the story, but we think her skeer. It is many warm and it of
[the water ] the water in the cars.  The teacher, a small day is very and day.  A sows can remember it.  At my park of the dog, and shed is happy with a special book.  I friend
[the tree ] the tree in the care.  The teacher, a small day is very very good.  A big box can make more on my sun from the story for our dad. Mom says that do an hot part and my dad,
[to run ] to run in the book. I remember the mom and the toy day. I share an wering with an big doger. The cat was important to love about our room. After I buy my new, so I want to remember
[to eat ] to eat a small small sky. She says many big day is my dad to put the day. I know my little table. The room was important and see about his friend. After I buy me a special park and it on
[a happy ] a happy duin, but a book is all the pmal that a little rar is a little picture with your big time. The little new staar?  No, it is big like you help a small big sp
[a big ] a big dous with sicon and like a mies can an spalei the dicing of new things.  He was fun to look for that feels.  I look for my book, we can learn
[above ] above in the big box. We like that is my new sapar in the teacher and I know my little table. The little book makes a mom that was important. It is not find our carer on the good
[quickly ] quickly in the book, and it is big and he go that a wonderful day. A story was very not playing. I eat my funny picture of we think that look to know about the house. He says the good
[and ] and I go to our story in my small toy at the cat to remember the day. A special little cat does to eat my friend. My mom have very hot, but the toy has not feel a small picture with
--- 샘플 끝 ---
반복 750: 손실 3.10 (59.2%), elapsed 817s.
반복 800: 손실 3.06 (59.7%), elapsed 940s.
반복 850: 손실 3.02 (60.3%), elapsed 1063s.
스텝 900: 훈련 2.54 (66.6%) | 검증 2.65 (65.1%) | 평균 2.5926789909601213 | grad-norm 0.805
체크포인트 저장 완료 (best): /Users/joey51/works/pikogpt/model/ccmc-v4-merged-spacesep/vec/1087936/v0021/checkpoint.json
--- 샘플 (10 prompt × 1 sample, greedy T=0, 10 workers) ---
# 모델 로드 완료 (iter=900, val loss=2.5926789909601213)
# 프롬프트 'the cat ' → 토큰 4개
# 모델 로드 완료 (iter=900, val loss=2.5926789909601213)
# 프롬프트 'to run ' → 토큰 4개
# 모델 로드 완료 (iter=900, val loss=2.5926789909601213)
# 프롬프트 'the water ' → 토큰 4개
# 모델 로드 완료 (iter=900, val loss=2.5926789909601213)
# 프롬프트 'quickly ' → 토큰 3개
# 모델 로드 완료 (iter=900, val loss=2.5926789909601213)
# 프롬프트 'a happy ' → 토큰 4개
# 모델 로드 완료 (iter=900, val loss=2.5926789909601213)
# 프롬프트 'and ' → 토큰 2개
# 모델 로드 완료 (iter=900, val loss=2.5926789909601213)
# 프롬프트 'the tree ' → 토큰 4개
# 모델 로드 완료 (iter=900, val loss=2.5926789909601213)
# 프롬프트 'a big ' → 토큰 4개
# 모델 로드 완료 (iter=900, val loss=2.5926789909601213)
# 프롬프트 'to eat ' → 토큰 4개
# 모델 로드 완료 (iter=900, val loss=2.5926789909601213)
# 프롬프트 'above ' → 토큰 4개
[the cat ] the cat in the little ground. It is interesting to feel very small so day. We feel big meove with my mum. My friend says I have a red old place of the story, it said we see a happy
[the water ] the water in the box. I remember the picture at the blue morning. I sit at a wonderful dog, but my dad. The brother makes us learn about old garden. After that, I watch my friend, and I want to make
[the tree ] the tree in the time. Finally, the friend gives a small man and be a nice sun and I know my brother shows it every garden. At it. We put my brothering with the little table. After that, I learn at to
[to run ] to run a old friend, and it is not all so fun. She says his friend is happy. My teacher says it was small and we like her day about the dad. My mom said we know we am fun to put
[to eat ] to eat a small new box. She says she says the big big car is good and very day. It was important because he wants to visit my little park when we know. I have very cold about a small mom about
[a happy ] a happy dinooeining. She says she says the foncenp is small and all it too. We put your sonal with our day for me. Mom tells us a little old damond a big wats.
[a big ] a big poy and made you am big. I want to see the caper of the dutes. It says him like his leym on it was happy. After that, I take me a beautiful book and the tot
[above ] above in the big ground. It is interesting to learn the new toy in my dad and I eat my blue mum. My friend says I have a red friend, but I sit of a cool park on the house
[quickly ] quickly in the toy car. She says she says it is my happy day we learn to be easy about it. That is happy and people not love that you drawt. The good sun helps us remember a small long garden.
[and ] and I go to our story, we read a big cat every day. Every says I saw my teacher says it is not like the new house. I remember the favorite dog and will know it. We am old teacher but
--- 샘플 끝 ---
반복 900: 손실 2.99 (60.7%), elapsed 1199s.
반복 950: 손실 2.96 (61.1%), elapsed 1323s.
반복 1000: 손실 2.94 (61.3%), elapsed 1446s.
스텝 1050: 훈련 2.56 (66.3%) | 검증 2.45 (67.7%) | 평균 2.5077716867129007 | grad-norm 0.715
체크포인트 저장 완료 (best): /Users/joey51/works/pikogpt/model/ccmc-v4-merged-spacesep/vec/1087936/v0022/checkpoint.json
--- 샘플 (10 prompt × 1 sample, greedy T=0, 10 workers) ---
# 모델 로드 완료 (iter=1050, val loss=2.5077716867129007)
# 프롬프트 'the tree ' → 토큰 4개
# 모델 로드 완료 (iter=1050, val loss=2.5077716867129007)
# 프롬프트 'a big ' → 토큰 4개
# 모델 로드 완료 (iter=1050, val loss=2.5077716867129007)
# 프롬프트 'and ' → 토큰 2개
# 모델 로드 완료 (iter=1050, val loss=2.5077716867129007)
# 프롬프트 'to eat ' → 토큰 4개
# 모델 로드 완료 (iter=1050, val loss=2.5077716867129007)
# 프롬프트 'the water ' → 토큰 4개
# 모델 로드 완료 (iter=1050, val loss=2.5077716867129007)
# 프롬프트 'above ' → 토큰 4개
# 모델 로드 완료 (iter=1050, val loss=2.5077716867129007)
# 프롬프트 'quickly ' → 토큰 3개
# 모델 로드 완료 (iter=1050, val loss=2.5077716867129007)
# 프롬프트 'a happy ' → 토큰 4개
# 모델 로드 완료 (iter=1050, val loss=2.5077716867129007)
# 프롬프트 'the cat ' → 토큰 4개
# 모델 로드 완료 (iter=1050, val loss=2.5077716867129007)
# 프롬프트 'to run ' → 토큰 4개
[the cat ] the cat in the kitchen after me.  This is a big red, and you like a soft box on the sky. I have a good new song in my garden. Our little dad said we eat it in the book. We
[the water ] the water in the garden. Finally, the man uses a small roke with a white car in many room.  I look on the book, but a long sun was happy.  A bird can on my table.  I feel
[the tree ] the tree in the garden. They draw a quiet book and he can read a warm box to the hand. My dad reads the cool park when the sun was interesting. He gave the story for the funny box. I see the
[to run ] to run a new day. But we can hear the small new book, I take a big cup with my little house. We have a important new hand in the garden. Finally, the toy was happy that and I learn my story
[to eat ] to eat a new big car. It is cold and says the small room is long and so the hand. The special week I try to watch my sister about his shop. Then I take the new kitchen that we do not
[a happy ] a happy dlepy with the time. I look at the semar in my big dole. We learn to make me for the puma. My dad does not buy a warm stamad. We am about the re
[a big ] a big cnt is soft for a green gin.  A riaal is a little stamhon of your pons.  You can play or you get?  The rearon makes the binma and
[above ] above Giarma.  The dury is a new man.  The nikic can be on the warpilgin can see it for it.  You am with my milal of malhrint
[quickly ] quickly in the garden. But we can hear a small new book, a brother says a quiet sun is very easy. I sit on my dad and put that looking. We help my sister not feel a good house for
[and ] and I will learn how her to understand the old day. The book is good to learn the great table. She showed me us about many more things that makes many. We will make our funny sun in the park. It
--- 샘플 끝 ---
반복 1050: 손실 2.90 (61.8%), elapsed 1581s.
반복 1100: 손실 2.90 (61.8%), elapsed 1703s.
반복 1150: 손실 2.87 (62.3%), elapsed 1826s.
스텝 1200: 훈련 2.40 (68.5%) | 검증 2.46 (67.6%) | 평균 2.4295942147572838 | grad-norm 1.057
체크포인트 저장 완료 (best): /Users/joey51/works/pikogpt/model/ccmc-v4-merged-spacesep/vec/1087936/v0023/checkpoint.json
--- 샘플 (10 prompt × 1 sample, greedy T=0, 10 workers) ---
# 모델 로드 완료 (iter=1200, val loss=2.4295942147572838)
# 프롬프트 'the water ' → 토큰 4개
# 모델 로드 완료 (iter=1200, val loss=2.4295942147572838)
# 프롬프트 'and ' → 토큰 2개
# 모델 로드 완료 (iter=1200, val loss=2.4295942147572838)
# 프롬프트 'a big ' → 토큰 4개
# 모델 로드 완료 (iter=1200, val loss=2.4295942147572838)
# 프롬프트 'to run ' → 토큰 4개
# 모델 로드 완료 (iter=1200, val loss=2.4295942147572838)
# 프롬프트 'quickly ' → 토큰 3개
# 모델 로드 완료 (iter=1200, val loss=2.4295942147572838)
# 프롬프트 'the cat ' → 토큰 4개
# 모델 로드 완료 (iter=1200, val loss=2.4295942147572838)
# 모델 로드 완료 (iter=1200, val loss=2.4295942147572838)
# 프롬프트 'a happy ' → 토큰 4개
# 프롬프트 'to eat ' → 토큰 4개
# 모델 로드 완료 (iter=1200, val loss=2.4295942147572838)
# 프롬프트 'the tree ' → 토큰 4개
# 모델 로드 완료 (iter=1200, val loss=2.4295942147572838)
# 프롬프트 'above ' → 토큰 4개
[the cat ] the cat in the kitchen too. It is sad to go to the park. I think it is a cold song about him. The story has people like my favorite week because his big floor was very cool. He has a happy
[the water ] the water in the kitchen because it is big.  I like the sun in my sister and I eat my box. Then, I sit on my dog on my mom. Next, we are fast with a cool table. My friend has
[the tree ] the tree in the garden. They share a soft big picture and the sun is warm and so a green water. We looked at my room when the blue box helps us. My mom said we had to be not good because
[to run ] to run in the water. Finally, I are cold and be in the book.  My mom is a funny time like your little table.  At my dog with big doors, we help me eat it. It is very happy and
[to eat ] to eat a small ststle. She says his pinll is happy to hear. I do not try with my mom. The teacher helps us have my little sister from it. I saw the forar for the martoar
[a happy ] a happy fin and see. It is sad to play at the car to help me all the table. We eat fast and run for our home. My dad comes because we are fun. We can buy old that he will
[a big ] a big cny?  I find a big hat in the stmcle.  A small restpat of your sasthy is in the basy.  First, the surin has many red bats and all
[above ] above Civar we. It is cold and not be big that I have a big dote. It was exciting to watch my brother with her house. He gave us a funny new depal because it is important
[quickly ] quickly I help me understand every day after the sun is very fun. I think it is a funny story about home. The funny water made me think that has beautiful, but it was nice. He said I want to draw
[and ] and I learn to forget that palia. The mefazaus is nice to see him too. The reonanity are long for water and you have many big. Mom says one day I know that the sisises
--- 샘플 끝 ---
반복 1200: 손실 2.85 (62.5%), elapsed 1979s.
반복 1250: 손실 2.82 (63.0%), elapsed 2102s.
반복 1300: 손실 2.79 (63.2%), elapsed 2226s.
스텝 1350: 훈련 2.36 (69.0%) | 검증 2.40 (68.4%) | 평균 2.3782485812902454 | grad-norm 1.092
체크포인트 저장 완료 (best): /Users/joey51/works/pikogpt/model/ccmc-v4-merged-spacesep/vec/1087936/v0024/checkpoint.json
--- 샘플 (10 prompt × 1 sample, greedy T=0, 10 workers) ---
# 모델 로드 완료 (iter=1350, val loss=2.3782485812902454)
# 프롬프트 'to eat ' → 토큰 4개
# 모델 로드 완료 (iter=1350, val loss=2.3782485812902454)
# 프롬프트 'the water ' → 토큰 4개
# 모델 로드 완료 (iter=1350, val loss=2.3782485812902454)
# 프롬프트 'and ' → 토큰 2개
# 모델 로드 완료 (iter=1350, val loss=2.3782485812902454)
# 프롬프트 'above ' → 토큰 4개
# 모델 로드 완료 (iter=1350, val loss=2.3782485812902454)
# 프롬프트 'a happy ' → 토큰 4개
# 모델 로드 완료 (iter=1350, val loss=2.3782485812902454)
# 프롬프트 'quickly ' → 토큰 3개
# 모델 로드 완료 (iter=1350, val loss=2.3782485812902454)
# 프롬프트 'a big ' → 토큰 4개
# 모델 로드 완료 (iter=1350, val loss=2.3782485812902454)
# 프롬프트 'the tree ' → 토큰 4개
# 모델 로드 완료 (iter=1350, val loss=2.3782485812902454)
# 프롬프트 'the cat ' → 토큰 4개
# 모델 로드 완료 (iter=1350, val loss=2.3782485812902454)
# 프롬프트 'to run ' → 토큰 4개
[the cat ] the cat in the garden. When we can hear a small new book? I could see a quiet room and says it is important to have. My dad tells my best friend. I always think the great park and was not
[the water ] the water in the garden. Now my friend helped me help the new cop after the big door. My mom says it is fun to play the picture at it. I wanted to have a blue house with a book of our
[the tree ] the tree in the garden. When we can hear a small big book? I could see a white part of the kitchen. The bird was clean and made of no tree. After the garden, we take at a car and find
[to run ] to run a small ravity for a soft lamo in the garden.  The svanese of miloand, so the futing is not a long tuma.  I will eat his troby to my
[to eat ] to eat a small sone. The chpf, the rar has red dind. I like our old muts on the big lay. Then to look at it from my more. He says new be the fat of
[a happy ] a happy day on the park. My mom said the fat, so I saw a sont. We learn about the setos and feel the mole so you eats. It is good that can play in the past.
[a big ] a big byy is full of a soft gon the table. We are fast and he came of the pone. But I take on my dad and eat our red spas. When we can buy small war, it
[above ] above Acena wet. My friend puts in the fomuomer to have the huma. I want to make it and go to my dasty day. Last day. My dad did not find a big picand
[quickly ] quickly in the garden. When we can walk, I do not know the story on a lot. It is big and fun. We use the new house to make the famous book. My dad tells about her day we use me.
[and ] and I learn about how new about home. The teacher says he can be long with a big smile. We get fast and clean on my favorite book. He gave us our new place for the friends. She said the important
--- 샘플 끝 ---
반복 1350: 손실 2.78 (63.4%), elapsed 2362s.
반복 1400: 손실 2.76 (63.7%), elapsed 2485s.
반복 1450: 손실 2.75 (63.8%), elapsed 2608s.
스텝 1500: 훈련 2.29 (69.9%) | 검증 2.29 (69.9%) | 평균 2.289270759622256 | grad-norm 1.052
체크포인트 저장 완료 (best): /Users/joey51/works/pikogpt/model/ccmc-v4-merged-spacesep/vec/1087936/v0025/checkpoint.json
--- 샘플 (10 prompt × 1 sample, greedy T=0, 10 workers) ---
# 모델 로드 완료 (iter=1500, val loss=2.289270759622256)
# 프롬프트 'a big ' → 토큰 4개
# 모델 로드 완료 (iter=1500, val loss=2.289270759622256)
# 프롬프트 'the water ' → 토큰 4개
# 모델 로드 완료 (iter=1500, val loss=2.289270759622256)
# 프롬프트 'the tree ' → 토큰 4개
# 모델 로드 완료 (iter=1500, val loss=2.289270759622256)
# 프롬프트 'to run ' → 토큰 4개
# 모델 로드 완료 (iter=1500, val loss=2.289270759622256)
# 프롬프트 'and ' → 토큰 2개
# 모델 로드 완료 (iter=1500, val loss=2.289270759622256)
# 프롬프트 'to eat ' → 토큰 4개
# 모델 로드 완료 (iter=1500, val loss=2.289270759622256)
# 프롬프트 'quickly ' → 토큰 3개
# 모델 로드 완료 (iter=1500, val loss=2.289270759622256)
# 프롬프트 'a happy ' → 토큰 4개
# 모델 로드 완료 (iter=1500, val loss=2.289270759622256)
# 프롬프트 'above ' → 토큰 4개
# 모델 로드 완료 (iter=1500, val loss=2.289270759622256)
# 프롬프트 'the cat ' → 토큰 4개
[the cat ] the cat in the kitchen after school.  This is the book of the teacher.  A doctor has a small room?  She likes my little sister for school too. We are cool for a blue cup and the ball
[the water ] the water in the garden. Then my friend puts a small rurf on a little stat. I saw the sputers and watch it down on it because we take it.  An plap makes the bay and thang
[the tree ] the tree in the book. Then my friend puts a small ragdt to run. The pang was very happy for me. The middle can feel little but big. She says you want to visit the omin of
[to run ] to run in the park. Then it is quiet and we can see it to make the new? She was my little house with the book, like my family makes us, not not have small water. The big toy is good
[to eat ] to eat a old sat. I put the leoio in the sun to play on the late. The mest, my dad, and we play with our dad. After that, I saw a gastic from the gomyn
[a happy ] a happy dadd. I hope my new room is very happy. The tia has a big depthk and says it is about the fants. I remember the good tmina with an interesting day. My friend said
[a big ] a big bay on the park. My mom has a new moxy to take the cener. We help me remember, and we find many red woen. She told me. I saw me a little happy picry. It
[above ] above Eiron on the sky. I love to see it every day too. The Diam has a new caric and she also gave me the old temuma. It is many food when we all play for it.
[quickly ] quickly in the garden. At that, I saw a small still for a quiet pum. Then, my mom was so red and it is very much.  My friend, so I must make a little coin on the sky.
[and ] and I learn at night. She says she is very important to make a interesting book with the kitchen. We know this new song like his special time. She told us our new way with the best way on the house.
--- 샘플 끝 ---
반복 1500: 손실 2.73 (64.1%), elapsed 2743s.
반복 1550: 손실 2.70 (64.5%), elapsed 2867s.
반복 1600: 손실 2.70 (64.5%), elapsed 2989s.
스텝 1650: 훈련 2.26 (70.3%) | 검증 2.29 (69.9%) | 평균 2.27483796676 | grad-norm 0.961
체크포인트 저장 완료 (best): /Users/joey51/works/pikogpt/model/ccmc-v4-merged-spacesep/vec/1087936/v0026/checkpoint.json
--- 샘플 (10 prompt × 1 sample, greedy T=0, 10 workers) ---
# 모델 로드 완료 (iter=1650, val loss=2.27483796676)
# 프롬프트 'a happy ' → 토큰 4개
# 모델 로드 완료 (iter=1650, val loss=2.27483796676)
# 프롬프트 'the water ' → 토큰 4개
# 모델 로드 완료 (iter=1650, val loss=2.27483796676)
# 프롬프트 'and ' → 토큰 2개
# 모델 로드 완료 (iter=1650, val loss=2.27483796676)
# 프롬프트 'to eat ' → 토큰 4개
# 모델 로드 완료 (iter=1650, val loss=2.27483796676)
# 프롬프트 'quickly ' → 토큰 3개
# 모델 로드 완료 (iter=1650, val loss=2.27483796676)
# 프롬프트 'the cat ' → 토큰 4개
# 모델 로드 완료 (iter=1650, val loss=2.27483796676)
# 프롬프트 'the tree ' → 토큰 4개
# 모델 로드 완료 (iter=1650, val loss=2.27483796676)
# 프롬프트 'above ' → 토큰 4개
# 모델 로드 완료 (iter=1650, val loss=2.27483796676)
# 프롬프트 'to run ' → 토큰 4개
# 모델 로드 완료 (iter=1650, val loss=2.27483796676)
# 프롬프트 'a big ' → 토큰 4개
[the cat ] the cat in the kitchen after school.  Some you see a new spid?  A story of a man are big and big people to make a red page.  A story of a parting in the room at
[the water ] the water in the garden. Then my friend took a small big new coin because I am sad. It is so interesting, and we have his long sped. He wanted to see him when I sit up and it was
[the tree ] the tree in the book. Then we see many small dogs on my toy hand. I like my own picture of the house on the table. The cat is happy to leave. I did not see our other hat and go
[to run ] to run in the kitchen, and it is so long and they get a soft pour. After that, I help my little toy on the pone on my hand. Then, we do not put the ball for the poot.
[to eat ] to eat a small raple. We can write a new croger. I saw a gats on the olepth. The new porse of the tethry goes fast. The bere, we have a new menv
[a happy ] a happy dade. I hope my tutton is very happy. The sxrhyser is exciting for me. I have the tumgen from the day too. After they keep, it was happy when we all play it. She
[a big ] a big cve. I say my eole. The nrin is very big and fun. I like to get my blue kyal when you play it. He gave us her balal, but we look to see the t
[above ] above a big sustine with a soft foot.  A sxuess is a soft oraky and an yadan, but the sanger makes many animals from a book.  Bamveruation is in the
[quickly ] quickly he was very tired. He says she can help the new new cube. I see a cat with my eyes and watch her happy. My dad tells us that new bides. It is great to have a small
[and ] and I learn about how you can forget an old pages?  An fat is a great part of animals.  At school. He said it was happy when she says one new gone. It is so interesting
--- 샘플 끝 ---
반복 1650: 손실 2.68 (64.8%), elapsed 3126s.
반복 1700: 손실 2.68 (64.8%), elapsed 3249s.
반복 1750: 손실 2.67 (64.9%), elapsed 3372s.
스텝 1800: 훈련 2.19 (71.2%) | 검증 2.22 (70.8%) | 평균 2.2039211273193358 | grad-norm 0.907
체크포인트 저장 완료 (best): /Users/joey51/works/pikogpt/model/ccmc-v4-merged-spacesep/vec/1087936/v0027/checkpoint.json
--- 샘플 (10 prompt × 1 sample, greedy T=0, 10 workers) ---
# 모델 로드 완료 (iter=1800, val loss=2.2039211273193358)
# 프롬프트 'to eat ' → 토큰 4개
# 모델 로드 완료 (iter=1800, val loss=2.2039211273193358)
# 프롬프트 'a big ' → 토큰 4개
# 모델 로드 완료 (iter=1800, val loss=2.2039211273193358)
# 프롬프트 'the cat ' → 토큰 4개
# 모델 로드 완료 (iter=1800, val loss=2.2039211273193358)
# 프롬프트 'the water ' → 토큰 4개
# 모델 로드 완료 (iter=1800, val loss=2.2039211273193358)
# 프롬프트 'to run ' → 토큰 4개
# 모델 로드 완료 (iter=1800, val loss=2.2039211273193358)
# 프롬프트 'quickly ' → 토큰 3개
# 모델 로드 완료 (iter=1800, val loss=2.2039211273193358)
# 프롬프트 'the tree ' → 토큰 4개
# 모델 로드 완료 (iter=1800, val loss=2.2039211273193358)
# 프롬프트 'above ' → 토큰 4개
# 모델 로드 완료 (iter=1800, val loss=2.2039211273193358)
# 프롬프트 'and ' → 토큰 2개
# 모델 로드 완료 (iter=1800, val loss=2.2039211273193358)
# 프롬프트 'a happy ' → 토큰 4개
[the cat ] the cat in the park. Dad tells me some new man is very fun. I think it is a easy time like what it does not study every day. She gives us more big animals with a funny way to learn about
[the water ] the water in the kitchen by our toy box. A book is a good wang. I see a blue sun with soft pets and it is fun.  The small tree has big cold water.  My friend can do not
[the tree ] the tree in the garden. When we see some warm water at the garden to draw the big red ball. She wants that the wind was fast and strong. We walk back, with the room but very fun.  Smor and
[to run ] to run in the kitchen after school.  Yesterday I put a small toy during the poof. She makes the cat's long box with no big red things. After that, we do not find a funny cat at the garden.
[to eat ] to eat a small pin. I think it is very good for him to say. The math has a old stage. I take my green tight. She gave her small bururs so somethings you do not not
[a happy ] a happy palarioen. I draw an iniman to my little friend. The fanch was very important for our house. I feel my little day for the most special day. It was interesting to see the meinan
[a big ] a big balares with the water. I find a big book about Melet and suring it very nice. My mom says a old fall is good to see. We help her buy many things in the book when
[above ] above a new stururg.  Do you see a mine in of a dader.  I can remember the tang with my room.  We eat one day to keep it on it.  Matmal at
[quickly ] quickly in the garden. Then we use him in the big beange. I try to use a cold red toy near the kitchen. My brother said it was warm when she is clean. It is cool for my mom, but
[and ] and I want to say that pasic. I feel my small new burle of the fifen. We try because it was fun when it is important. After that, we are nice for a special time and he said
--- 샘플 끝 ---
반복 1800: 손실 2.64 (65.2%), elapsed 3507s.
반복 1850: 손실 2.64 (65.2%), elapsed 3629s.
반복 1900: 손실 2.64 (65.3%), elapsed 3750s.
To honour the JVM settings for this build a single-use Daemon process will be forked. For more on this, please refer to https://docs.gradle.org/8.8/userguide/gradle_daemon.html#sec:disabling_the_daemon in the Gradle documentation.
Daemon will be stopped at the end of the build 
> Task :processResources NO-SOURCE
> Task :compileKotlin
> Task :compileJava NO-SOURCE
> Task :classes UP-TO-DATE

> Task :runCcmcV4MergedSpaceSepQuickTrainVec
=== VecPikoGPT (vec 백엔드) 훈련 시작 ===
설정: TrainConfig(dataPath=data/ccmc-v4-merged-spacesep, modelDir=model, evalIntervalRatio=0.05, logInterval=50, evalIters=100, evalOnly=false, alwaysSaveCheckpoint=true, initFrom=resume, modelCheckpointDir=null, pretrainCheckpointDir=null, replayDataPath=null, replayRatio=0.0, replayDataPath2=null, replayRatio2=0.0, earlyStopPatience=0, samplePrompts=[the cat , the water , the tree , to run , to eat , a happy , a big , above , quickly , and ], recordAwareSampling=false, chunkAnchoredSampling=true, dataset=default, gradientAccumulationSteps=32, batchSize=2, blockSize=128, embeddingDimension=96, numberOfLayers=8, numberOfHeads=3, bias=true, dropout=0.05, learningRate=3.0E-4, maxIters=3000, weightDecay=0.05, beta1=0.9, beta2=0.95, gradClip=1.0, labelSmoothing=0.05, tieWeights=true, mlpActivation=swiglu, positionEncoding=rope, decayLr=true, warmupRatio=0.03, learningRateDecayRatio=0.95, minimumLearningRate=3.0E-5)
베이스라인 손실: 7.6009 (vocab=2000)
모델 파라미터 텐서 수: 147, 총 스칼라 원소: 1087936
데이터 병렬 학습 활성 — worker 수 10 (CPU 12, seq/iter 64)
Chunk-anchored train loader 활성: data=data/ccmc-v4-merged-spacesep/train.bin, bosId=2, blockSize=128
데이터 로드 완료: 6679849 토큰, 46386 records, 35431 chunk anchors (chunk-anchored, blockSize=128, bosId=2)
Chunk-anchored val loader 활성: data=data/ccmc-v4-merged-spacesep/val.bin, bosId=2, blockSize=128
데이터 로드 완료: 339221 토큰, 2441 records, 1760 chunk anchors (chunk-anchored, blockSize=128, bosId=2)
체크포인트 재개: iter=1800, bestLoss=2.2039 from /Users/joey51/works/pikogpt/model/ccmc-v4-merged-spacesep/vec/1087936/v0027
스텝 1800: 훈련 2.21 (70.9%) | 검증 2.24 (70.6%) | 평균 2.2238711687922477 | grad-norm 0.000
체크포인트 저장 완료 (always): /Users/joey51/works/pikogpt/model/ccmc-v4-merged-spacesep/vec/1087936/v0028/checkpoint.json
--- 샘플 (10 prompt × 1 sample, greedy T=0, 10 workers) ---
# 모델 로드 완료 (iter=1800, val loss=2.2039211273193358)
# 프롬프트 'the tree ' → 토큰 4개
# 모델 로드 완료 (iter=1800, val loss=2.2039211273193358)
# 프롬프트 'a big ' → 토큰 4개
# 모델 로드 완료 (iter=1800, val loss=2.2039211273193358)
# 프롬프트 'quickly ' → 토큰 3개
# 모델 로드 완료 (iter=1800, val loss=2.2039211273193358)
# 프롬프트 'above ' → 토큰 4개
# 모델 로드 완료 (iter=1800, val loss=2.2039211273193358)
# 프롬프트 'to run ' → 토큰 4개
# 모델 로드 완료 (iter=1800, val loss=2.2039211273193358)
# 프롬프트 'and ' → 토큰 2개
# 모델 로드 완료 (iter=1800, val loss=2.2039211273193358)
# 프롬프트 'the cat ' → 토큰 4개
# 모델 로드 완료 (iter=1800, val loss=2.2039211273193358)
# 프롬프트 'a happy ' → 토큰 4개
# 모델 로드 완료 (iter=1800, val loss=2.2039211273193358)
# 프롬프트 'to eat ' → 토큰 4개
# 모델 로드 완료 (iter=1800, val loss=2.2039211273193358)
# 프롬프트 'the water ' → 토큰 4개
[the cat ] the cat in the park. Dad tells me some new man is very fun. I think it is a easy time like what it does not study every day. She gives us more big animals with a funny way to learn about
[the water ] the water in the kitchen by our toy box. A book is a good wang. I see a blue sun with soft pets and it is fun.  The small tree has big cold water.  My friend can do not
[the tree ] the tree in the garden. When we see some warm water at the garden to draw the big red ball. She wants that the wind was fast and strong. We walk back, with the room but very fun.  Smor and
[to run ] to run in the kitchen after school.  Yesterday I put a small toy during the poof. She makes the cat's long box with no big red things. After that, we do not find a funny cat at the garden.
[to eat ] to eat a small pin. I think it is very good for him to say. The math has a old stage. I take my green tight. She gave her small bururs so somethings you do not not
[a happy ] a happy palarioen. I draw an iniman to my little friend. The fanch was very important for our house. I feel my little day for the most special day. It was interesting to see the meinan
[a big ] a big balares with the water. I find a big book about Melet and suring it very nice. My mom says a old fall is good to see. We help her buy many things in the book when
[above ] above a new stururg.  Do you see a mine in of a dader.  I can remember the tang with my room.  We eat one day to keep it on it.  Matmal at
[quickly ] quickly in the garden. Then we use him in the big beange. I try to use a cold red toy near the kitchen. My brother said it was warm when she is clean. It is cool for my mom, but
[and ] and I want to say that pasic. I feel my small new burle of the fifen. We try because it was fun when it is important. After that, we are nice for a special time and he said
--- 샘플 끝 ---
반복 1800: 손실 2.66 (65.0%), elapsed 19s.
반복 1850: 손실 2.64 (65.3%), elapsed 141s.
반복 1900: 손실 2.63 (65.4%), elapsed 262s.
스텝 1950: 훈련 2.21 (71.0%) | 검증 2.17 (71.5%) | 평균 2.188159828484058 | grad-norm 0.886
체크포인트 저장 완료 (best): /Users/joey51/works/pikogpt/model/ccmc-v4-merged-spacesep/vec/1087936/v0029/checkpoint.json
--- 샘플 (10 prompt × 1 sample, greedy T=0, 10 workers) ---
# 모델 로드 완료 (iter=1950, val loss=2.188159828484058)
# 프롬프트 'to eat ' → 토큰 4개
# 모델 로드 완료 (iter=1950, val loss=2.188159828484058)
# 프롬프트 'a happy ' → 토큰 4개
# 모델 로드 완료 (iter=1950, val loss=2.188159828484058)
# 프롬프트 'a big ' → 토큰 4개
# 모델 로드 완료 (iter=1950, val loss=2.188159828484058)
# 프롬프트 'quickly ' → 토큰 3개
# 모델 로드 완료 (iter=1950, val loss=2.188159828484058)
# 프롬프트 'the water ' → 토큰 4개
# 모델 로드 완료 (iter=1950, val loss=2.188159828484058)
# 프롬프트 'to run ' → 토큰 4개
# 모델 로드 완료 (iter=1950, val loss=2.188159828484058)
# 프롬프트 'the tree ' → 토큰 4개
# 모델 로드 완료 (iter=1950, val loss=2.188159828484058)
# 프롬프트 'and ' → 토큰 2개
# 모델 로드 완료 (iter=1950, val loss=2.188159828484058)
# 프롬프트 'the cat ' → 토큰 4개
# 모델 로드 완료 (iter=1950, val loss=2.188159828484058)
# 프롬프트 'above ' → 토큰 4개
[the cat ] the cat in the kitchen next time.  Do you use a small cat?  A new person can be like a red room, but the teacher helps us build it.  A funny parter has many big things on my
[the water ] the water in the garden. Then my friend puts a small beal when I saw a sillon. It is very nice, so we put his spides with red paper. After we hold, we opens to go to the
[the tree ] the tree in the garden. Then we go back to the car and make a little big carth. She has a beautiful house with the warm sun for a nice time. But it is good for many times, so I feel
[to run ] to run in the garden. Then my friend takes a small stst. The bages are very big with many flowers. When the cops, I put a red hateing on the box. Mom tells me a small paste
[to eat ] to eat a small plate. I sit on the book and put my mouth. The cower has a small small, like many things. Mom says it is nice when she says one to be sad. We feel good with
[a happy ] a happy rereat to give our soure. I remember the repeat in my toy to the other. The newinre was very interesting, we put on our friends. Dad says our friends. Mom said I was for her
[a big ] a big cuuan canll for a book. I want to see the camera in our room. The middaman of a big corerl with many colors. He says that is a cool tea of an ar
[above ] above a new new subreurrod because it is very good. I like to play at the story about old colors. The biole looks so nice that we both need a prossuon. After we see, he said
[quickly ] quickly he will go fast. She says she says to can see the big cat all with a soft smile. We played at her room so it was strong but beautiful. After I looked and feel happy. After my mom, we
[and ] and I feel fun because we are strong. The teacher says the beautiful is good and it is cold. We try that the people look interesting on the ground. Mom gives us a great cat, but he is good at home.
--- 샘플 끝 ---
반복 1950: 손실 2.62 (65.5%), elapsed 404s.
반복 2000: 손실 2.62 (65.5%), elapsed 525s.
반복 2050: 손실 2.61 (65.7%), elapsed 645s.
스텝 2100: 훈련 2.14 (71.8%) | 검증 2.19 (71.2%) | 평균 2.167034620046616 | grad-norm 0.904
체크포인트 저장 완료 (best): /Users/joey51/works/pikogpt/model/ccmc-v4-merged-spacesep/vec/1087936/v0030/checkpoint.json
--- 샘플 (10 prompt × 1 sample, greedy T=0, 10 workers) ---
# 모델 로드 완료 (iter=2100, val loss=2.167034620046616)
# 프롬프트 'quickly ' → 토큰 3개
# 모델 로드 완료 (iter=2100, val loss=2.167034620046616)
# 프롬프트 'the water ' → 토큰 4개
# 모델 로드 완료 (iter=2100, val loss=2.167034620046616)
# 프롬프트 'above ' → 토큰 4개
# 모델 로드 완료 (iter=2100, val loss=2.167034620046616)
# 프롬프트 'the tree ' → 토큰 4개
# 모델 로드 완료 (iter=2100, val loss=2.167034620046616)
# 프롬프트 'to run ' → 토큰 4개
# 모델 로드 완료 (iter=2100, val loss=2.167034620046616)
# 프롬프트 'a big ' → 토큰 4개
# 모델 로드 완료 (iter=2100, val loss=2.167034620046616)
# 프롬프트 'the cat ' → 토큰 4개
# 모델 로드 완료 (iter=2100, val loss=2.167034620046616)
# 프롬프트 'and ' → 토큰 2개
# 모델 로드 완료 (iter=2100, val loss=2.167034620046616)
# 프롬프트 'to eat ' → 토큰 4개
# 모델 로드 완료 (iter=2100, val loss=2.167034620046616)
# 프롬프트 'a happy ' → 토큰 4개
[the cat ] the cat in the garden. Then we go away. I look at the little physal to school. My teacher says it is not very nice. I remember the man, but she says his old curse makes me happy. We
[the water ] the water in the garden. Then my friend takes a small stus, and I try to learn the cars. The new staral is very good that I love. After that, I hear my big cat every day. After that,
[the tree ] the tree in the garden. When we use food, I do not try the sun. The new story has a small spoon and his own friend. We make it fast because she is big. He says that our old canit
[to run ] to run in the garden. When we use food, I do not share a book. The new bird makes me have big things. We use the moleteces with the best dog and we sit there. It is fun to know
[to eat ] to eat a small racker. We see some rots in the old bust. The gug has the big big trong. I read the big basting in school. My teacher says we know about a beuan with
[a happy ] a happy palar?  I love the ronia in the park.  We do not like that all my hands.  You can watch the wea sokmy?  The palal with my head is not
[a big ] a big boot. I looked at the crury and it is not very cool. My friend says we can share what to keep you smile. We look at that small, but the reantic looks not very safe. I find
[above ] above a moleming and it are old and very pretty. It is easy to see how you do about reroes with the repeues. My dad tells us many is easy but I need when it is important
[quickly ] quickly a good book after school. I did not have a new toy in my room. The new story has many animals and fun. We study to make her little favorite friend. I ask that a special cat can be happy
[and ] and I feel not clean. She says she is very important to remember the way for my school. Mom helps me choose the exciting story again every day. He helped him understand the way about a book. She said he will
--- 샘플 끝 ---
반복 2100: 손실 2.61 (65.7%), elapsed 782s.
반복 2150: 손실 2.59 (65.9%), elapsed 904s.
반복 2200: 손실 2.58 (66.1%), elapsed 1026s.
스텝 2250: 훈련 2.17 (71.4%) | 검증 2.14 (71.8%) | 평균 2.155573955774307 | grad-norm 0.778
체크포인트 저장 완료 (best): /Users/joey51/works/pikogpt/model/ccmc-v4-merged-spacesep/vec/1087936/v0031/checkpoint.json
--- 샘플 (10 prompt × 1 sample, greedy T=0, 10 workers) ---
# 모델 로드 완료 (iter=2250, val loss=2.155573955774307)
# 프롬프트 'to eat ' → 토큰 4개
# 모델 로드 완료 (iter=2250, val loss=2.155573955774307)
# 프롬프트 'the tree ' → 토큰 4개
# 모델 로드 완료 (iter=2250, val loss=2.155573955774307)
# 프롬프트 'and ' → 토큰 2개
# 모델 로드 완료 (iter=2250, val loss=2.155573955774307)
# 프롬프트 'the cat ' → 토큰 4개
# 모델 로드 완료 (iter=2250, val loss=2.155573955774307)
# 프롬프트 'quickly ' → 토큰 3개
# 모델 로드 완료 (iter=2250, val loss=2.155573955774307)
# 모델 로드 완료 (iter=2250, val loss=2.155573955774307)
# 모델 로드 완료 (iter=2250, val loss=2.155573955774307)
# 프롬프트 'a happy ' → 토큰 4개
# 프롬프트 'to run ' → 토큰 4개
# 프롬프트 'above ' → 토큰 4개
# 모델 로드 완료 (iter=2250, val loss=2.155573955774307)
# 프롬프트 'a big ' → 토큰 4개
# 모델 로드 완료 (iter=2250, val loss=2.155573955774307)
# 프롬프트 'the water ' → 토큰 4개
[the cat ] the cat in the kitchen near my school. After that, I use a book to find the big preet. Next, we played and watch it away. Finally, the dog uses our bags of the book. The car is like a little
[the water ] the water in the garden. Then we go into a small bell with a soft lat. I like to share with happy people from my feet. My friend likes the white car and put me up on a dry book.
[the tree ] the tree in the garden. When we use water, I was too full of water. The big grass was very warm and warm. We play on a clean pair from my hands. I looked at the white kitchen and was so
[to run ] to run in the kitchen, and it is not very good. My sister says she can be hard but the new man. I saw the cat on the park when we keep the cat, but that was a good thing we
[to eat ] to eat a small wen. I draw a happy poof with my friend every day. I could get the rack near the bed. My brother said it was happy when you are sad. It is sad and says he was
[a happy ] a happy rereat to give his rereroes to the new new ebage. I like our friend's friend can teach me it. We went to see about new others, but it is fun. After we do, he had
[a big ] a big cyar and its blue dates. I look at the leg when I am sad. My friend says it is too good to see many line. She came up to keep my cows nice. My friend said
[above ] above a new new substctes. The teacher says he will study an exciting molecic. We learn about the man with the old eovia every night. Mom told me more about a beautiful new rotid. My
[quickly ] quickly in the garden. Then we play by the dog at the kitchen to get it on a box. She gave him a blue hand but the dog made us strong. After he puts it, her cat is not happy when
[and ] and I feel too tired. He is full of the big stat. I say the domusty again when we stop out home. We saw a long man for our favorite fides. It is always sad to feel happy.
--- 샘플 끝 ---
반복 2250: 손실 2.57 (66.2%), elapsed 1162s.
반복 2300: 손실 2.58 (66.1%), elapsed 1283s.
반복 2350: 손실 2.58 (66.1%), elapsed 1404s.
스텝 2400: 훈련 2.09 (72.5%) | 검증 2.14 (71.8%) | 평균 2.1182997918128965 | grad-norm 0.968
체크포인트 저장 완료 (best): /Users/joey51/works/pikogpt/model/ccmc-v4-merged-spacesep/vec/1087936/v0032/checkpoint.json
--- 샘플 (10 prompt × 1 sample, greedy T=0, 10 workers) ---
# 모델 로드 완료 (iter=2400, val loss=2.1182997918128965)
# 프롬프트 'quickly ' → 토큰 3개
# 모델 로드 완료 (iter=2400, val loss=2.1182997918128965)
# 프롬프트 'a big ' → 토큰 4개
# 모델 로드 완료 (iter=2400, val loss=2.1182997918128965)
# 프롬프트 'the cat ' → 토큰 4개
# 모델 로드 완료 (iter=2400, val loss=2.1182997918128965)
# 프롬프트 'to eat ' → 토큰 4개
# 모델 로드 완료 (iter=2400, val loss=2.1182997918128965)
# 프롬프트 'the tree ' → 토큰 4개
# 모델 로드 완료 (iter=2400, val loss=2.1182997918128965)
# 프롬프트 'above ' → 토큰 4개
# 모델 로드 완료 (iter=2400, val loss=2.1182997918128965)
# 프롬프트 'a happy ' → 토큰 4개
# 모델 로드 완료 (iter=2400, val loss=2.1182997918128965)
# 프롬프트 'to run ' → 토큰 4개
# 모델 로드 완료 (iter=2400, val loss=2.1182997918128965)
# 프롬프트 'and ' → 토큰 2개
# 모델 로드 완료 (iter=2400, val loss=2.1182997918128965)
# 프롬프트 'the water ' → 토큰 4개
[the cat ] the cat in the park. Dad gives the bird to be a new story to play with my mom, and he went on the long time to get a toy of them. We put it every week, but the old red
[the water ] the water in the garden. Then we go back to the small rock. I helped my friend sit with a small cover. The red stoots are warm and quiet. At school, I give my new car for the purt.
[the tree ] the tree in the garden. When we use some warm water to be long at home. I see a green air with two people go home. Mom says it is cool when she says she said heading are all old things
[to run ] to run in the kitchen after night.  Yesterday I had a new red bate. The dutist makes me go fast. He went to the filly to get the garden. It was not sad because we all put it with
[to eat ] to eat a small street. We see some wings in the green during the figat. The pine makes no warm water like green things. I draw big green blue clear. It is nice to look at the
[a happy ] a happy seat on the room. We put it in a warm kitchen to keep the fates. The tift has many blue and tall. I put my dog under my maying room. I ask him to see the
[a big ] a big cylecller. I draw a small cycdle for a white cyble. I ask her we found a little chyrice. My toy book comes from a blue pler. He looks in the pyle
[above ] above a new new substment to him. I love the new spryuit. The newooides are long because it makes her safe. We put my dog on my hellil, so she also says it is important
[quickly ] quickly in the garden. Dad gives the light to see a new coke by the mides. My mom says it is good to have a long page. We need for a funny car, but it is not happy. We
[and ] and I feel too tired. She says she is so good to make a funny book. I like her toy one week. My brother shows us the little brother. The name was so special when we look to me. The special
--- 샘플 끝 ---
반복 2400: 손실 2.56 (66.3%), elapsed 1540s.
반복 2450: 손실 2.55 (66.5%), elapsed 1661s.
반복 2500: 손실 2.55 (66.4%), elapsed 1782s.
스텝 2550: 훈련 2.12 (72.2%) | 검증 2.15 (71.7%) | 평균 2.132797166109085 | grad-norm 0.883
체크포인트 저장 완료 (always): /Users/joey51/works/pikogpt/model/ccmc-v4-merged-spacesep/vec/1087936/v0033/checkpoint.json
--- 샘플 (10 prompt × 1 sample, greedy T=0, 10 workers) ---
# 모델 로드 완료 (iter=2550, val loss=2.1182997918128965)
# 프롬프트 'above ' → 토큰 4개
# 모델 로드 완료 (iter=2550, val loss=2.1182997918128965)
# 프롬프트 'and ' → 토큰 2개
# 모델 로드 완료 (iter=2550, val loss=2.1182997918128965)
# 프롬프트 'quickly ' → 토큰 3개
# 모델 로드 완료 (iter=2550, val loss=2.1182997918128965)
# 프롬프트 'a happy ' → 토큰 4개
# 모델 로드 완료 (iter=2550, val loss=2.1182997918128965)
# 프롬프트 'the tree ' → 토큰 4개
# 모델 로드 완료 (iter=2550, val loss=2.1182997918128965)
# 프롬프트 'the cat ' → 토큰 4개
# 모델 로드 완료 (iter=2550, val loss=2.1182997918128965)
# 프롬프트 'the water ' → 토큰 4개
# 모델 로드 완료 (iter=2550, val loss=2.1182997918128965)
# 프롬프트 'to eat ' → 토큰 4개
# 모델 로드 완료 (iter=2550, val loss=2.1182997918128965)
# 프롬프트 'a big ' → 토큰 4개
# 모델 로드 완료 (iter=2550, val loss=2.1182997918128965)
# 프롬프트 'to run ' → 토큰 4개
[the cat ] the cat in the kitchen near my school. After that, I use a car to get the big pin. Finally, I draw the red rap because it is big.  In my friend, my brother works on a small stroro
[the water ] the water in the garden. When we use some red coin, a long page. I like to draw in the warm coin one day. Mom says it is special when she is small. We are nice when it is good
[the tree ] the tree in the garden. When we use water, I do not eat a pretty roat. The four is big and red. We go to the red dug from my hand. I ask that a little feel very fast. My
[to run ] to run in the garden. Then we play down and it is very big. I draw a new stusology every day. They go back on my house with our hand. After that, I write my pushed out of the big
[to eat ] to eat a small street. We see some innure at the book to make it happy. I take my little name and watch with many things. My dad comes after our pillow. She says her new inwution is
[a happy ] a happy rereat to leave our tuner. I find a new regin for my mom's friend. The reseating is nice but good. We make the good fect every day. It was interesting to do her for our
[a big ] a big canpe. My friend likes to remember the ctar one day together. I like when we go to the plons. The nifdd was fun, and everyone looks so strong. After school we are happy we have
[above ] above a new new substment to her. I will not learn about a long time and a proplen. We must have many people from the long place. He loves when he helped us use it. Mom says the teacher
[quickly ] quickly in the garden. Dad wants to say the new suguology is beautiful. I like when we go to the old sight every night. My mom said we must understand screation because he gives us a new wen.
[and ] and I want to imagine about Nortianes. The Norgica is too good and I need it because they are big. We study Taran every morning. Mom shows me how we can visit the Mindoanan
--- 샘플 끝 ---
반복 2550: 손실 2.54 (66.5%), elapsed 1919s.
반복 2600: 손실 2.55 (66.4%), elapsed 2040s.
반복 2650: 손실 2.53 (66.7%), elapsed 2161s.
스텝 2700: 훈련 2.09 (72.5%) | 검증 2.13 (72.0%) | 평균 2.108187551498413 | grad-norm 0.834
체크포인트 저장 완료 (best): /Users/joey51/works/pikogpt/model/ccmc-v4-merged-spacesep/vec/1087936/v0034/checkpoint.json
--- 샘플 (10 prompt × 1 sample, greedy T=0, 10 workers) ---
# 모델 로드 완료 (iter=2700, val loss=2.108187551498413)
# 프롬프트 'quickly ' → 토큰 3개
# 모델 로드 완료 (iter=2700, val loss=2.108187551498413)
# 프롬프트 'to eat ' → 토큰 4개
# 모델 로드 완료 (iter=2700, val loss=2.108187551498413)
# 프롬프트 'the cat ' → 토큰 4개
# 모델 로드 완료 (iter=2700, val loss=2.108187551498413)
# 프롬프트 'to run ' → 토큰 4개
# 모델 로드 완료 (iter=2700, val loss=2.108187551498413)
# 프롬프트 'the tree ' → 토큰 4개
# 모델 로드 완료 (iter=2700, val loss=2.108187551498413)
# 프롬프트 'the water ' → 토큰 4개
# 모델 로드 완료 (iter=2700, val loss=2.108187551498413)
# 프롬프트 'above ' → 토큰 4개
# 모델 로드 완료 (iter=2700, val loss=2.108187551498413)
# 프롬프트 'a big ' → 토큰 4개
# 모델 로드 완료 (iter=2700, val loss=2.108187551498413)
# 모델 로드 완료 (iter=2700, val loss=2.108187551498413)
# 프롬프트 'a happy ' → 토큰 4개
# 프롬프트 'and ' → 토큰 2개
[the cat ] the cat in the park. Dad wants to write a new beask. The remole was very old, and I try it too. My teacher says my purle is amazing but it was important. Mom said I want to eat
[the water ] the water in the garden. Then we help him go to the small water to get it very fast. After that, the rock and draw the bird was too pretty. Finally, we wash the chair for a ball that can be hot
[the tree ] the tree in the garden. Then my friend showed me a big book with a little car and I could draw it. They help him eat one new box every night. After that, I open it to my mum and we have
[to run ] to run in the kitchen after night.  Yesterday I had a new toy page. The big shop has my red house, and we share it. We sit with our family, on the table. After that, the new little toy has
[to eat ] to eat a small street. We see some stows in the water. I draw a big duster with my sister. The red strorod, and my family comes outside. A great state helps us be happy with many
[a happy ] a happy rereat to leave his son. The rereat was happy to stay at the park. We make an new meat go because that is not safe because of good mort. It is sad when he has a
[a big ] a big calarer for the room. The parky is very blue and clean. I was my favorite new ineology with our family. After we buy my little brothers, we have a little blue rest on the room.
[above ] above a molel.  The remoic is in the shop.  An mlecente was very cold, but a spolly is not a long things.  Wioen and a small mobal are like
[quickly ] quickly in the garden. Dad gives me my mom and I want to see his friend and a funny book. She says, 'My teacher says he will be happy for everyone. It is important to understand that sport at school.
[and ] and I want to imagine her about school. The teacher says the book is important for my friend, like the beautiful book. We learn new old place in the storysia. It is interesting to understand that a book with many
--- 샘플 끝 ---
반복 2700: 손실 2.54 (66.5%), elapsed 2298s.
반복 2750: 손실 2.53 (66.7%), elapsed 2419s.
반복 2800: 손실 2.55 (66.5%), elapsed 2541s.
스텝 2850: 훈련 2.08 (72.6%) | 검증 2.16 (71.5%) | 평균 2.1228124314546584 | grad-norm 0.888
체크포인트 저장 완료 (always): /Users/joey51/works/pikogpt/model/ccmc-v4-merged-spacesep/vec/1087936/v0035/checkpoint.json
--- 샘플 (10 prompt × 1 sample, greedy T=0, 10 workers) ---
# 모델 로드 완료 (iter=2850, val loss=2.108187551498413)
# 프롬프트 'the water ' → 토큰 4개
# 모델 로드 완료 (iter=2850, val loss=2.108187551498413)
# 프롬프트 'and ' → 토큰 2개
# 모델 로드 완료 (iter=2850, val loss=2.108187551498413)
# 프롬프트 'above ' → 토큰 4개
# 모델 로드 완료 (iter=2850, val loss=2.108187551498413)
# 프롬프트 'to eat ' → 토큰 4개
# 모델 로드 완료 (iter=2850, val loss=2.108187551498413)
# 프롬프트 'a happy ' → 토큰 4개
# 모델 로드 완료 (iter=2850, val loss=2.108187551498413)
# 프롬프트 'the tree ' → 토큰 4개
# 모델 로드 완료 (iter=2850, val loss=2.108187551498413)
# 모델 로드 완료 (iter=2850, val loss=2.108187551498413)
# 프롬프트 'a big ' → 토큰 4개
# 프롬프트 'the cat ' → 토큰 4개
# 모델 로드 완료 (iter=2850, val loss=2.108187551498413)
# 프롬프트 'to run ' → 토큰 4개
# 모델 로드 완료 (iter=2850, val loss=2.108187551498413)
# 프롬프트 'quickly ' → 토큰 3개
[the cat ] the cat in the kitchen near my school. After that, I feel the toy to play with the page. Finally, I eat it with a long sang.  The big plate can be cold, so you need to feel fast.
[the water ] the water in the garden. When we go into a long day? He is sad to see them one day. I find it every day on the sun. I put the garden with my favorite room. Mom said I can find my
[the tree ] the tree in the garden. When we go into the air to the garden to eat it very fast. After that, he sits on the kitchen with the green tree. Next, the floor is yellow and ficks. Finally, I play on
[to run ] to run in the kitchen after night.  Yesterday I had a small little coot and a cup of the page. Then, I open my bed and put my bag under her late. Next, we wash it in the room with
[to eat ] to eat a small wat. I get the rol and it is not thought. The gumt feels fast when they are hot. We went to the blue ropd. Dad says that is a wonderful thing to do about
[a happy ] a happy rereat to leave our sangt. I said the insese is fun for my new time. It was safe and still happy. Dad will get her good moon. She said it was interesting to be happy that he
[a big ] a big basket on it. My friend reads the min of her dater. I like my dad's mom about school. The teacher makes us happy when we run around. It is good to take the bons and look
[above ] above a molemlech with a yellow maloeed. The e-shirt is an exciting team about old pictures. I tell her our new tile has many food. I imagine it is always easy to learn about
[quickly ] quickly in the garden. At school, I write a small big man. I imagine a big place with the new toy. The cat had many nice food that made you smile. I saw my friend when we play at the
[and ] and I feel good together. It is hard to play the old new cereon. My friend says we was happy after the small rurth. We put on my bags of the team to keep her new cild.
--- 샘플 끝 ---
반복 2850: 손실 2.53 (66.8%), elapsed 2677s.
반복 2900: 손실 2.52 (66.8%), elapsed 2798s.
반복 2950: 손실 2.52 (66.8%), elapsed 2919s.
스텝 3000: 훈련 2.07 (72.8%) | 검증 2.13 (72.0%) | 평균 2.097645444869995 | grad-norm 0.866
체크포인트 저장 완료 (best): /Users/joey51/works/pikogpt/model/ccmc-v4-merged-spacesep/vec/1087936/v0036/checkpoint.json
--- 샘플 (10 prompt × 1 sample, greedy T=0, 10 workers) ---
# 모델 로드 완료 (iter=3000, val loss=2.097645444869995)
# 프롬프트 'the cat ' → 토큰 4개
# 모델 로드 완료 (iter=3000, val loss=2.097645444869995)
# 프롬프트 'above ' → 토큰 4개
# 모델 로드 완료 (iter=3000, val loss=2.097645444869995)
# 프롬프트 'a happy ' → 토큰 4개
# 모델 로드 완료 (iter=3000, val loss=2.097645444869995)
# 프롬프트 'and ' → 토큰 2개
# 모델 로드 완료 (iter=3000, val loss=2.097645444869995)
# 프롬프트 'to run ' → 토큰 4개
# 모델 로드 완료 (iter=3000, val loss=2.097645444869995)
# 프롬프트 'the water ' → 토큰 4개
# 모델 로드 완료 (iter=3000, val loss=2.097645444869995)
# 프롬프트 'the tree ' → 토큰 4개
# 모델 로드 완료 (iter=3000, val loss=2.097645444869995)
# 프롬프트 'to eat ' → 토큰 4개
# 모델 로드 완료 (iter=3000, val loss=2.097645444869995)
# 모델 로드 완료 (iter=3000, val loss=2.097645444869995)
# 프롬프트 'quickly ' → 토큰 3개
# 프롬프트 'a big ' → 토큰 4개
[the cat ] the cat in the kitchen home. We see many small sun is very nice. I think it is a great place to learn. The story has nice green birds and we livee. I always share the song from the big place
[the water ] the water in the garden. Then my friend showed me a big small red bin. I was sad for my toy and watch my old pine. My little brother loves that red bird. She says we did not use the
[the tree ] the tree in the garden. Then my friend runs to the car and put the green spoit. I asked that my eyes are fast but strong. My toy feels white when we are sad. It is strong when he has a
[to run ] to run in the kitchen, and it is not very good. The door is hard and I could get the warm morning. It was a happy day for a nice time. Our sun has many tall milk, but the cat said
[to eat ] to eat a small street. We see some surp in the park. I draw a big diet on the sky. My mom says the diet is good when you need a tree. We are nice that the dace helps
[a happy ] a happy rereat is heavy. My mom said he can eat our mip. I like her new toar when they was big. She puts the me on my hands, and it makes me. Then we are happy with me.
[a big ] a big cererciderer was in our old low, and the bumercad is in her work. We played at it with his mom, and we go up. The gapercess feels long to my sister that
[above ] above a molemleted of the moogal bilnation to watch.  All the steohaatics is from relecoging.  My teacher gave us a red pepe about the dlepale.
[quickly ] quickly in the garden. At school, I write a man at the box to make it happy. I did not share another new prombures and his big house. The teleibiurn feels nice to play. Mom says the teacher
[and ] and I feel too hot. It is easy to have a small coat after it is hard. We go to the warm road. My brother said my coats looking like the plate. I did not help it was
--- 샘플 끝 ---
반복 3000: 손실 2.52 (66.9%), elapsed 3056s.

훈련 완료!
w: Detected multiple Kotlin daemon sessions at kotlin/sessions

Deprecated Gradle features were used in this build, making it incompatible with Gradle 9.0.

You can use '--warning-mode all' to show the individual deprecation warnings and determine if they come from your own scripts or plugins.

For more on this, please refer to https://docs.gradle.org/8.8/userguide/command_line_interface.html#sec:command_line_warnings in the Gradle documentation.

BUILD SUCCESSFUL in 51m 4s
2 actionable tasks: 2 executed
