To honour the JVM settings for this build a single-use Daemon process will be forked. For more on this, please refer to https://docs.gradle.org/8.8/userguide/gradle_daemon.html#sec:disabling_the_daemon in the Gradle documentation.
Daemon will be stopped at the end of the build 
> Task :compileKotlin UP-TO-DATE
> Task :compileJava NO-SOURCE
> Task :processResources NO-SOURCE
> Task :classes UP-TO-DATE

> Task :runCcmcV2ProStage2TrainTurbo
WARNING: Using incubator modules: jdk.incubator.vector
=== TurboPikoGPT (turbo 백엔드) 훈련 시작 ===
설정: TrainConfig(dataPath=data/ccmc-v2-pro/stage2, modelDir=model, evalIntervalRatio=0.05, logInterval=100, evalIters=100, evalOnly=false, alwaysSaveCheckpoint=false, initFrom=pretrain_weights, modelCheckpointDir=null, pretrainCheckpointDir=model/stage1/vec/1087936/v0053, replayDataPath=data/ccmc-v2-pro/stage1/train.bin, replayRatio=0.25, replayDataPath2=null, replayRatio2=0.0, earlyStopPatience=0, samplePrompts=null, recordAwareSampling=true, chunkAnchoredSampling=false, dataset=default, gradientAccumulationSteps=32, batchSize=2, blockSize=32, embeddingDimension=96, numberOfLayers=8, numberOfHeads=3, bias=true, dropout=0.05, learningRate=1.0E-4, maxIters=3000, weightDecay=0.05, beta1=0.9, beta2=0.95, gradClip=1.0, labelSmoothing=0.05, tieWeights=true, mlpActivation=swiglu, positionEncoding=rope, decayLr=true, warmupRatio=0.05, learningRateDecayRatio=0.95, minimumLearningRate=1.0E-5)
베이스라인 손실: 7.6009 (vocab=2000)
모델 파라미터 텐서 수: 147, 총 스칼라 원소: 1087936
데이터 병렬 학습 활성 — worker 수 11 (CPU 12, seq/iter 64)
Mixed train loader 활성: primary=data/ccmc-v2-pro/stage2/train.bin, replay=data/ccmc-v2-pro/stage1/train.bin, ratio=0.25
데이터 로드 완료: 241844 토큰
데이터 로드 완료: 974210 토큰
Record-aware val loader 활성: data=data/ccmc-v2-pro/stage2/val.bin, bosId=2
데이터 로드 완료: 26831 토큰, 362 records (record-aware, bosId=2)
Pretrain 가중치 로드 완료: /Users/joey51/works/pikogpt/model/stage1/vec/1087936/v0053; optimizer state reset; iter=0
스텝 0: 훈련 3.90 (48.6%) | 검증 4.22 (44.4%) | 평균 4.064482393562794 | grad-norm 0.000
체크포인트 저장 완료 (best): /Users/joey51/works/pikogpt/model/stage2/turbo/1087936/v0001/checkpoint.json
# 모델 로드 완료 (iter=0, val loss=4.064482393562794)
--- 샘플 (5 prompt × 1 sample, greedy T=0) ---
# 프롬프트 '<|bos|>\n# Apple\n' → 토큰 11개
[<|bos|>\n# Apple\n] n Applena is like a big town or a big, tall building.  A gene is made of big, green, but an old dangerious pair are small and small.  This is the german language all time.  Mese is to learn as husband science book is to school.
# 프롬프트 '<|bos|>\n# Cat\n' → 토큰 10개
[<|bos|>\n# Cat\n] n Catn My new friend and I love him. We play near our house and his family fell out. He is sitting on a cow with a low roof at home. The teacher shows us two cups in each line. We see that some blocks can go down and down. It is time to help me do theses.  My dad uses a key with a star.  First, I open
# 프롬프트 '<|bos|>\n# Run\n' → 토큰 10개
[<|bos|>\n# Run\n] n Runni Rube is heavy, but a few little fish is big.  I see Julius Maromy's bright is bright.  Tuesday days are big and very small.
# 프롬프트 '<|bos|>\n# Big\n' → 토큰 10개
[<|bos|>\n# Big\n] n Bignoons are very big.  In the classroom, I have a big bag of toys on a desk. My dad has a big bowl of milk and the toy car. The red ball made me want a lot. Then I put it back in my hand. The dog walks to the slide so the bear is under the bed. Now I am not awake because I say yes with it.  When I
# 프롬프트 '<|bos|>\n# Tree\n' → 토큰 10개
[<|bos|>\n# Tree\n] n Treenis is big.  Yesterday, my teacher helped us in school. We watched our classical mechanic on a red carpet. I gave it to my mom and she asked if the police till is like a whisper. She told me about it. I said yes, and helded his friend's turtle. The political print makes an excited
--- 샘플 끝 ---
반복 0: 손실 4.43 (41.7%), elapsed 5s.
반복 100: 손실 3.59 (52.7%), elapsed 23s.
스텝 150: 훈련 2.83 (62.8%) | 검증 3.07 (59.6%) | 평균 2.949117489159107 | grad-norm 2.361
체크포인트 저장 완료 (best): /Users/joey51/works/pikogpt/model/stage2/turbo/1087936/v0002/checkpoint.json
# 모델 로드 완료 (iter=150, val loss=2.949117489159107)
--- 샘플 (5 prompt × 1 sample, greedy T=0) ---
# 프롬프트 '<|bos|>\n# Apple\n' → 토큰 11개
[<|bos|>\n# Apple\n] n Applena is a long time ago.
# 프롬프트 '<|bos|>\n# Cat\n' → 토큰 10개
[<|bos|>\n# Cat\n] n Catnam is a big book where they make food from them.  A catholic church and an apple can fly in the yard.
# 프롬프트 '<|bos|>\n# Run\n' → 토큰 10개
[<|bos|>\n# Run\n] n Runni At school? cause We make big trees in Relico City.
# 프롬프트 '<|bos|>\n# Big\n' → 토큰 10개
[<|bos|>\n# Big\n] n Bign with a brick can be logic now.  The son's body feels stronger but burning and not a toy.  A son does a sentence use to be short?
# 프롬프트 '<|bos|>\n# Tree\n' → 토큰 10개
[<|bos|>\n# Tree\n] n Treenten has one?
--- 샘플 끝 ---
반복 200: 손실 3.27 (57.0%), elapsed 44s.
스텝 300: 훈련 2.63 (65.3%) | 검증 2.70 (64.5%) | 평균 2.6678220117092133 | grad-norm 2.260
체크포인트 저장 완료 (best): /Users/joey51/works/pikogpt/model/stage2/turbo/1087936/v0003/checkpoint.json
# 모델 로드 완료 (iter=300, val loss=2.6678220117092133)
--- 샘플 (5 prompt × 1 sample, greedy T=0) ---
# 프롬프트 '<|bos|>\n# Apple\n' → 토큰 11개
[<|bos|>\n# Apple\n] n Applena is a part of an ocean.  What can weak in the DVD?  Who makes a boot when you go to the Open it.  Can you eat breakfast with odnesia?  Why do we use on a high place for fashive place?  It feels hard and made with its eyes or sinks.
# 프롬프트 '<|bos|>\n# Cat\n' → 토큰 10개
[<|bos|>\n# Cat\n] n Catna can be big and flat.  Where do people speak Marie Confucius speak?
# 프롬프트 '<|bos|>\n# Run\n' → 토큰 10개
[<|bos|>\n# Run\n] n Runna makes you sing.  Can you keep dancing in the morning?  People look at them and sit on a chair.
# 프롬프트 '<|bos|>\n# Big\n' → 토큰 10개
[<|bos|>\n# Big\n] n Bignam and Catherine the Saturday days are not in a big country.  What is the seats of the United States?  The Americas
# 프롬프트 '<|bos|>\n# Tree\n' → 토큰 10개
[<|bos|>\n# Tree\n] n Treeno is good for a family.  Is you know the best time where my aunt gives me a good day with a little smile.  Where do you get an excoholic? ers, but I feel very happy.  Some exercise comes to see big leaves and small stone.
--- 샘플 끝 ---
반복 300: 손실 3.08 (59.4%), elapsed 65s.
반복 400: 손실 2.96 (61.0%), elapsed 83s.
스텝 450: 훈련 2.44 (67.9%) | 검증 2.49 (67.3%) | 평균 2.4645465567708014 | grad-norm 2.040
체크포인트 저장 완료 (best): /Users/joey51/works/pikogpt/model/stage2/turbo/1087936/v0004/checkpoint.json
# 모델 로드 완료 (iter=450, val loss=2.4645465567708014)
--- 샘플 (5 prompt × 1 sample, greedy T=0) ---
# 프롬프트 '<|bos|>\n# Apple\n' → 토큰 11개
[<|bos|>\n# Apple\n] n Applen is a quiet time in your voice.  What do people use the onmrandle?  A test can be very big and long.  Why do we make an atom?  An apron looks like gunpowder or when it falls?  The infection makes me feel tired.  What is the insect of
# 프롬프트 '<|bos|>\n# Cat\n' → 토큰 10개
[<|bos|>\n# Cat\n] n Catnia have a book?  Yes, my mom lives with her toy car.
# 프롬프트 '<|bos|>\n# Run\n' → 토큰 10개
[<|bos|>\n# Run\n] n Runn was on the pocket of Michael Jackson be small?  Yes, the sky is taller than Vietnam.
# 프롬프트 '<|bos|>\n# Big\n' → 토큰 10개
[<|bos|>\n# Big\n] n Bignoons go on the wall?  Many fish live in a big town.
# 프롬프트 '<|bos|>\n# Tree\n' → 토큰 10개
[<|bos|>\n# Tree\n] n Treence is good for a family.  Is Mecus much time more than ten on Saturday?  Asteroid has many small seven windows.
--- 샘플 끝 ---
반복 500: 손실 2.89 (61.9%), elapsed 104s.
스텝 600: 훈련 2.35 (69.1%) | 검증 2.38 (68.6%) | 평균 2.366334483027458 | grad-norm 2.064
체크포인트 저장 완료 (best): /Users/joey51/works/pikogpt/model/stage2/turbo/1087936/v0005/checkpoint.json
# 모델 로드 완료 (iter=600, val loss=2.366334483027458)
--- 샘플 (5 prompt × 1 sample, greedy T=0) ---
# 프롬프트 '<|bos|>\n# Apple\n' → 토큰 11개
[<|bos|>\n# Apple\n] n Appleno is the same as a feather is to a person or a friend?  A person on nations is happy because it can be gone.  Who can help you when you cannot eat soon or dance?  You play with a cookie.  Does an excited kid play at home?  Yes, she passed the story of our
# 프롬프트 '<|bos|>\n# Cat\n' → 토큰 10개
[<|bos|>\n# Cat\n] n Catn does not feel in a firearm.  Why did Marie Celermean?  Wu etter-gobepia be long to see many people.
# 프롬프트 '<|bos|>\n# Run\n' → 토큰 10개
[<|bos|>\n# Run\n] n Runnis feels cold, but you feel warm when we eat soup.  Who has a dancer, a bat and a dog?  A singer can be born at night, or in a playground.
# 프롬프트 '<|bos|>\n# Big\n' → 토큰 10개
[<|bos|>\n# Big\n] n Bignoons make my head feel fixed.  Is a malaria good to do?  Yes, a microscope can be quiet with soft ears.
# 프롬프트 '<|bos|>\n# Tree\n' → 토큰 10개
[<|bos|>\n# Tree\n] n Treenis is alive?  You can help her.
--- 샘플 끝 ---
반복 600: 손실 2.89 (61.9%), elapsed 125s.
반복 700: 손실 2.87 (62.3%), elapsed 143s.
스텝 750: 훈련 2.29 (69.9%) | 검증 2.33 (69.3%) | 평균 2.309449251294136 | grad-norm 1.982
체크포인트 저장 완료 (best): /Users/joey51/works/pikogpt/model/stage2/turbo/1087936/v0006/checkpoint.json
# 모델 로드 완료 (iter=750, val loss=2.309449251294136)
--- 샘플 (5 prompt × 1 sample, greedy T=0) ---
# 프롬프트 '<|bos|>\n# Apple\n' → 토큰 11개
[<|bos|>\n# Apple\n] n Applen a small part of a person who has its job.  Where do you make a demand?  You hear a diet in a place to run fast.
# 프롬프트 '<|bos|>\n# Cat\n' → 토큰 10개
[<|bos|>\n# Cat\n] n Catn Louis Photein have might wear tall buildings with two layers.
# 프롬프트 '<|bos|>\n# Run\n' → 토큰 10개
[<|bos|>\n# Run\n] n Runno makes my teddy sound of ruled period.  Is a sunificome thing something you can play on one part.
# 프롬프트 '<|bos|>\n# Big\n' → 토큰 10개
[<|bos|>\n# Big\n] n Bignoons have a color?  Yes, there are many kinds of animals with fish and a big sparkle.
# 프롬프트 '<|bos|>\n# Tree\n' → 토큰 10개
[<|bos|>\n# Tree\n] n Treen of the world or a city?  Yes, Blackers speak Alexander in the sky.
--- 샘플 끝 ---
반복 800: 손실 2.82 (62.9%), elapsed 164s.
스텝 900: 훈련 2.21 (70.9%) | 검증 2.35 (69.1%) | 평균 2.2809485739469526 | grad-norm 1.979
체크포인트 저장 완료 (best): /Users/joey51/works/pikogpt/model/stage2/turbo/1087936/v0007/checkpoint.json
# 모델 로드 완료 (iter=900, val loss=2.2809485739469526)
--- 샘플 (5 prompt × 1 sample, greedy T=0) ---
# 프롬프트 '<|bos|>\n# Apple\n' → 토큰 11개
[<|bos|>\n# Apple\n] n Appleno might go on the road.  How do you need sixty?  You hold sikles with a straw.
# 프롬프트 '<|bos|>\n# Cat\n' → 토큰 10개
[<|bos|>\n# Cat\n] n Catnelves in a museum?  Cairo, Confucius lived a long, long time ago after Mahale.  Is it made of hard things from the world city?  No, Johannes Gutenberg is in Peirhik, like Hong Kong or Marx.
# 프롬프트 '<|bos|>\n# Run\n' → 토큰 10개
[<|bos|>\n# Run\n] n Runno makes you sing.  Is an amazon quiet?  No, a whisper is loud.
# 프롬프트 '<|bos|>\n# Big\n' → 토큰 10개
[<|bos|>\n# Big\n] n Bignoons have a warm smell.  Which color is cold, the ice or milk?  The fruit floats over my hands.
# 프롬프트 '<|bos|>\n# Tree\n' → 토큰 10개
[<|bos|>\n# Tree\n] n Treen and dancers.  What was fertileer than angry?  We play games so the one was possible.  When does it become a bird?  So you must hear it under your feet.
--- 샘플 끝 ---
반복 900: 손실 2.80 (63.1%), elapsed 185s.
반복 1000: 손실 2.80 (63.1%), elapsed 203s.
스텝 1050: 훈련 2.28 (70.0%) | 검증 2.29 (69.8%) | 평균 2.2866226857900616 | grad-norm 1.932
반복 1100: 손실 2.77 (63.5%), elapsed 221s.
스텝 1200: 훈련 2.28 (70.0%) | 검증 2.32 (69.4%) | 평균 2.303379860222339 | grad-norm 1.984
반복 1200: 손실 2.78 (63.4%), elapsed 239s.
반복 1300: 손실 2.76 (63.7%), elapsed 257s.
스텝 1350: 훈련 2.25 (70.4%) | 검증 2.35 (69.1%) | 평균 2.2975949031114578 | grad-norm 1.987
반복 1400: 손실 2.79 (63.2%), elapsed 273s.
스텝 1500: 훈련 2.19 (71.2%) | 검증 2.28 (70.0%) | 평균 2.234366222321987 | grad-norm 2.101
체크포인트 저장 완료 (best): /Users/joey51/works/pikogpt/model/stage2/turbo/1087936/v0008/checkpoint.json
# 모델 로드 완료 (iter=1500, val loss=2.234366222321987)
--- 샘플 (5 prompt × 1 sample, greedy T=0) ---
# 프롬프트 '<|bos|>\n# Apple\n' → 토큰 11개
[<|bos|>\n# Apple\n] n Applena is a long time ago.
# 프롬프트 '<|bos|>\n# Cat\n' → 토큰 10개
[<|bos|>\n# Cat\n] n Catna has a big paw or small sockets.
# 프롬프트 '<|bos|>\n# Run\n' → 토큰 10개
[<|bos|>\n# Run\n] n Runna feels cold; the wind does not grow there.  Who makes it wet?  They dranks me in the tree.
# 프롬프트 '<|bos|>\n# Big\n' → 토큰 10개
[<|bos|>\n# Big\n] n Bignoons feel like having a happy voice.  Where do you hear an engineing?  You see a loud beep when it is cool.
# 프롬프트 '<|bos|>\n# Tree\n' → 토큰 10개
[<|bos|>\n# Tree\n] n Treena is more than a minute.  Why do people wear special hats?  People make behavior when you get homework in big things.  What do we like to see the Muptecia.  Does an internal common cat have a red ball.
--- 샘플 끝 ---
반복 1500: 손실 2.78 (63.4%), elapsed 294s.
반복 1600: 손실 2.74 (63.9%), elapsed 312s.
스텝 1650: 훈련 2.20 (71.1%) | 검증 2.30 (69.7%) | 평균 2.2513783624768258 | grad-norm 2.023
반복 1700: 손실 2.75 (63.8%), elapsed 330s.
스텝 1800: 훈련 2.26 (70.3%) | 검증 2.27 (70.1%) | 평균 2.2676441080868246 | grad-norm 1.969
반복 1800: 손실 2.70 (64.4%), elapsed 348s.
반복 1900: 손실 2.73 (64.0%), elapsed 366s.
스텝 1950: 훈련 2.22 (70.7%) | 검증 2.32 (69.5%) | 평균 2.2732277739048 | grad-norm 1.964
반복 2000: 손실 2.73 (64.1%), elapsed 385s.
스텝 2100: 훈련 2.18 (71.3%) | 검증 2.24 (70.5%) | 평균 2.2103145182132717 | grad-norm 1.868
체크포인트 저장 완료 (best): /Users/joey51/works/pikogpt/model/stage2/turbo/1087936/v0009/checkpoint.json
# 모델 로드 완료 (iter=2100, val loss=2.2103145182132717)
--- 샘플 (5 prompt × 1 sample, greedy T=0) ---
# 프롬프트 '<|bos|>\n# Apple\n' → 토큰 11개
[<|bos|>\n# Apple\n] n Applena is a long time ago.
# 프롬프트 '<|bos|>\n# Cat\n' → 토큰 10개
[<|bos|>\n# Cat\n] n Catna have a big paw or big like a ball.  What does speed change when the weather makes you bake?  The weather gets warm.
# 프롬프트 '<|bos|>\n# Run\n' → 토큰 10개
[<|bos|>\n# Run\n] n Runni moved?  In the history of earthology we learn about other things and many colors.
# 프롬프트 '<|bos|>\n# Big\n' → 토큰 10개
[<|bos|>\n# Big\n] n Bignoons have a smell.  How did Louis Hitrogen live?  Protoghaphy did not moved because it was very loud.
# 프롬프트 '<|bos|>\n# Tree\n' → 토큰 10개
[<|bos|>\n# Tree\n] n Treena is more than soon.  Where can you see three dirt.  How many years are in February?  We have three ducks and one are size my dear friend about you.  Why do people like delicious piano?  People feel happy to play dance to see if we know it is
--- 샘플 끝 ---
반복 2100: 손실 2.73 (64.1%), elapsed 406s.
반복 2200: 손실 2.70 (64.5%), elapsed 424s.
스텝 2250: 훈련 2.13 (72.0%) | 검증 2.29 (69.9%) | 평균 2.2084484845399857 | grad-norm 2.090
체크포인트 저장 완료 (best): /Users/joey51/works/pikogpt/model/stage2/turbo/1087936/v0010/checkpoint.json
# 모델 로드 완료 (iter=2250, val loss=2.2084484845399857)
--- 샘플 (5 prompt × 1 sample, greedy T=0) ---
# 프롬프트 '<|bos|>\n# Apple\n' → 토큰 11개
[<|bos|>\n# Apple\n] n Applena is a long time ago.
# 프롬프트 '<|bos|>\n# Cat\n' → 토큰 10개
[<|bos|>\n# Cat\n] n Catna have a big paw or small like a ball.  What does speed change when the weather makes you bake?  The weather gets better for it to fall.
# 프롬프트 '<|bos|>\n# Run\n' → 토큰 10개
[<|bos|>\n# Run\n] n Runna feels cold?  Yes, it has strong windy.
# 프롬프트 '<|bos|>\n# Big\n' → 토큰 10개
[<|bos|>\n# Big\n] n Bignoons have a ball in the morning.  Who was Computer science?  My mom can not go to home.
# 프롬프트 '<|bos|>\n# Tree\n' → 토큰 10개
[<|bos|>\n# Tree\n] n Treena is good when you share?  Yes, we can buy food too.  How does it feel like?  Cream feels hard and soft.  How do we need a small pot.
--- 샘플 끝 ---
반복 2300: 손실 2.73 (64.1%), elapsed 445s.
스텝 2400: 훈련 2.16 (71.6%) | 검증 2.25 (70.4%) | 평균 2.203986243158579 | grad-norm 2.129
체크포인트 저장 완료 (best): /Users/joey51/works/pikogpt/model/stage2/turbo/1087936/v0011/checkpoint.json
# 모델 로드 완료 (iter=2400, val loss=2.203986243158579)
--- 샘플 (5 prompt × 1 sample, greedy T=0) ---
# 프롬프트 '<|bos|>\n# Apple\n' → 토큰 11개
[<|bos|>\n# Apple\n] n Applena is a long time ago.
# 프롬프트 '<|bos|>\n# Cat\n' → 토큰 10개
[<|bos|>\n# Cat\n] n Catna have a big paw or small stream?  A small child is not any more.
# 프롬프트 '<|bos|>\n# Run\n' → 토큰 10개
[<|bos|>\n# Run\n] n Runna feels cold?  Yes, Medame has no smell.
# 프롬프트 '<|bos|>\n# Big\n' → 토큰 10개
[<|bos|>\n# Big\n] n Bign Lights go down and go around the road.
# 프롬프트 '<|bos|>\n# Tree\n' → 토큰 10개
[<|bos|>\n# Tree\n] n Treena is alive?  You can eat popcorn when someone was nice.
--- 샘플 끝 ---
반복 2400: 손실 2.72 (64.2%), elapsed 466s.
반복 2500: 손실 2.69 (64.6%), elapsed 484s.
스텝 2550: 훈련 2.16 (71.5%) | 검증 2.29 (69.9%) | 평균 2.2262126055359843 | grad-norm 2.059
반복 2600: 손실 2.67 (64.8%), elapsed 502s.
스텝 2700: 훈련 2.16 (71.6%) | 검증 2.21 (70.9%) | 평균 2.185683759748936 | grad-norm 2.121
체크포인트 저장 완료 (best): /Users/joey51/works/pikogpt/model/stage2/turbo/1087936/v0012/checkpoint.json
# 모델 로드 완료 (iter=2700, val loss=2.185683759748936)
--- 샘플 (5 prompt × 1 sample, greedy T=0) ---
# 프롬프트 '<|bos|>\n# Apple\n' → 토큰 11개
[<|bos|>\n# Apple\n] n Applena is a long time ago.
# 프롬프트 '<|bos|>\n# Cat\n' → 토큰 10개
[<|bos|>\n# Cat\n] n Catna have a big paw or big held things.  What does December are near the sun?  Sexually goes away.
# 프롬프트 '<|bos|>\n# Run\n' → 토큰 10개
[<|bos|>\n# Run\n] n Runna feels cold?  Yes, Mednesday has warm rain with dry water.
# 프롬프트 '<|bos|>\n# Big\n' → 토큰 10개
[<|bos|>\n# Big\n] n Bignite makes you feel hungry?  Because he sends water.  When is the sun warm?  A tree has cold wind in the morning to eat it every day.
# 프롬프트 '<|bos|>\n# Tree\n' → 토큰 10개
[<|bos|>\n# Tree\n] n Treena is inside your body before?  Yes, Death is always old.  Where do you see Confucius on the wall?  You find colina Mozart from a map called Praugust.
--- 샘플 끝 ---
반복 2700: 손실 2.73 (64.0%), elapsed 523s.
반복 2800: 손실 2.71 (64.4%), elapsed 541s.
스텝 2850: 훈련 2.11 (72.3%) | 검증 2.21 (70.9%) | 평균 2.1601948837935927 | grad-norm 1.932
체크포인트 저장 완료 (best): /Users/joey51/works/pikogpt/model/stage2/turbo/1087936/v0013/checkpoint.json
# 모델 로드 완료 (iter=2850, val loss=2.1601948837935927)
--- 샘플 (5 prompt × 1 sample, greedy T=0) ---
# 프롬프트 '<|bos|>\n# Apple\n' → 토큰 11개
[<|bos|>\n# Apple\n] n Applena is a long time ago.
# 프롬프트 '<|bos|>\n# Cat\n' → 토큰 10개
[<|bos|>\n# Cat\n] n Catna was a man?  Yes, you can know what is the first one.
# 프롬프트 '<|bos|>\n# Run\n' → 토큰 10개
[<|bos|>\n# Run\n] n Runna feels cold?  Yes, Medamo has lights like air to live.
# 프롬프트 '<|bos|>\n# Big\n' → 토큰 10개
[<|bos|>\n# Big\n] n Bignard can make the same as a snow.  Where do you see it?  I see a bird on a white bones with her finger.  Can a bird swim in the sun or the sky.
# 프롬프트 '<|bos|>\n# Tree\n' → 토큰 10개
[<|bos|>\n# Tree\n] n Treena is inside your body before?  Yes, an oven can fly in its body, not on the floor.
--- 샘플 끝 ---
반복 2900: 손실 2.70 (64.4%), elapsed 563s.
스텝 3000: 훈련 2.15 (71.8%) | 검증 2.18 (71.4%) | 평균 2.160810223519802 | grad-norm 2.006
반복 3000: 손실 2.70 (64.5%), elapsed 581s.

훈련 완료!

Deprecated Gradle features were used in this build, making it incompatible with Gradle 9.0.

You can use '--warning-mode all' to show the individual deprecation warnings and determine if they come from your own scripts or plugins.

For more on this, please refer to https://docs.gradle.org/8.8/userguide/command_line_interface.html#sec:command_line_warnings in the Gradle documentation.

BUILD SUCCESSFUL in 9m 45s
2 actionable tasks: 1 executed, 1 up-to-date
