To honour the JVM settings for this build a single-use Daemon process will be forked. For more on this, please refer to https://docs.gradle.org/8.8/userguide/gradle_daemon.html#sec:disabling_the_daemon in the Gradle documentation.
Daemon will be stopped at the end of the build 
> Task :compileKotlin UP-TO-DATE
> Task :compileJava NO-SOURCE
> Task :processResources NO-SOURCE
> Task :classes UP-TO-DATE

> Task :runCcmcV2ProStage2TrainTurbo
WARNING: Using incubator modules: jdk.incubator.vector
=== TurboPikoGPT (turbo 백엔드) 훈련 시작 ===
설정: TrainConfig(dataPath=data/ccmc-v2-pro/stage2, modelDir=model, evalIntervalRatio=0.05, logInterval=100, evalIters=100, evalOnly=false, alwaysSaveCheckpoint=false, initFrom=pretrain_weights, modelCheckpointDir=null, pretrainCheckpointDir=model/stage1/vec/1087936/v0053, replayDataPath=data/ccmc-v2-pro/stage1/train.bin, replayRatio=0.25, replayDataPath2=null, replayRatio2=0.0, earlyStopPatience=0, samplePrompts=null, recordAwareSampling=true, chunkAnchoredSampling=false, dataset=default, gradientAccumulationSteps=32, batchSize=2, blockSize=32, embeddingDimension=96, numberOfLayers=8, numberOfHeads=3, bias=true, dropout=0.05, learningRate=1.0E-4, maxIters=3000, weightDecay=0.05, beta1=0.9, beta2=0.95, gradClip=1.0, labelSmoothing=0.05, tieWeights=true, mlpActivation=swiglu, positionEncoding=rope, decayLr=true, warmupRatio=0.05, learningRateDecayRatio=0.95, minimumLearningRate=1.0E-5)
베이스라인 손실: 7.6009 (vocab=2000)
모델 파라미터 텐서 수: 147, 총 스칼라 원소: 1087936
데이터 병렬 학습 활성 — worker 수 4 (CPU 12, seq/iter 64)
Mixed train loader 활성: primary=data/ccmc-v2-pro/stage2/train.bin, replay=data/ccmc-v2-pro/stage1/train.bin, ratio=0.25
데이터 로드 완료: 241844 토큰
데이터 로드 완료: 974210 토큰
Record-aware val loader 활성: data=data/ccmc-v2-pro/stage2/val.bin, bosId=2
데이터 로드 완료: 26831 토큰, 362 records (record-aware, bosId=2)
Pretrain 가중치 로드 완료: /Users/joey51/works/pikogpt/model/stage1/vec/1087936/v0053; optimizer state reset; iter=0
스텝 0: 훈련 3.81 (49.8%) | 검증 4.14 (45.6%) | 평균 3.9751201611757274 | grad-norm 0.000
체크포인트 저장 완료 (best): /Users/joey51/works/pikogpt/model/stage2/turbo/1087936/v0001/checkpoint.json
# 모델 로드 완료 (iter=0, val loss=3.9751201611757274)
--- 샘플 (5 prompt × 1 sample, greedy T=0) ---
# 프롬프트 '<|bos|>\n# Apple\n' → 토큰 11개
[<|bos|>\n# Apple\n] n Applena is like a big town or a big, tall building.  A gene is made of big, green, but an old dangerious pair are small and small.  This is the german language all time.  Mese is to learn as husband science book is to school.
# 프롬프트 '<|bos|>\n# Cat\n' → 토큰 10개
[<|bos|>\n# Cat\n] n Catn My new friend and I love him. We play near our house and his family fell out. He is sitting on a cow with a low roof at home. The teacher shows us two cups in each line. We see that some blocks can go down and down. It is time to help me do theses.  My dad uses a key with a star.  First, I open
# 프롬프트 '<|bos|>\n# Run\n' → 토큰 10개
[<|bos|>\n# Run\n] n Runni Rube is heavy, but a few little fish is big.  I see Julius Maromy's bright is bright.  Tuesday days are big and very small.
# 프롬프트 '<|bos|>\n# Big\n' → 토큰 10개
[<|bos|>\n# Big\n] n Bignoons are very big.  In the classroom, I have a big bag of toys on a desk. My dad has a big bowl of milk and the toy car. The red ball made me want a lot. Then I put it back in my hand. The dog walks to the slide so the bear is under the bed. Now I am not awake because I say yes with it.  When I
# 프롬프트 '<|bos|>\n# Tree\n' → 토큰 10개
[<|bos|>\n# Tree\n] n Treenis is big.  Yesterday, my teacher helped us in school. We watched our classical mechanic on a red carpet. I gave it to my mom and she asked if the police till is like a whisper. She told me about it. I said yes, and helded his friend's turtle. The political print makes an excited
--- 샘플 끝 ---
반복 0: 손실 4.40 (42.1%), elapsed 5s.
반복 100: 손실 3.59 (52.8%), elapsed 82s.
스텝 150: 훈련 2.92 (61.6%) | 검증 2.97 (60.9%) | 평균 2.9461676785349846 | grad-norm 2.403
체크포인트 저장 완료 (best): /Users/joey51/works/pikogpt/model/stage2/turbo/1087936/v0002/checkpoint.json
# 모델 로드 완료 (iter=150, val loss=2.9461676785349846)
--- 샘플 (5 prompt × 1 sample, greedy T=0) ---
# 프롬프트 '<|bos|>\n# Apple\n' → 토큰 11개
[<|bos|>\n# Apple\n] n Applena is a hot day. er, the Another supernova is a good day that was a reason?  I like afternoon because it does not come up high.
# 프롬프트 '<|bos|>\n# Cat\n' → 토큰 10개
[<|bos|>\n# Cat\n] n Catnam is a small spoken person to read.  Which Climate behavior means you do; to hear invise.
# 프롬프트 '<|bos|>\n# Run\n' → 토큰 10개
[<|bos|>\n# Run\n] n Runni Islam, my brother and Mecca go with me.  The Walad eform is in the old museum. ation.  I can see the moon from a big blue sky.
# 프롬프트 '<|bos|>\n# Big\n' → 토큰 10개
[<|bos|>\n# Big\n] n Bigned is not the same as size anyone in the gym.  Climate change can be big? verty at nights go in a long place to get a place.  A crash comes from your body and I think of a police wings.  The airport feels smooth and hard.  The police officer writes by a
# 프롬프트 '<|bos|>\n# Tree\n' → 토큰 10개
[<|bos|>\n# Tree\n] n Treener is good for a question, but we use more.  Last week we were very happy.
--- 샘플 끝 ---
반복 200: 손실 3.29 (56.7%), elapsed 162s.
스텝 300: 훈련 2.54 (66.6%) | 검증 2.57 (66.1%) | 평균 2.556989579200745 | grad-norm 2.213
체크포인트 저장 완료 (best): /Users/joey51/works/pikogpt/model/stage2/turbo/1087936/v0003/checkpoint.json
# 모델 로드 완료 (iter=300, val loss=2.556989579200745)
--- 샘플 (5 prompt × 1 sample, greedy T=0) ---
# 프롬프트 '<|bos|>\n# Apple\n' → 토큰 11개
[<|bos|>\n# Apple\n] n Applena is to a friend as reading is to a house.  What is the injury's color.  My injury looks at my favorite part of the right part where it is.
# 프롬프트 '<|bos|>\n# Cat\n' → 토큰 10개
[<|bos|>\n# Cat\n] n Catn do you see in a classroom when you leave your room, you can find spinning things.
# 프롬프트 '<|bos|>\n# Run\n' → 토큰 10개
[<|bos|>\n# Run\n] n Runner makes you scared?  No, you can use to run fast.
# 프롬프트 '<|bos|>\n# Big\n' → 토큰 10개
[<|bos|>\n# Big\n] n Bignam is big and easy to share in Europe.
# 프롬프트 '<|bos|>\n# Tree\n' → 토큰 10개
[<|bos|>\n# Tree\n] n Treeno is alive, there is not alive.  Who does disease make you feel a little like?  You can play with your dad from bedtime because my room was the best toes.  What does human body keep inside on yourself?  The teacher gave us a new menu and she said the same in the kitchen. I ate the l
--- 샘플 끝 ---
반복 300: 손실 3.07 (59.7%), elapsed 243s.
반복 400: 손실 2.95 (61.1%), elapsed 318s.
스텝 450: 훈련 2.36 (69.0%) | 검증 2.46 (67.6%) | 평균 2.410705280900001 | grad-norm 2.024
체크포인트 저장 완료 (best): /Users/joey51/works/pikogpt/model/stage2/turbo/1087936/v0004/checkpoint.json
# 모델 로드 완료 (iter=450, val loss=2.410705280900001)
--- 샘플 (5 prompt × 1 sample, greedy T=0) ---
# 프롬프트 '<|bos|>\n# Apple\n' → 토큰 11개
[<|bos|>\n# Apple\n] n Applen is a part of a house where you want to be the way we feel.
# 프롬프트 '<|bos|>\n# Cat\n' → 토큰 10개
[<|bos|>\n# Cat\n] n Catn Lison can be short or short, like or loud.
# 프롬프트 '<|bos|>\n# Run\n' → 토큰 10개
[<|bos|>\n# Run\n] n Runnam's home?  You can find black houses in Monday and the sea.
# 프롬프트 '<|bos|>\n# Big\n' → 토큰 10개
[<|bos|>\n# Big\n] n Bignoons have a picture of the sun.  In the kitchen, I see many houses and Agus on a big city. We both want to see one thing and say hello. Thegles are happy and full of cars are very hard.
# 프롬프트 '<|bos|>\n# Tree\n' → 토큰 10개
[<|bos|>\n# Tree\n] n Treence is dark on the roof.  Where does a cookie sleeping?  No, my hair is soft and clear.
--- 샘플 끝 ---
반복 500: 손실 2.92 (61.6%), elapsed 399s.
스텝 600: 훈련 2.40 (68.4%) | 검증 2.41 (68.2%) | 평균 2.4071363258361815 | grad-norm 1.830
체크포인트 저장 완료 (best): /Users/joey51/works/pikogpt/model/stage2/turbo/1087936/v0005/checkpoint.json
# 모델 로드 완료 (iter=600, val loss=2.4071363258361815)
--- 샘플 (5 prompt × 1 sample, greedy T=0) ---
# 프롬프트 '<|bos|>\n# Apple\n' → 토큰 11개
[<|bos|>\n# Apple\n] n Applena is in a big group of people far away.
# 프롬프트 '<|bos|>\n# Cat\n' → 토큰 10개
[<|bos|>\n# Cat\n] n Catnam do in a dictionary?  Does France feel hot or hot?  A market is in SeptV.  Why can you see A village?  You can find water from a village near Michael Jack.
# 프롬프트 '<|bos|>\n# Run\n' → 토큰 10개
[<|bos|>\n# Run\n] n Runn is too small?  Yes, I am tired after this day.  Is a raw snack bigger than a car?  A snake makes a hinking song.
# 프롬프트 '<|bos|>\n# Big\n' → 토큰 10개
[<|bos|>\n# Big\n] n Bign table is made of paper.
# 프롬프트 '<|bos|>\n# Tree\n' → 토큰 10개
[<|bos|>\n# Tree\n] n Treenis is bigger, a minute as paleontology in English with old places and dust.
--- 샘플 끝 ---
반복 600: 손실 2.87 (62.2%), elapsed 480s.
반복 700: 손실 2.84 (62.6%), elapsed 556s.
스텝 750: 훈련 2.25 (70.4%) | 검증 2.36 (68.9%) | 평균 2.3051344409584997 | grad-norm 1.979
체크포인트 저장 완료 (best): /Users/joey51/works/pikogpt/model/stage2/turbo/1087936/v0006/checkpoint.json
# 모델 로드 완료 (iter=750, val loss=2.3051344409584997)
--- 샘플 (5 prompt × 1 sample, greedy T=0) ---
# 프롬프트 '<|bos|>\n# Apple\n' → 토큰 11개
[<|bos|>\n# Apple\n] n Applena is a long time ago.  Who gives you you before you see?  A soft beard has a small smile.
# 프롬프트 '<|bos|>\n# Cat\n' → 토큰 10개
[<|bos|>\n# Cat\n] n Catnam can be big and flat.  Where do people speak Colombia?  The United States lived a long road around Russia.
# 프롬프트 '<|bos|>\n# Run\n' → 토큰 10개
[<|bos|>\n# Run\n] n Runna makes you sing.  Is Nigeria cold on the floor.
# 프롬프트 '<|bos|>\n# Big\n' → 토큰 10개
[<|bos|>\n# Big\n] n Bign table is round and smooth.
# 프롬프트 '<|bos|>\n# Tree\n' → 토큰 10개
[<|bos|>\n# Tree\n] n Treeno is bigger, a minute or a tree?  Someone wears big crayons.
--- 샘플 끝 ---
반복 800: 손실 2.81 (63.0%), elapsed 637s.
스텝 900: 훈련 2.32 (69.5%) | 검증 2.41 (68.3%) | 평균 2.361886963248253 | grad-norm 2.262
반복 900: 손실 2.81 (63.0%), elapsed 715s.
반복 1000: 손실 2.82 (62.9%), elapsed 792s.
스텝 1050: 훈련 2.22 (70.8%) | 검증 2.35 (69.1%) | 평균 2.2844462400674823 | grad-norm 2.023
체크포인트 저장 완료 (best): /Users/joey51/works/pikogpt/model/stage2/turbo/1087936/v0007/checkpoint.json
# 모델 로드 완료 (iter=1050, val loss=2.2844462400674823)
--- 샘플 (5 prompt × 1 sample, greedy T=0) ---
# 프롬프트 '<|bos|>\n# Apple\n' → 토큰 11개
[<|bos|>\n# Apple\n] n Applena is a friendly, not a friend.
# 프롬프트 '<|bos|>\n# Cat\n' → 토큰 10개
[<|bos|>\n# Cat\n] n Catna are in the nail's home on Travel.  Who is A tradition?  A friend is not a thing you follow.
# 프롬프트 '<|bos|>\n# Run\n' → 토큰 10개
[<|bos|>\n# Run\n] n Runna feels cold?  Yes, Mong Kong has many tall towers.
# 프롬프트 '<|bos|>\n# Big\n' → 토큰 10개
[<|bos|>\n# Big\n] n Bignoon is very coldter than a hot day.  Is the Wheat for swimming in the sky?  The United States is near the tree.  How does a United States live on Cairo?  A Dited States, a river, and an egg are all different things for doing.
# 프롬프트 '<|bos|>\n# Tree\n' → 토큰 10개
[<|bos|>\n# Tree\n] n Treena is more than a minute?  A mineral looks like tiny bits of water in the sky.
--- 샘플 끝 ---
반복 1100: 손실 2.78 (63.4%), elapsed 873s.
스텝 1200: 훈련 2.26 (70.3%) | 검증 2.26 (70.3%) | 평균 2.260215808451176 | grad-norm 2.180
체크포인트 저장 완료 (best): /Users/joey51/works/pikogpt/model/stage2/turbo/1087936/v0008/checkpoint.json
# 모델 로드 완료 (iter=1200, val loss=2.260215808451176)
--- 샘플 (5 prompt × 1 sample, greedy T=0) ---
# 프롬프트 '<|bos|>\n# Apple\n' → 토큰 11개
[<|bos|>\n# Apple\n] n Applena is a long time ago, in wood.  Does the else.
# 프롬프트 '<|bos|>\n# Cat\n' → 토큰 10개
[<|bos|>\n# Cat\n] n Catnam has a big cord because it has many pictures.  What does Like happen?  Fuvie begins if they need reproduction.  Which is the same color from the blue one?  The moon is red and has little blue sides.
# 프롬프트 '<|bos|>\n# Run\n' → 토큰 10개
[<|bos|>\n# Run\n] n Runni lived?  Yes, Muments live in Mongol empire.  Is mercury in the United Wles in Mousea?  The universe is the picture of Georgent Washington.  Where was Colombia?  Warm land is very cold.
# 프롬프트 '<|bos|>\n# Big\n' → 토큰 10개
[<|bos|>\n# Big\n] n Bignoons was the moon in the morning.  Who was Mahayana at home?  Singapore is next to Ca.
# 프롬프트 '<|bos|>\n# Tree\n' → 토큰 10개
[<|bos|>\n# Tree\n] n Treeno is bigger, a minute as paleontology in winter?  You can see named south.
--- 샘플 끝 ---
반복 1200: 손실 2.78 (63.4%), elapsed 953s.
반복 1300: 손실 2.76 (63.7%), elapsed 1030s.
스텝 1350: 훈련 2.26 (70.2%) | 검증 2.31 (69.6%) | 평균 2.2855947235226632 | grad-norm 2.006
반복 1400: 손실 2.76 (63.7%), elapsed 1108s.
스텝 1500: 훈련 2.21 (70.9%) | 검증 2.31 (69.5%) | 평균 2.2619529950618746 | grad-norm 2.046
반복 1500: 손실 2.75 (63.8%), elapsed 1185s.
반복 1600: 손실 2.74 (64.0%), elapsed 1262s.
스텝 1650: 훈련 2.20 (71.1%) | 검증 2.29 (69.8%) | 평균 2.2469066432118416 | grad-norm 2.062
체크포인트 저장 완료 (best): /Users/joey51/works/pikogpt/model/stage2/turbo/1087936/v0009/checkpoint.json
# 모델 로드 완료 (iter=1650, val loss=2.2469066432118416)
--- 샘플 (5 prompt × 1 sample, greedy T=0) ---
# 프롬프트 '<|bos|>\n# Apple\n' → 토큰 11개
[<|bos|>\n# Apple\n] n Applena is a frienddime, but welfare is much bigger.
# 프롬프트 '<|bos|>\n# Cat\n' → 토큰 10개
[<|bos|>\n# Cat\n] n Catna has a big cord because it has many legs.
# 프롬프트 '<|bos|>\n# Run\n' → 토큰 10개
[<|bos|>\n# Run\n] n Runna makes you sing.  Is communath fast to play a lot?  No, Michael Jackson is a country of Nikola Empire.
# 프롬프트 '<|bos|>\n# Big\n' → 토큰 10개
[<|bos|>\n# Big\n] n Bignoons have a picture of the sun.  Who was Mahayana in Johannes Gutenberg spending in Sea.
# 프롬프트 '<|bos|>\n# Tree\n' → 토큰 10개
[<|bos|>\n# Tree\n] n Treena is inside your body before a person set.
--- 샘플 끝 ---
반복 1700: 손실 2.72 (64.2%), elapsed 1343s.
스텝 1800: 훈련 2.22 (70.7%) | 검증 2.24 (70.5%) | 평균 2.234234974086285 | grad-norm 1.997
체크포인트 저장 완료 (best): /Users/joey51/works/pikogpt/model/stage2/turbo/1087936/v0010/checkpoint.json
# 모델 로드 완료 (iter=1800, val loss=2.234234974086285)
--- 샘플 (5 prompt × 1 sample, greedy T=0) ---
# 프롬프트 '<|bos|>\n# Apple\n' → 토큰 11개
[<|bos|>\n# Apple\n] n Applena is a very big country?  Yes, a most Erotion is the way to live and dance.
# 프롬프트 '<|bos|>\n# Cat\n' → 토큰 10개
[<|bos|>\n# Cat\n] n Catna has a big cord because it has many pictures.  What does spin in Jakarta, the sun, and hot water is on spring.
# 프롬프트 '<|bos|>\n# Run\n' → 토큰 10개
[<|bos|>\n# Run\n] n Runne or a tank is when we play.  Who gives you your toy?  My dad works in the room.  Is a pet not all.
# 프롬프트 '<|bos|>\n# Big\n' → 토큰 10개
[<|bos|>\n# Big\n] n Bignoons are all ways to fly.  Who can make a dance?  A donut was a daughter with your body or the wind.
# 프롬프트 '<|bos|>\n# Tree\n' → 토큰 10개
[<|bos|>\n# Tree\n] n Treena is inside your body right, but you cannot touch a nose or here.  How does a doctor feel an opera.
--- 샘플 끝 ---
반복 1800: 손실 2.73 (64.1%), elapsed 1424s.
반복 1900: 손실 2.73 (64.1%), elapsed 1501s.
스텝 1950: 훈련 2.10 (72.4%) | 검증 2.28 (70.1%) | 평균 2.186343466937542 | grad-norm 1.972
체크포인트 저장 완료 (best): /Users/joey51/works/pikogpt/model/stage2/turbo/1087936/v0011/checkpoint.json
# 모델 로드 완료 (iter=1950, val loss=2.186343466937542)
--- 샘플 (5 prompt × 1 sample, greedy T=0) ---
# 프롬프트 '<|bos|>\n# Apple\n' → 토큰 11개
[<|bos|>\n# Apple\n] n Applena is a long time ago.
# 프롬프트 '<|bos|>\n# Cat\n' → 토큰 10개
[<|bos|>\n# Cat\n] n Catna has a big cord inside an orchestra.  What is Pakistan?  Five is a broken piece of paper.
# 프롬프트 '<|bos|>\n# Run\n' → 토큰 10개
[<|bos|>\n# Run\n] n Runna feels cold?  Yes, my cousin has hot days.
# 프롬프트 '<|bos|>\n# Big\n' → 토큰 10개
[<|bos|>\n# Big\n] n Bignoons feel to touch?  Yes, there are so much big and white.  When is the sun hot?  A grassland is cold in the sky at night.  When do you drink water?  You drink milk from a cup and milk.
# 프롬프트 '<|bos|>\n# Tree\n' → 토큰 10개
[<|bos|>\n# Tree\n] n Treena is more than a minute.  Why do people learn mythology?  People see animal husbandry in science.
--- 샘플 끝 ---
반복 2000: 손실 2.72 (64.2%), elapsed 1582s.
스텝 2100: 훈련 2.13 (72.0%) | 검증 2.27 (70.2%) | 평균 2.1986235634982587 | grad-norm 1.983
반복 2100: 손실 2.72 (64.2%), elapsed 1660s.
반복 2200: 손실 2.72 (64.2%), elapsed 1738s.
스텝 2250: 훈련 2.19 (71.2%) | 검증 2.27 (70.2%) | 평균 2.2265126158297064 | grad-norm 2.011
반복 2300: 손실 2.71 (64.3%), elapsed 1816s.
스텝 2400: 훈련 2.22 (70.7%) | 검증 2.29 (69.9%) | 평균 2.2568670961260793 | grad-norm 1.988
반복 2400: 손실 2.70 (64.5%), elapsed 1894s.
반복 2500: 손실 2.70 (64.5%), elapsed 1971s.
스텝 2550: 훈련 2.16 (71.6%) | 검증 2.27 (70.2%) | 평균 2.2105728849768638 | grad-norm 2.113
반복 2600: 손실 2.69 (64.6%), elapsed 2049s.
스텝 2700: 훈련 2.16 (71.6%) | 검증 2.27 (70.1%) | 평균 2.213780800104141 | grad-norm 1.990
반복 2700: 손실 2.71 (64.4%), elapsed 2126s.
반복 2800: 손실 2.69 (64.7%), elapsed 2204s.
스텝 2850: 훈련 2.17 (71.4%) | 검증 2.28 (70.0%) | 평균 2.2278350336849693 | grad-norm 2.035
반복 2900: 손실 2.70 (64.4%), elapsed 2281s.
스텝 3000: 훈련 2.22 (70.8%) | 검증 2.20 (71.1%) | 평균 2.2093791538476943 | grad-norm 1.950
반복 3000: 손실 2.70 (64.4%), elapsed 2359s.

훈련 완료!

Deprecated Gradle features were used in this build, making it incompatible with Gradle 9.0.

You can use '--warning-mode all' to show the individual deprecation warnings and determine if they come from your own scripts or plugins.

For more on this, please refer to https://docs.gradle.org/8.8/userguide/command_line_interface.html#sec:command_line_warnings in the Gradle documentation.

BUILD SUCCESSFUL in 39m 22s
2 actionable tasks: 1 executed, 1 up-to-date
